================================================================
== Design Size Report
================================================================

* Total Instructions per Compilation Phase
+---------------+----------------------------+--------------+----------------------------------------------------------------------------------------+
| Phase         | Step                       | Instructions | Description                                                                            |
+---------------+----------------------------+--------------+----------------------------------------------------------------------------------------+
| Compile/Link  |                            | 156          | After all functions are compiled and linked into a single design                       |
|               |                            |              |                                                                                        |
| Unroll/Inline |                            |              | After user unroll and inline pragmas are applied                                       |
|               | (1) unroll                 | 222          | user unroll pragmas are applied                                                        |
|               | (2) simplification         | 167          | simplification of applied user unroll pragmas                                          |
|               | (3) inline                 | 121          | user inline pragmas are applied                                                        |
|               | (4) simplification         |  95          | simplification of applied user inline pragmas                                          |
|               |                            |              |                                                                                        |
| Array/Struct  |                            |              | After user array partition and struct aggregate/disaggregate pragmas are applied       |
|               | (1) array partition        |  81          | user array partition pragmas are applied                                               |
|               | (2) simplification         |  81          | simplification of applied user array partition & struct aggregate/disaggregate pragmas |
|               | (3) aggregate/disaggregate | 110          | user struct aggregate/disaggregate pragmas are applied                                 |
|               | (4) array reshape          | 102          | apply array reshape pragmas                                                            |
|               | (5) access patterns        | 104          | array access pattern optmizations                                                      |
|               |                            |              |                                                                                        |
| Performance   |                            |              | After transformations are applied to meet performance pragma targets                   |
|               | (1) loop simplification    |  90          | loop and instruction simplification                                                    |
|               | (2) parallelization        |  90          | loops are unrolled or pipelined to meet performance targets                            |
|               | (3) array partition        |  88          | arrays are partitioned to meet performance targets                                     |
|               | (4) simplification         |  88          | simplification of design after performance transformations                             |
|               |                            |              |                                                                                        |
| HW Transforms |                            |              | After hardware transfomations                                                          |
|               | (1) lowering               |  93          | initial conversion to HW specific instructions                                         |
|               | (2) optimizations          |  99          | high level synthesis optimizations                                                     |
+---------------+----------------------------+--------------+----------------------------------------------------------------------------------------+

* Instructions per Function for each Compilation Phase
+------------------------+--------------------+---------------+---------------+--------------+-------------+---------------+
| Function               | Location           | Compile/Link  | Unroll/Inline | Array/Struct | Performance | HW Transforms |
+------------------------+--------------------+---------------+---------------+--------------+-------------+---------------+
| + hngac_authorize      | hngac_kernel.cpp:6 | 156           | 95            | 104          | 88          | 99            |
|    test_bit            | hngac_types.hpp:53 |  38 (2 calls) |               |              |             |               |
|    contains_all        | hngac_types.hpp:62 |  43           |               |              |             |               |
|    contains_all_states | hngac_types.hpp:75 |   3           |               |              |             |               |
+------------------------+--------------------+---------------+---------------+--------------+-------------+---------------+

* Design Size Message Settings
+---------------------------------------------+--------+------------------------------------------------------------------+
| Message Setting                             | Value  | Description                                                      |
+---------------------------------------------+--------+------------------------------------------------------------------+
| config_compile -design_size_maximum_warning | 100000 | Show a warning when total design instructions exceeds this value |
+---------------------------------------------+--------+------------------------------------------------------------------+


