Copyright 1986-2022 Xilinx, Inc. All Rights Reserved. Copyright 2022-2025 Advanced Micro Devices, Inc. All Rights Reserved.
--------------------------------------------------------------------------------------------------------------------------------------------------
| Tool Version      : Vivado v.2025.2 (lin64) Build 6299465 Fri Nov 14 12:34:56 MST 2025
| Date              : Sun Apr 19 00:30:22 2026
| Host              : ip-172-31-89-13 running 64-bit Ubuntu 24.04.1 LTS
| Command           : report_timing -max_paths 10 -file ./report/hngac_authorize_timing_paths_routed.rpt
| Design            : bd_0_wrapper
| Device            : xcvu47p-fsvh2892
| Speed File        : -2L  PRODUCTION 1.30 05-01-2022
| Design State      : Routed
| Temperature Grade : E
--------------------------------------------------------------------------------------------------------------------------------------------------

Timing Report

Slack (MET) :             2.170ns  (required time - arrival time)
  Source:                 bd_0_i/hls_inst/inst/grp_hngac_authorize_Pipeline_VITIS_LOOP_22_1_fu_137/zext_ln22_cast_reg_411_reg[7]/C
                            (rising edge-triggered cell FDRE clocked by ap_clk  {rise@0.000ns fall@2.500ns period=5.000ns})
  Destination:            bd_0_i/hls_inst/inst/grp_hngac_authorize_Pipeline_VITIS_LOOP_22_1_fu_137/i_fu_90_reg[1]/CE
                            (rising edge-triggered cell FDRE clocked by ap_clk  {rise@0.000ns fall@2.500ns period=5.000ns})
  Path Group:             ap_clk
  Path Type:              Setup (Max at Slow Process Corner)
  Requirement:            5.000ns  (ap_clk rise@5.000ns - ap_clk rise@0.000ns)
  Data Path Delay:        2.724ns  (logic 0.752ns (27.604%)  route 1.972ns (72.396%))
  Logic Levels:           7  (LUT2=1 LUT4=1 LUT6=5)
  Clock Path Skew:        -0.010ns (DCD - SCD + CPR)
    Destination Clock Delay (DCD):    0.020ns = ( 5.020 - 5.000 ) 
    Source Clock Delay      (SCD):    0.030ns
    Clock Pessimism Removal (CPR):    0.000ns
  Clock Uncertainty:      0.035ns  ((TSJ^2 + TIJ^2)^1/2 + DJ) / 2 + PE
    Total System Jitter     (TSJ):    0.071ns
    Total Input Jitter      (TIJ):    0.000ns
    Discrete Jitter          (DJ):    0.000ns
    Phase Error              (PE):    0.000ns

    Location             Delay type                Incr(ns)  Path(ns)    Netlist Resource(s)
  -------------------------------------------------------------------    -------------------
                         (clock ap_clk rise edge)     0.000     0.000 r  
                                                      0.000     0.000 r  ap_clk (IN)
                         net (fo=941, unset)          0.030     0.030    bd_0_i/hls_inst/inst/grp_hngac_authorize_Pipeline_VITIS_LOOP_22_1_fu_137/ap_clk
    SLICE_X167Y176       FDRE                                         r  bd_0_i/hls_inst/inst/grp_hngac_authorize_Pipeline_VITIS_LOOP_22_1_fu_137/zext_ln22_cast_reg_411_reg[7]/C
  -------------------------------------------------------------------    -------------------
    SLICE_X167Y176       FDRE (Prop_CFF_SLICEM_C_Q)
                                                      0.078     0.108 r  bd_0_i/hls_inst/inst/grp_hngac_authorize_Pipeline_VITIS_LOOP_22_1_fu_137/zext_ln22_cast_reg_411_reg[7]/Q
                         net (fo=64, routed)          0.551     0.659    bd_0_i/hls_inst/inst/grp_hngac_authorize_Pipeline_VITIS_LOOP_22_1_fu_137/flow_control_loop_pipe_sequential_init_U/ap_return_preg[0]_i_75_0[1]
    SLICE_X168Y187       LUT6 (Prop_G6LUT_SLICEL_I2_O)
                                                      0.097     0.756 f  bd_0_i/hls_inst/inst/grp_hngac_authorize_Pipeline_VITIS_LOOP_22_1_fu_137/flow_control_loop_pipe_sequential_init_U/ap_return_preg[0]_i_120/O
                         net (fo=1, routed)           0.044     0.800    bd_0_i/hls_inst/inst/grp_hngac_authorize_Pipeline_VITIS_LOOP_22_1_fu_137/flow_control_loop_pipe_sequential_init_U/ap_return_preg[0]_i_120_n_0
    SLICE_X168Y187       LUT4 (Prop_F6LUT_SLICEL_I2_O)
                                                      0.097     0.897 f  bd_0_i/hls_inst/inst/grp_hngac_authorize_Pipeline_VITIS_LOOP_22_1_fu_137/flow_control_loop_pipe_sequential_init_U/ap_return_preg[0]_i_52/O
                         net (fo=1, routed)           0.255     1.152    bd_0_i/hls_inst/inst/grp_hngac_authorize_Pipeline_VITIS_LOOP_22_1_fu_137/flow_control_loop_pipe_sequential_init_U/ap_return_preg[0]_i_52_n_0
    SLICE_X171Y186       LUT6 (Prop_G6LUT_SLICEM_I5_O)
                                                      0.123     1.275 f  bd_0_i/hls_inst/inst/grp_hngac_authorize_Pipeline_VITIS_LOOP_22_1_fu_137/flow_control_loop_pipe_sequential_init_U/ap_return_preg[0]_i_14/O
                         net (fo=1, routed)           0.212     1.487    bd_0_i/hls_inst/inst/grp_hngac_authorize_Pipeline_VITIS_LOOP_22_1_fu_137/flow_control_loop_pipe_sequential_init_U/ap_return_preg[0]_i_14_n_0
    SLICE_X168Y186       LUT6 (Prop_C6LUT_SLICEL_I2_O)
                                                      0.050     1.537 f  bd_0_i/hls_inst/inst/grp_hngac_authorize_Pipeline_VITIS_LOOP_22_1_fu_137/flow_control_loop_pipe_sequential_init_U/ap_return_preg[0]_i_5/O
                         net (fo=1, routed)           0.089     1.626    bd_0_i/hls_inst/inst/grp_hngac_authorize_Pipeline_VITIS_LOOP_22_1_fu_137/flow_control_loop_pipe_sequential_init_U/ap_return_preg[0]_i_5_n_0
    SLICE_X168Y186       LUT6 (Prop_H6LUT_SLICEL_I2_O)
                                                      0.090     1.716 f  bd_0_i/hls_inst/inst/grp_hngac_authorize_Pipeline_VITIS_LOOP_22_1_fu_137/flow_control_loop_pipe_sequential_init_U/ap_return_preg[0]_i_2/O
                         net (fo=4, routed)           0.383     2.099    bd_0_i/hls_inst/inst/grp_hngac_authorize_Pipeline_VITIS_LOOP_22_1_fu_137/flow_control_loop_pipe_sequential_init_U_n_7
    SLICE_X166Y174       LUT6 (Prop_C6LUT_SLICEM_I4_O)
                                                      0.051     2.150 f  bd_0_i/hls_inst/inst/grp_hngac_authorize_Pipeline_VITIS_LOOP_22_1_fu_137/i_fu_90[9]_i_3/O
                         net (fo=1, routed)           0.059     2.209    bd_0_i/hls_inst/inst/grp_hngac_authorize_Pipeline_VITIS_LOOP_22_1_fu_137/i_fu_90[9]_i_3_n_0
    SLICE_X166Y174       LUT2 (Prop_F5LUT_SLICEM_I1_O)
                                                      0.166     2.375 r  bd_0_i/hls_inst/inst/grp_hngac_authorize_Pipeline_VITIS_LOOP_22_1_fu_137/i_fu_90[9]_i_2/O
                         net (fo=10, routed)          0.379     2.754    bd_0_i/hls_inst/inst/grp_hngac_authorize_Pipeline_VITIS_LOOP_22_1_fu_137/i_fu_9006_out
    SLICE_X165Y172       FDRE                                         r  bd_0_i/hls_inst/inst/grp_hngac_authorize_Pipeline_VITIS_LOOP_22_1_fu_137/i_fu_90_reg[1]/CE
  -------------------------------------------------------------------    -------------------

                         (clock ap_clk rise edge)     5.000     5.000 r  
                                                      0.000     5.000 r  ap_clk (IN)
                         net (fo=941, unset)          0.020     5.020    bd_0_i/hls_inst/inst/grp_hngac_authorize_Pipeline_VITIS_LOOP_22_1_fu_137/ap_clk
    SLICE_X165Y172       FDRE                                         r  bd_0_i/hls_inst/inst/grp_hngac_authorize_Pipeline_VITIS_LOOP_22_1_fu_137/i_fu_90_reg[1]/C
                         clock pessimism              0.000     5.020    
                         clock uncertainty           -0.035     4.985    
    SLICE_X165Y172       FDRE (Setup_EFF2_SLICEL_C_CE)
                                                     -0.060     4.925    bd_0_i/hls_inst/inst/grp_hngac_authorize_Pipeline_VITIS_LOOP_22_1_fu_137/i_fu_90_reg[1]
  -------------------------------------------------------------------
                         required time                          4.925    
                         arrival time                          -2.754    
  -------------------------------------------------------------------
                         slack                                  2.170    

Slack (MET) :             2.170ns  (required time - arrival time)
  Source:                 bd_0_i/hls_inst/inst/grp_hngac_authorize_Pipeline_VITIS_LOOP_22_1_fu_137/zext_ln22_cast_reg_411_reg[7]/C
                            (rising edge-triggered cell FDRE clocked by ap_clk  {rise@0.000ns fall@2.500ns period=5.000ns})
  Destination:            bd_0_i/hls_inst/inst/grp_hngac_authorize_Pipeline_VITIS_LOOP_22_1_fu_137/i_fu_90_reg[3]/CE
                            (rising edge-triggered cell FDRE clocked by ap_clk  {rise@0.000ns fall@2.500ns period=5.000ns})
  Path Group:             ap_clk
  Path Type:              Setup (Max at Slow Process Corner)
  Requirement:            5.000ns  (ap_clk rise@5.000ns - ap_clk rise@0.000ns)
  Data Path Delay:        2.724ns  (logic 0.752ns (27.604%)  route 1.972ns (72.396%))
  Logic Levels:           7  (LUT2=1 LUT4=1 LUT6=5)
  Clock Path Skew:        -0.010ns (DCD - SCD + CPR)
    Destination Clock Delay (DCD):    0.020ns = ( 5.020 - 5.000 ) 
    Source Clock Delay      (SCD):    0.030ns
    Clock Pessimism Removal (CPR):    0.000ns
  Clock Uncertainty:      0.035ns  ((TSJ^2 + TIJ^2)^1/2 + DJ) / 2 + PE
    Total System Jitter     (TSJ):    0.071ns
    Total Input Jitter      (TIJ):    0.000ns
    Discrete Jitter          (DJ):    0.000ns
    Phase Error              (PE):    0.000ns

    Location             Delay type                Incr(ns)  Path(ns)    Netlist Resource(s)
  -------------------------------------------------------------------    -------------------
                         (clock ap_clk rise edge)     0.000     0.000 r  
                                                      0.000     0.000 r  ap_clk (IN)
                         net (fo=941, unset)          0.030     0.030    bd_0_i/hls_inst/inst/grp_hngac_authorize_Pipeline_VITIS_LOOP_22_1_fu_137/ap_clk
    SLICE_X167Y176       FDRE                                         r  bd_0_i/hls_inst/inst/grp_hngac_authorize_Pipeline_VITIS_LOOP_22_1_fu_137/zext_ln22_cast_reg_411_reg[7]/C
  -------------------------------------------------------------------    -------------------
    SLICE_X167Y176       FDRE (Prop_CFF_SLICEM_C_Q)
                                                      0.078     0.108 r  bd_0_i/hls_inst/inst/grp_hngac_authorize_Pipeline_VITIS_LOOP_22_1_fu_137/zext_ln22_cast_reg_411_reg[7]/Q
                         net (fo=64, routed)          0.551     0.659    bd_0_i/hls_inst/inst/grp_hngac_authorize_Pipeline_VITIS_LOOP_22_1_fu_137/flow_control_loop_pipe_sequential_init_U/ap_return_preg[0]_i_75_0[1]
    SLICE_X168Y187       LUT6 (Prop_G6LUT_SLICEL_I2_O)
                                                      0.097     0.756 f  bd_0_i/hls_inst/inst/grp_hngac_authorize_Pipeline_VITIS_LOOP_22_1_fu_137/flow_control_loop_pipe_sequential_init_U/ap_return_preg[0]_i_120/O
                         net (fo=1, routed)           0.044     0.800    bd_0_i/hls_inst/inst/grp_hngac_authorize_Pipeline_VITIS_LOOP_22_1_fu_137/flow_control_loop_pipe_sequential_init_U/ap_return_preg[0]_i_120_n_0
    SLICE_X168Y187       LUT4 (Prop_F6LUT_SLICEL_I2_O)
                                                      0.097     0.897 f  bd_0_i/hls_inst/inst/grp_hngac_authorize_Pipeline_VITIS_LOOP_22_1_fu_137/flow_control_loop_pipe_sequential_init_U/ap_return_preg[0]_i_52/O
                         net (fo=1, routed)           0.255     1.152    bd_0_i/hls_inst/inst/grp_hngac_authorize_Pipeline_VITIS_LOOP_22_1_fu_137/flow_control_loop_pipe_sequential_init_U/ap_return_preg[0]_i_52_n_0
    SLICE_X171Y186       LUT6 (Prop_G6LUT_SLICEM_I5_O)
                                                      0.123     1.275 f  bd_0_i/hls_inst/inst/grp_hngac_authorize_Pipeline_VITIS_LOOP_22_1_fu_137/flow_control_loop_pipe_sequential_init_U/ap_return_preg[0]_i_14/O
                         net (fo=1, routed)           0.212     1.487    bd_0_i/hls_inst/inst/grp_hngac_authorize_Pipeline_VITIS_LOOP_22_1_fu_137/flow_control_loop_pipe_sequential_init_U/ap_return_preg[0]_i_14_n_0
    SLICE_X168Y186       LUT6 (Prop_C6LUT_SLICEL_I2_O)
                                                      0.050     1.537 f  bd_0_i/hls_inst/inst/grp_hngac_authorize_Pipeline_VITIS_LOOP_22_1_fu_137/flow_control_loop_pipe_sequential_init_U/ap_return_preg[0]_i_5/O
                         net (fo=1, routed)           0.089     1.626    bd_0_i/hls_inst/inst/grp_hngac_authorize_Pipeline_VITIS_LOOP_22_1_fu_137/flow_control_loop_pipe_sequential_init_U/ap_return_preg[0]_i_5_n_0
    SLICE_X168Y186       LUT6 (Prop_H6LUT_SLICEL_I2_O)
                                                      0.090     1.716 f  bd_0_i/hls_inst/inst/grp_hngac_authorize_Pipeline_VITIS_LOOP_22_1_fu_137/flow_control_loop_pipe_sequential_init_U/ap_return_preg[0]_i_2/O
                         net (fo=4, routed)           0.383     2.099    bd_0_i/hls_inst/inst/grp_hngac_authorize_Pipeline_VITIS_LOOP_22_1_fu_137/flow_control_loop_pipe_sequential_init_U_n_7
    SLICE_X166Y174       LUT6 (Prop_C6LUT_SLICEM_I4_O)
                                                      0.051     2.150 f  bd_0_i/hls_inst/inst/grp_hngac_authorize_Pipeline_VITIS_LOOP_22_1_fu_137/i_fu_90[9]_i_3/O
                         net (fo=1, routed)           0.059     2.209    bd_0_i/hls_inst/inst/grp_hngac_authorize_Pipeline_VITIS_LOOP_22_1_fu_137/i_fu_90[9]_i_3_n_0
    SLICE_X166Y174       LUT2 (Prop_F5LUT_SLICEM_I1_O)
                                                      0.166     2.375 r  bd_0_i/hls_inst/inst/grp_hngac_authorize_Pipeline_VITIS_LOOP_22_1_fu_137/i_fu_90[9]_i_2/O
                         net (fo=10, routed)          0.379     2.754    bd_0_i/hls_inst/inst/grp_hngac_authorize_Pipeline_VITIS_LOOP_22_1_fu_137/i_fu_9006_out
    SLICE_X165Y172       FDRE                                         r  bd_0_i/hls_inst/inst/grp_hngac_authorize_Pipeline_VITIS_LOOP_22_1_fu_137/i_fu_90_reg[3]/CE
  -------------------------------------------------------------------    -------------------

                         (clock ap_clk rise edge)     5.000     5.000 r  
                                                      0.000     5.000 r  ap_clk (IN)
                         net (fo=941, unset)          0.020     5.020    bd_0_i/hls_inst/inst/grp_hngac_authorize_Pipeline_VITIS_LOOP_22_1_fu_137/ap_clk
    SLICE_X165Y172       FDRE                                         r  bd_0_i/hls_inst/inst/grp_hngac_authorize_Pipeline_VITIS_LOOP_22_1_fu_137/i_fu_90_reg[3]/C
                         clock pessimism              0.000     5.020    
                         clock uncertainty           -0.035     4.985    
    SLICE_X165Y172       FDRE (Setup_FFF2_SLICEL_C_CE)
                                                     -0.060     4.925    bd_0_i/hls_inst/inst/grp_hngac_authorize_Pipeline_VITIS_LOOP_22_1_fu_137/i_fu_90_reg[3]
  -------------------------------------------------------------------
                         required time                          4.925    
                         arrival time                          -2.754    
  -------------------------------------------------------------------
                         slack                                  2.170    

Slack (MET) :             2.172ns  (required time - arrival time)
  Source:                 bd_0_i/hls_inst/inst/grp_hngac_authorize_Pipeline_VITIS_LOOP_22_1_fu_137/zext_ln22_cast_reg_411_reg[7]/C
                            (rising edge-triggered cell FDRE clocked by ap_clk  {rise@0.000ns fall@2.500ns period=5.000ns})
  Destination:            bd_0_i/hls_inst/inst/grp_hngac_authorize_Pipeline_VITIS_LOOP_22_1_fu_137/i_fu_90_reg[0]/CE
                            (rising edge-triggered cell FDRE clocked by ap_clk  {rise@0.000ns fall@2.500ns period=5.000ns})
  Path Group:             ap_clk
  Path Type:              Setup (Max at Slow Process Corner)
  Requirement:            5.000ns  (ap_clk rise@5.000ns - ap_clk rise@0.000ns)
  Data Path Delay:        2.722ns  (logic 0.752ns (27.624%)  route 1.970ns (72.376%))
  Logic Levels:           7  (LUT2=1 LUT4=1 LUT6=5)
  Clock Path Skew:        -0.010ns (DCD - SCD + CPR)
    Destination Clock Delay (DCD):    0.020ns = ( 5.020 - 5.000 ) 
    Source Clock Delay      (SCD):    0.030ns
    Clock Pessimism Removal (CPR):    0.000ns
  Clock Uncertainty:      0.035ns  ((TSJ^2 + TIJ^2)^1/2 + DJ) / 2 + PE
    Total System Jitter     (TSJ):    0.071ns
    Total Input Jitter      (TIJ):    0.000ns
    Discrete Jitter          (DJ):    0.000ns
    Phase Error              (PE):    0.000ns

    Location             Delay type                Incr(ns)  Path(ns)    Netlist Resource(s)
  -------------------------------------------------------------------    -------------------
                         (clock ap_clk rise edge)     0.000     0.000 r  
                                                      0.000     0.000 r  ap_clk (IN)
                         net (fo=941, unset)          0.030     0.030    bd_0_i/hls_inst/inst/grp_hngac_authorize_Pipeline_VITIS_LOOP_22_1_fu_137/ap_clk
    SLICE_X167Y176       FDRE                                         r  bd_0_i/hls_inst/inst/grp_hngac_authorize_Pipeline_VITIS_LOOP_22_1_fu_137/zext_ln22_cast_reg_411_reg[7]/C
  -------------------------------------------------------------------    -------------------
    SLICE_X167Y176       FDRE (Prop_CFF_SLICEM_C_Q)
                                                      0.078     0.108 r  bd_0_i/hls_inst/inst/grp_hngac_authorize_Pipeline_VITIS_LOOP_22_1_fu_137/zext_ln22_cast_reg_411_reg[7]/Q
                         net (fo=64, routed)          0.551     0.659    bd_0_i/hls_inst/inst/grp_hngac_authorize_Pipeline_VITIS_LOOP_22_1_fu_137/flow_control_loop_pipe_sequential_init_U/ap_return_preg[0]_i_75_0[1]
    SLICE_X168Y187       LUT6 (Prop_G6LUT_SLICEL_I2_O)
                                                      0.097     0.756 f  bd_0_i/hls_inst/inst/grp_hngac_authorize_Pipeline_VITIS_LOOP_22_1_fu_137/flow_control_loop_pipe_sequential_init_U/ap_return_preg[0]_i_120/O
                         net (fo=1, routed)           0.044     0.800    bd_0_i/hls_inst/inst/grp_hngac_authorize_Pipeline_VITIS_LOOP_22_1_fu_137/flow_control_loop_pipe_sequential_init_U/ap_return_preg[0]_i_120_n_0
    SLICE_X168Y187       LUT4 (Prop_F6LUT_SLICEL_I2_O)
                                                      0.097     0.897 f  bd_0_i/hls_inst/inst/grp_hngac_authorize_Pipeline_VITIS_LOOP_22_1_fu_137/flow_control_loop_pipe_sequential_init_U/ap_return_preg[0]_i_52/O
                         net (fo=1, routed)           0.255     1.152    bd_0_i/hls_inst/inst/grp_hngac_authorize_Pipeline_VITIS_LOOP_22_1_fu_137/flow_control_loop_pipe_sequential_init_U/ap_return_preg[0]_i_52_n_0
    SLICE_X171Y186       LUT6 (Prop_G6LUT_SLICEM_I5_O)
                                                      0.123     1.275 f  bd_0_i/hls_inst/inst/grp_hngac_authorize_Pipeline_VITIS_LOOP_22_1_fu_137/flow_control_loop_pipe_sequential_init_U/ap_return_preg[0]_i_14/O
                         net (fo=1, routed)           0.212     1.487    bd_0_i/hls_inst/inst/grp_hngac_authorize_Pipeline_VITIS_LOOP_22_1_fu_137/flow_control_loop_pipe_sequential_init_U/ap_return_preg[0]_i_14_n_0
    SLICE_X168Y186       LUT6 (Prop_C6LUT_SLICEL_I2_O)
                                                      0.050     1.537 f  bd_0_i/hls_inst/inst/grp_hngac_authorize_Pipeline_VITIS_LOOP_22_1_fu_137/flow_control_loop_pipe_sequential_init_U/ap_return_preg[0]_i_5/O
                         net (fo=1, routed)           0.089     1.626    bd_0_i/hls_inst/inst/grp_hngac_authorize_Pipeline_VITIS_LOOP_22_1_fu_137/flow_control_loop_pipe_sequential_init_U/ap_return_preg[0]_i_5_n_0
    SLICE_X168Y186       LUT6 (Prop_H6LUT_SLICEL_I2_O)
                                                      0.090     1.716 f  bd_0_i/hls_inst/inst/grp_hngac_authorize_Pipeline_VITIS_LOOP_22_1_fu_137/flow_control_loop_pipe_sequential_init_U/ap_return_preg[0]_i_2/O
                         net (fo=4, routed)           0.383     2.099    bd_0_i/hls_inst/inst/grp_hngac_authorize_Pipeline_VITIS_LOOP_22_1_fu_137/flow_control_loop_pipe_sequential_init_U_n_7
    SLICE_X166Y174       LUT6 (Prop_C6LUT_SLICEM_I4_O)
                                                      0.051     2.150 f  bd_0_i/hls_inst/inst/grp_hngac_authorize_Pipeline_VITIS_LOOP_22_1_fu_137/i_fu_90[9]_i_3/O
                         net (fo=1, routed)           0.059     2.209    bd_0_i/hls_inst/inst/grp_hngac_authorize_Pipeline_VITIS_LOOP_22_1_fu_137/i_fu_90[9]_i_3_n_0
    SLICE_X166Y174       LUT2 (Prop_F5LUT_SLICEM_I1_O)
                                                      0.166     2.375 r  bd_0_i/hls_inst/inst/grp_hngac_authorize_Pipeline_VITIS_LOOP_22_1_fu_137/i_fu_90[9]_i_2/O
                         net (fo=10, routed)          0.377     2.752    bd_0_i/hls_inst/inst/grp_hngac_authorize_Pipeline_VITIS_LOOP_22_1_fu_137/i_fu_9006_out
    SLICE_X165Y172       FDRE                                         r  bd_0_i/hls_inst/inst/grp_hngac_authorize_Pipeline_VITIS_LOOP_22_1_fu_137/i_fu_90_reg[0]/CE
  -------------------------------------------------------------------    -------------------

                         (clock ap_clk rise edge)     5.000     5.000 r  
                                                      0.000     5.000 r  ap_clk (IN)
                         net (fo=941, unset)          0.020     5.020    bd_0_i/hls_inst/inst/grp_hngac_authorize_Pipeline_VITIS_LOOP_22_1_fu_137/ap_clk
    SLICE_X165Y172       FDRE                                         r  bd_0_i/hls_inst/inst/grp_hngac_authorize_Pipeline_VITIS_LOOP_22_1_fu_137/i_fu_90_reg[0]/C
                         clock pessimism              0.000     5.020    
                         clock uncertainty           -0.035     4.985    
    SLICE_X165Y172       FDRE (Setup_EFF_SLICEL_C_CE)
                                                     -0.060     4.925    bd_0_i/hls_inst/inst/grp_hngac_authorize_Pipeline_VITIS_LOOP_22_1_fu_137/i_fu_90_reg[0]
  -------------------------------------------------------------------
                         required time                          4.925    
                         arrival time                          -2.752    
  -------------------------------------------------------------------
                         slack                                  2.172    

Slack (MET) :             2.172ns  (required time - arrival time)
  Source:                 bd_0_i/hls_inst/inst/grp_hngac_authorize_Pipeline_VITIS_LOOP_22_1_fu_137/zext_ln22_cast_reg_411_reg[7]/C
                            (rising edge-triggered cell FDRE clocked by ap_clk  {rise@0.000ns fall@2.500ns period=5.000ns})
  Destination:            bd_0_i/hls_inst/inst/grp_hngac_authorize_Pipeline_VITIS_LOOP_22_1_fu_137/i_fu_90_reg[2]/CE
                            (rising edge-triggered cell FDRE clocked by ap_clk  {rise@0.000ns fall@2.500ns period=5.000ns})
  Path Group:             ap_clk
  Path Type:              Setup (Max at Slow Process Corner)
  Requirement:            5.000ns  (ap_clk rise@5.000ns - ap_clk rise@0.000ns)
  Data Path Delay:        2.722ns  (logic 0.752ns (27.624%)  route 1.970ns (72.376%))
  Logic Levels:           7  (LUT2=1 LUT4=1 LUT6=5)
  Clock Path Skew:        -0.010ns (DCD - SCD + CPR)
    Destination Clock Delay (DCD):    0.020ns = ( 5.020 - 5.000 ) 
    Source Clock Delay      (SCD):    0.030ns
    Clock Pessimism Removal (CPR):    0.000ns
  Clock Uncertainty:      0.035ns  ((TSJ^2 + TIJ^2)^1/2 + DJ) / 2 + PE
    Total System Jitter     (TSJ):    0.071ns
    Total Input Jitter      (TIJ):    0.000ns
    Discrete Jitter          (DJ):    0.000ns
    Phase Error              (PE):    0.000ns

    Location             Delay type                Incr(ns)  Path(ns)    Netlist Resource(s)
  -------------------------------------------------------------------    -------------------
                         (clock ap_clk rise edge)     0.000     0.000 r  
                                                      0.000     0.000 r  ap_clk (IN)
                         net (fo=941, unset)          0.030     0.030    bd_0_i/hls_inst/inst/grp_hngac_authorize_Pipeline_VITIS_LOOP_22_1_fu_137/ap_clk
    SLICE_X167Y176       FDRE                                         r  bd_0_i/hls_inst/inst/grp_hngac_authorize_Pipeline_VITIS_LOOP_22_1_fu_137/zext_ln22_cast_reg_411_reg[7]/C
  -------------------------------------------------------------------    -------------------
    SLICE_X167Y176       FDRE (Prop_CFF_SLICEM_C_Q)
                                                      0.078     0.108 r  bd_0_i/hls_inst/inst/grp_hngac_authorize_Pipeline_VITIS_LOOP_22_1_fu_137/zext_ln22_cast_reg_411_reg[7]/Q
                         net (fo=64, routed)          0.551     0.659    bd_0_i/hls_inst/inst/grp_hngac_authorize_Pipeline_VITIS_LOOP_22_1_fu_137/flow_control_loop_pipe_sequential_init_U/ap_return_preg[0]_i_75_0[1]
    SLICE_X168Y187       LUT6 (Prop_G6LUT_SLICEL_I2_O)
                                                      0.097     0.756 f  bd_0_i/hls_inst/inst/grp_hngac_authorize_Pipeline_VITIS_LOOP_22_1_fu_137/flow_control_loop_pipe_sequential_init_U/ap_return_preg[0]_i_120/O
                         net (fo=1, routed)           0.044     0.800    bd_0_i/hls_inst/inst/grp_hngac_authorize_Pipeline_VITIS_LOOP_22_1_fu_137/flow_control_loop_pipe_sequential_init_U/ap_return_preg[0]_i_120_n_0
    SLICE_X168Y187       LUT4 (Prop_F6LUT_SLICEL_I2_O)
                                                      0.097     0.897 f  bd_0_i/hls_inst/inst/grp_hngac_authorize_Pipeline_VITIS_LOOP_22_1_fu_137/flow_control_loop_pipe_sequential_init_U/ap_return_preg[0]_i_52/O
                         net (fo=1, routed)           0.255     1.152    bd_0_i/hls_inst/inst/grp_hngac_authorize_Pipeline_VITIS_LOOP_22_1_fu_137/flow_control_loop_pipe_sequential_init_U/ap_return_preg[0]_i_52_n_0
    SLICE_X171Y186       LUT6 (Prop_G6LUT_SLICEM_I5_O)
                                                      0.123     1.275 f  bd_0_i/hls_inst/inst/grp_hngac_authorize_Pipeline_VITIS_LOOP_22_1_fu_137/flow_control_loop_pipe_sequential_init_U/ap_return_preg[0]_i_14/O
                         net (fo=1, routed)           0.212     1.487    bd_0_i/hls_inst/inst/grp_hngac_authorize_Pipeline_VITIS_LOOP_22_1_fu_137/flow_control_loop_pipe_sequential_init_U/ap_return_preg[0]_i_14_n_0
    SLICE_X168Y186       LUT6 (Prop_C6LUT_SLICEL_I2_O)
                                                      0.050     1.537 f  bd_0_i/hls_inst/inst/grp_hngac_authorize_Pipeline_VITIS_LOOP_22_1_fu_137/flow_control_loop_pipe_sequential_init_U/ap_return_preg[0]_i_5/O
                         net (fo=1, routed)           0.089     1.626    bd_0_i/hls_inst/inst/grp_hngac_authorize_Pipeline_VITIS_LOOP_22_1_fu_137/flow_control_loop_pipe_sequential_init_U/ap_return_preg[0]_i_5_n_0
    SLICE_X168Y186       LUT6 (Prop_H6LUT_SLICEL_I2_O)
                                                      0.090     1.716 f  bd_0_i/hls_inst/inst/grp_hngac_authorize_Pipeline_VITIS_LOOP_22_1_fu_137/flow_control_loop_pipe_sequential_init_U/ap_return_preg[0]_i_2/O
                         net (fo=4, routed)           0.383     2.099    bd_0_i/hls_inst/inst/grp_hngac_authorize_Pipeline_VITIS_LOOP_22_1_fu_137/flow_control_loop_pipe_sequential_init_U_n_7
    SLICE_X166Y174       LUT6 (Prop_C6LUT_SLICEM_I4_O)
                                                      0.051     2.150 f  bd_0_i/hls_inst/inst/grp_hngac_authorize_Pipeline_VITIS_LOOP_22_1_fu_137/i_fu_90[9]_i_3/O
                         net (fo=1, routed)           0.059     2.209    bd_0_i/hls_inst/inst/grp_hngac_authorize_Pipeline_VITIS_LOOP_22_1_fu_137/i_fu_90[9]_i_3_n_0
    SLICE_X166Y174       LUT2 (Prop_F5LUT_SLICEM_I1_O)
                                                      0.166     2.375 r  bd_0_i/hls_inst/inst/grp_hngac_authorize_Pipeline_VITIS_LOOP_22_1_fu_137/i_fu_90[9]_i_2/O
                         net (fo=10, routed)          0.377     2.752    bd_0_i/hls_inst/inst/grp_hngac_authorize_Pipeline_VITIS_LOOP_22_1_fu_137/i_fu_9006_out
    SLICE_X165Y172       FDRE                                         r  bd_0_i/hls_inst/inst/grp_hngac_authorize_Pipeline_VITIS_LOOP_22_1_fu_137/i_fu_90_reg[2]/CE
  -------------------------------------------------------------------    -------------------

                         (clock ap_clk rise edge)     5.000     5.000 r  
                                                      0.000     5.000 r  ap_clk (IN)
                         net (fo=941, unset)          0.020     5.020    bd_0_i/hls_inst/inst/grp_hngac_authorize_Pipeline_VITIS_LOOP_22_1_fu_137/ap_clk
    SLICE_X165Y172       FDRE                                         r  bd_0_i/hls_inst/inst/grp_hngac_authorize_Pipeline_VITIS_LOOP_22_1_fu_137/i_fu_90_reg[2]/C
                         clock pessimism              0.000     5.020    
                         clock uncertainty           -0.035     4.985    
    SLICE_X165Y172       FDRE (Setup_FFF_SLICEL_C_CE)
                                                     -0.060     4.925    bd_0_i/hls_inst/inst/grp_hngac_authorize_Pipeline_VITIS_LOOP_22_1_fu_137/i_fu_90_reg[2]
  -------------------------------------------------------------------
                         required time                          4.925    
                         arrival time                          -2.752    
  -------------------------------------------------------------------
                         slack                                  2.172    

Slack (MET) :             2.172ns  (required time - arrival time)
  Source:                 bd_0_i/hls_inst/inst/grp_hngac_authorize_Pipeline_VITIS_LOOP_22_1_fu_137/zext_ln22_cast_reg_411_reg[7]/C
                            (rising edge-triggered cell FDRE clocked by ap_clk  {rise@0.000ns fall@2.500ns period=5.000ns})
  Destination:            bd_0_i/hls_inst/inst/grp_hngac_authorize_Pipeline_VITIS_LOOP_22_1_fu_137/i_fu_90_reg[4]/CE
                            (rising edge-triggered cell FDRE clocked by ap_clk  {rise@0.000ns fall@2.500ns period=5.000ns})
  Path Group:             ap_clk
  Path Type:              Setup (Max at Slow Process Corner)
  Requirement:            5.000ns  (ap_clk rise@5.000ns - ap_clk rise@0.000ns)
  Data Path Delay:        2.722ns  (logic 0.752ns (27.624%)  route 1.970ns (72.376%))
  Logic Levels:           7  (LUT2=1 LUT4=1 LUT6=5)
  Clock Path Skew:        -0.010ns (DCD - SCD + CPR)
    Destination Clock Delay (DCD):    0.020ns = ( 5.020 - 5.000 ) 
    Source Clock Delay      (SCD):    0.030ns
    Clock Pessimism Removal (CPR):    0.000ns
  Clock Uncertainty:      0.035ns  ((TSJ^2 + TIJ^2)^1/2 + DJ) / 2 + PE
    Total System Jitter     (TSJ):    0.071ns
    Total Input Jitter      (TIJ):    0.000ns
    Discrete Jitter          (DJ):    0.000ns
    Phase Error              (PE):    0.000ns

    Location             Delay type                Incr(ns)  Path(ns)    Netlist Resource(s)
  -------------------------------------------------------------------    -------------------
                         (clock ap_clk rise edge)     0.000     0.000 r  
                                                      0.000     0.000 r  ap_clk (IN)
                         net (fo=941, unset)          0.030     0.030    bd_0_i/hls_inst/inst/grp_hngac_authorize_Pipeline_VITIS_LOOP_22_1_fu_137/ap_clk
    SLICE_X167Y176       FDRE                                         r  bd_0_i/hls_inst/inst/grp_hngac_authorize_Pipeline_VITIS_LOOP_22_1_fu_137/zext_ln22_cast_reg_411_reg[7]/C
  -------------------------------------------------------------------    -------------------
    SLICE_X167Y176       FDRE (Prop_CFF_SLICEM_C_Q)
                                                      0.078     0.108 r  bd_0_i/hls_inst/inst/grp_hngac_authorize_Pipeline_VITIS_LOOP_22_1_fu_137/zext_ln22_cast_reg_411_reg[7]/Q
                         net (fo=64, routed)          0.551     0.659    bd_0_i/hls_inst/inst/grp_hngac_authorize_Pipeline_VITIS_LOOP_22_1_fu_137/flow_control_loop_pipe_sequential_init_U/ap_return_preg[0]_i_75_0[1]
    SLICE_X168Y187       LUT6 (Prop_G6LUT_SLICEL_I2_O)
                                                      0.097     0.756 f  bd_0_i/hls_inst/inst/grp_hngac_authorize_Pipeline_VITIS_LOOP_22_1_fu_137/flow_control_loop_pipe_sequential_init_U/ap_return_preg[0]_i_120/O
                         net (fo=1, routed)           0.044     0.800    bd_0_i/hls_inst/inst/grp_hngac_authorize_Pipeline_VITIS_LOOP_22_1_fu_137/flow_control_loop_pipe_sequential_init_U/ap_return_preg[0]_i_120_n_0
    SLICE_X168Y187       LUT4 (Prop_F6LUT_SLICEL_I2_O)
                                                      0.097     0.897 f  bd_0_i/hls_inst/inst/grp_hngac_authorize_Pipeline_VITIS_LOOP_22_1_fu_137/flow_control_loop_pipe_sequential_init_U/ap_return_preg[0]_i_52/O
                         net (fo=1, routed)           0.255     1.152    bd_0_i/hls_inst/inst/grp_hngac_authorize_Pipeline_VITIS_LOOP_22_1_fu_137/flow_control_loop_pipe_sequential_init_U/ap_return_preg[0]_i_52_n_0
    SLICE_X171Y186       LUT6 (Prop_G6LUT_SLICEM_I5_O)
                                                      0.123     1.275 f  bd_0_i/hls_inst/inst/grp_hngac_authorize_Pipeline_VITIS_LOOP_22_1_fu_137/flow_control_loop_pipe_sequential_init_U/ap_return_preg[0]_i_14/O
                         net (fo=1, routed)           0.212     1.487    bd_0_i/hls_inst/inst/grp_hngac_authorize_Pipeline_VITIS_LOOP_22_1_fu_137/flow_control_loop_pipe_sequential_init_U/ap_return_preg[0]_i_14_n_0
    SLICE_X168Y186       LUT6 (Prop_C6LUT_SLICEL_I2_O)
                                                      0.050     1.537 f  bd_0_i/hls_inst/inst/grp_hngac_authorize_Pipeline_VITIS_LOOP_22_1_fu_137/flow_control_loop_pipe_sequential_init_U/ap_return_preg[0]_i_5/O
                         net (fo=1, routed)           0.089     1.626    bd_0_i/hls_inst/inst/grp_hngac_authorize_Pipeline_VITIS_LOOP_22_1_fu_137/flow_control_loop_pipe_sequential_init_U/ap_return_preg[0]_i_5_n_0
    SLICE_X168Y186       LUT6 (Prop_H6LUT_SLICEL_I2_O)
                                                      0.090     1.716 f  bd_0_i/hls_inst/inst/grp_hngac_authorize_Pipeline_VITIS_LOOP_22_1_fu_137/flow_control_loop_pipe_sequential_init_U/ap_return_preg[0]_i_2/O
                         net (fo=4, routed)           0.383     2.099    bd_0_i/hls_inst/inst/grp_hngac_authorize_Pipeline_VITIS_LOOP_22_1_fu_137/flow_control_loop_pipe_sequential_init_U_n_7
    SLICE_X166Y174       LUT6 (Prop_C6LUT_SLICEM_I4_O)
                                                      0.051     2.150 f  bd_0_i/hls_inst/inst/grp_hngac_authorize_Pipeline_VITIS_LOOP_22_1_fu_137/i_fu_90[9]_i_3/O
                         net (fo=1, routed)           0.059     2.209    bd_0_i/hls_inst/inst/grp_hngac_authorize_Pipeline_VITIS_LOOP_22_1_fu_137/i_fu_90[9]_i_3_n_0
    SLICE_X166Y174       LUT2 (Prop_F5LUT_SLICEM_I1_O)
                                                      0.166     2.375 r  bd_0_i/hls_inst/inst/grp_hngac_authorize_Pipeline_VITIS_LOOP_22_1_fu_137/i_fu_90[9]_i_2/O
                         net (fo=10, routed)          0.377     2.752    bd_0_i/hls_inst/inst/grp_hngac_authorize_Pipeline_VITIS_LOOP_22_1_fu_137/i_fu_9006_out
    SLICE_X165Y172       FDRE                                         r  bd_0_i/hls_inst/inst/grp_hngac_authorize_Pipeline_VITIS_LOOP_22_1_fu_137/i_fu_90_reg[4]/CE
  -------------------------------------------------------------------    -------------------

                         (clock ap_clk rise edge)     5.000     5.000 r  
                                                      0.000     5.000 r  ap_clk (IN)
                         net (fo=941, unset)          0.020     5.020    bd_0_i/hls_inst/inst/grp_hngac_authorize_Pipeline_VITIS_LOOP_22_1_fu_137/ap_clk
    SLICE_X165Y172       FDRE                                         r  bd_0_i/hls_inst/inst/grp_hngac_authorize_Pipeline_VITIS_LOOP_22_1_fu_137/i_fu_90_reg[4]/C
                         clock pessimism              0.000     5.020    
                         clock uncertainty           -0.035     4.985    
    SLICE_X165Y172       FDRE (Setup_GFF_SLICEL_C_CE)
                                                     -0.060     4.925    bd_0_i/hls_inst/inst/grp_hngac_authorize_Pipeline_VITIS_LOOP_22_1_fu_137/i_fu_90_reg[4]
  -------------------------------------------------------------------
                         required time                          4.925    
                         arrival time                          -2.752    
  -------------------------------------------------------------------
                         slack                                  2.172    

Slack (MET) :             2.224ns  (required time - arrival time)
  Source:                 bd_0_i/hls_inst/inst/grp_hngac_authorize_Pipeline_VITIS_LOOP_22_1_fu_137/zext_ln22_cast_reg_411_reg[7]/C
                            (rising edge-triggered cell FDRE clocked by ap_clk  {rise@0.000ns fall@2.500ns period=5.000ns})
  Destination:            bd_0_i/hls_inst/inst/grp_hngac_authorize_Pipeline_VITIS_LOOP_22_1_fu_137/i_fu_90_reg[6]/CE
                            (rising edge-triggered cell FDRE clocked by ap_clk  {rise@0.000ns fall@2.500ns period=5.000ns})
  Path Group:             ap_clk
  Path Type:              Setup (Max at Slow Process Corner)
  Requirement:            5.000ns  (ap_clk rise@5.000ns - ap_clk rise@0.000ns)
  Data Path Delay:        2.670ns  (logic 0.752ns (28.162%)  route 1.918ns (71.838%))
  Logic Levels:           7  (LUT2=1 LUT4=1 LUT6=5)
  Clock Path Skew:        -0.010ns (DCD - SCD + CPR)
    Destination Clock Delay (DCD):    0.020ns = ( 5.020 - 5.000 ) 
    Source Clock Delay      (SCD):    0.030ns
    Clock Pessimism Removal (CPR):    0.000ns
  Clock Uncertainty:      0.035ns  ((TSJ^2 + TIJ^2)^1/2 + DJ) / 2 + PE
    Total System Jitter     (TSJ):    0.071ns
    Total Input Jitter      (TIJ):    0.000ns
    Discrete Jitter          (DJ):    0.000ns
    Phase Error              (PE):    0.000ns

    Location             Delay type                Incr(ns)  Path(ns)    Netlist Resource(s)
  -------------------------------------------------------------------    -------------------
                         (clock ap_clk rise edge)     0.000     0.000 r  
                                                      0.000     0.000 r  ap_clk (IN)
                         net (fo=941, unset)          0.030     0.030    bd_0_i/hls_inst/inst/grp_hngac_authorize_Pipeline_VITIS_LOOP_22_1_fu_137/ap_clk
    SLICE_X167Y176       FDRE                                         r  bd_0_i/hls_inst/inst/grp_hngac_authorize_Pipeline_VITIS_LOOP_22_1_fu_137/zext_ln22_cast_reg_411_reg[7]/C
  -------------------------------------------------------------------    -------------------
    SLICE_X167Y176       FDRE (Prop_CFF_SLICEM_C_Q)
                                                      0.078     0.108 r  bd_0_i/hls_inst/inst/grp_hngac_authorize_Pipeline_VITIS_LOOP_22_1_fu_137/zext_ln22_cast_reg_411_reg[7]/Q
                         net (fo=64, routed)          0.551     0.659    bd_0_i/hls_inst/inst/grp_hngac_authorize_Pipeline_VITIS_LOOP_22_1_fu_137/flow_control_loop_pipe_sequential_init_U/ap_return_preg[0]_i_75_0[1]
    SLICE_X168Y187       LUT6 (Prop_G6LUT_SLICEL_I2_O)
                                                      0.097     0.756 f  bd_0_i/hls_inst/inst/grp_hngac_authorize_Pipeline_VITIS_LOOP_22_1_fu_137/flow_control_loop_pipe_sequential_init_U/ap_return_preg[0]_i_120/O
                         net (fo=1, routed)           0.044     0.800    bd_0_i/hls_inst/inst/grp_hngac_authorize_Pipeline_VITIS_LOOP_22_1_fu_137/flow_control_loop_pipe_sequential_init_U/ap_return_preg[0]_i_120_n_0
    SLICE_X168Y187       LUT4 (Prop_F6LUT_SLICEL_I2_O)
                                                      0.097     0.897 f  bd_0_i/hls_inst/inst/grp_hngac_authorize_Pipeline_VITIS_LOOP_22_1_fu_137/flow_control_loop_pipe_sequential_init_U/ap_return_preg[0]_i_52/O
                         net (fo=1, routed)           0.255     1.152    bd_0_i/hls_inst/inst/grp_hngac_authorize_Pipeline_VITIS_LOOP_22_1_fu_137/flow_control_loop_pipe_sequential_init_U/ap_return_preg[0]_i_52_n_0
    SLICE_X171Y186       LUT6 (Prop_G6LUT_SLICEM_I5_O)
                                                      0.123     1.275 f  bd_0_i/hls_inst/inst/grp_hngac_authorize_Pipeline_VITIS_LOOP_22_1_fu_137/flow_control_loop_pipe_sequential_init_U/ap_return_preg[0]_i_14/O
                         net (fo=1, routed)           0.212     1.487    bd_0_i/hls_inst/inst/grp_hngac_authorize_Pipeline_VITIS_LOOP_22_1_fu_137/flow_control_loop_pipe_sequential_init_U/ap_return_preg[0]_i_14_n_0
    SLICE_X168Y186       LUT6 (Prop_C6LUT_SLICEL_I2_O)
                                                      0.050     1.537 f  bd_0_i/hls_inst/inst/grp_hngac_authorize_Pipeline_VITIS_LOOP_22_1_fu_137/flow_control_loop_pipe_sequential_init_U/ap_return_preg[0]_i_5/O
                         net (fo=1, routed)           0.089     1.626    bd_0_i/hls_inst/inst/grp_hngac_authorize_Pipeline_VITIS_LOOP_22_1_fu_137/flow_control_loop_pipe_sequential_init_U/ap_return_preg[0]_i_5_n_0
    SLICE_X168Y186       LUT6 (Prop_H6LUT_SLICEL_I2_O)
                                                      0.090     1.716 f  bd_0_i/hls_inst/inst/grp_hngac_authorize_Pipeline_VITIS_LOOP_22_1_fu_137/flow_control_loop_pipe_sequential_init_U/ap_return_preg[0]_i_2/O
                         net (fo=4, routed)           0.383     2.099    bd_0_i/hls_inst/inst/grp_hngac_authorize_Pipeline_VITIS_LOOP_22_1_fu_137/flow_control_loop_pipe_sequential_init_U_n_7
    SLICE_X166Y174       LUT6 (Prop_C6LUT_SLICEM_I4_O)
                                                      0.051     2.150 f  bd_0_i/hls_inst/inst/grp_hngac_authorize_Pipeline_VITIS_LOOP_22_1_fu_137/i_fu_90[9]_i_3/O
                         net (fo=1, routed)           0.059     2.209    bd_0_i/hls_inst/inst/grp_hngac_authorize_Pipeline_VITIS_LOOP_22_1_fu_137/i_fu_90[9]_i_3_n_0
    SLICE_X166Y174       LUT2 (Prop_F5LUT_SLICEM_I1_O)
                                                      0.166     2.375 r  bd_0_i/hls_inst/inst/grp_hngac_authorize_Pipeline_VITIS_LOOP_22_1_fu_137/i_fu_90[9]_i_2/O
                         net (fo=10, routed)          0.325     2.700    bd_0_i/hls_inst/inst/grp_hngac_authorize_Pipeline_VITIS_LOOP_22_1_fu_137/i_fu_9006_out
    SLICE_X165Y173       FDRE                                         r  bd_0_i/hls_inst/inst/grp_hngac_authorize_Pipeline_VITIS_LOOP_22_1_fu_137/i_fu_90_reg[6]/CE
  -------------------------------------------------------------------    -------------------

                         (clock ap_clk rise edge)     5.000     5.000 r  
                                                      0.000     5.000 r  ap_clk (IN)
                         net (fo=941, unset)          0.020     5.020    bd_0_i/hls_inst/inst/grp_hngac_authorize_Pipeline_VITIS_LOOP_22_1_fu_137/ap_clk
    SLICE_X165Y173       FDRE                                         r  bd_0_i/hls_inst/inst/grp_hngac_authorize_Pipeline_VITIS_LOOP_22_1_fu_137/i_fu_90_reg[6]/C
                         clock pessimism              0.000     5.020    
                         clock uncertainty           -0.035     4.985    
    SLICE_X165Y173       FDRE (Setup_EFF2_SLICEL_C_CE)
                                                     -0.060     4.925    bd_0_i/hls_inst/inst/grp_hngac_authorize_Pipeline_VITIS_LOOP_22_1_fu_137/i_fu_90_reg[6]
  -------------------------------------------------------------------
                         required time                          4.925    
                         arrival time                          -2.700    
  -------------------------------------------------------------------
                         slack                                  2.224    

Slack (MET) :             2.224ns  (required time - arrival time)
  Source:                 bd_0_i/hls_inst/inst/grp_hngac_authorize_Pipeline_VITIS_LOOP_22_1_fu_137/zext_ln22_cast_reg_411_reg[7]/C
                            (rising edge-triggered cell FDRE clocked by ap_clk  {rise@0.000ns fall@2.500ns period=5.000ns})
  Destination:            bd_0_i/hls_inst/inst/grp_hngac_authorize_Pipeline_VITIS_LOOP_22_1_fu_137/i_fu_90_reg[8]/CE
                            (rising edge-triggered cell FDRE clocked by ap_clk  {rise@0.000ns fall@2.500ns period=5.000ns})
  Path Group:             ap_clk
  Path Type:              Setup (Max at Slow Process Corner)
  Requirement:            5.000ns  (ap_clk rise@5.000ns - ap_clk rise@0.000ns)
  Data Path Delay:        2.670ns  (logic 0.752ns (28.162%)  route 1.918ns (71.838%))
  Logic Levels:           7  (LUT2=1 LUT4=1 LUT6=5)
  Clock Path Skew:        -0.010ns (DCD - SCD + CPR)
    Destination Clock Delay (DCD):    0.020ns = ( 5.020 - 5.000 ) 
    Source Clock Delay      (SCD):    0.030ns
    Clock Pessimism Removal (CPR):    0.000ns
  Clock Uncertainty:      0.035ns  ((TSJ^2 + TIJ^2)^1/2 + DJ) / 2 + PE
    Total System Jitter     (TSJ):    0.071ns
    Total Input Jitter      (TIJ):    0.000ns
    Discrete Jitter          (DJ):    0.000ns
    Phase Error              (PE):    0.000ns

    Location             Delay type                Incr(ns)  Path(ns)    Netlist Resource(s)
  -------------------------------------------------------------------    -------------------
                         (clock ap_clk rise edge)     0.000     0.000 r  
                                                      0.000     0.000 r  ap_clk (IN)
                         net (fo=941, unset)          0.030     0.030    bd_0_i/hls_inst/inst/grp_hngac_authorize_Pipeline_VITIS_LOOP_22_1_fu_137/ap_clk
    SLICE_X167Y176       FDRE                                         r  bd_0_i/hls_inst/inst/grp_hngac_authorize_Pipeline_VITIS_LOOP_22_1_fu_137/zext_ln22_cast_reg_411_reg[7]/C
  -------------------------------------------------------------------    -------------------
    SLICE_X167Y176       FDRE (Prop_CFF_SLICEM_C_Q)
                                                      0.078     0.108 r  bd_0_i/hls_inst/inst/grp_hngac_authorize_Pipeline_VITIS_LOOP_22_1_fu_137/zext_ln22_cast_reg_411_reg[7]/Q
                         net (fo=64, routed)          0.551     0.659    bd_0_i/hls_inst/inst/grp_hngac_authorize_Pipeline_VITIS_LOOP_22_1_fu_137/flow_control_loop_pipe_sequential_init_U/ap_return_preg[0]_i_75_0[1]
    SLICE_X168Y187       LUT6 (Prop_G6LUT_SLICEL_I2_O)
                                                      0.097     0.756 f  bd_0_i/hls_inst/inst/grp_hngac_authorize_Pipeline_VITIS_LOOP_22_1_fu_137/flow_control_loop_pipe_sequential_init_U/ap_return_preg[0]_i_120/O
                         net (fo=1, routed)           0.044     0.800    bd_0_i/hls_inst/inst/grp_hngac_authorize_Pipeline_VITIS_LOOP_22_1_fu_137/flow_control_loop_pipe_sequential_init_U/ap_return_preg[0]_i_120_n_0
    SLICE_X168Y187       LUT4 (Prop_F6LUT_SLICEL_I2_O)
                                                      0.097     0.897 f  bd_0_i/hls_inst/inst/grp_hngac_authorize_Pipeline_VITIS_LOOP_22_1_fu_137/flow_control_loop_pipe_sequential_init_U/ap_return_preg[0]_i_52/O
                         net (fo=1, routed)           0.255     1.152    bd_0_i/hls_inst/inst/grp_hngac_authorize_Pipeline_VITIS_LOOP_22_1_fu_137/flow_control_loop_pipe_sequential_init_U/ap_return_preg[0]_i_52_n_0
    SLICE_X171Y186       LUT6 (Prop_G6LUT_SLICEM_I5_O)
                                                      0.123     1.275 f  bd_0_i/hls_inst/inst/grp_hngac_authorize_Pipeline_VITIS_LOOP_22_1_fu_137/flow_control_loop_pipe_sequential_init_U/ap_return_preg[0]_i_14/O
                         net (fo=1, routed)           0.212     1.487    bd_0_i/hls_inst/inst/grp_hngac_authorize_Pipeline_VITIS_LOOP_22_1_fu_137/flow_control_loop_pipe_sequential_init_U/ap_return_preg[0]_i_14_n_0
    SLICE_X168Y186       LUT6 (Prop_C6LUT_SLICEL_I2_O)
                                                      0.050     1.537 f  bd_0_i/hls_inst/inst/grp_hngac_authorize_Pipeline_VITIS_LOOP_22_1_fu_137/flow_control_loop_pipe_sequential_init_U/ap_return_preg[0]_i_5/O
                         net (fo=1, routed)           0.089     1.626    bd_0_i/hls_inst/inst/grp_hngac_authorize_Pipeline_VITIS_LOOP_22_1_fu_137/flow_control_loop_pipe_sequential_init_U/ap_return_preg[0]_i_5_n_0
    SLICE_X168Y186       LUT6 (Prop_H6LUT_SLICEL_I2_O)
                                                      0.090     1.716 f  bd_0_i/hls_inst/inst/grp_hngac_authorize_Pipeline_VITIS_LOOP_22_1_fu_137/flow_control_loop_pipe_sequential_init_U/ap_return_preg[0]_i_2/O
                         net (fo=4, routed)           0.383     2.099    bd_0_i/hls_inst/inst/grp_hngac_authorize_Pipeline_VITIS_LOOP_22_1_fu_137/flow_control_loop_pipe_sequential_init_U_n_7
    SLICE_X166Y174       LUT6 (Prop_C6LUT_SLICEM_I4_O)
                                                      0.051     2.150 f  bd_0_i/hls_inst/inst/grp_hngac_authorize_Pipeline_VITIS_LOOP_22_1_fu_137/i_fu_90[9]_i_3/O
                         net (fo=1, routed)           0.059     2.209    bd_0_i/hls_inst/inst/grp_hngac_authorize_Pipeline_VITIS_LOOP_22_1_fu_137/i_fu_90[9]_i_3_n_0
    SLICE_X166Y174       LUT2 (Prop_F5LUT_SLICEM_I1_O)
                                                      0.166     2.375 r  bd_0_i/hls_inst/inst/grp_hngac_authorize_Pipeline_VITIS_LOOP_22_1_fu_137/i_fu_90[9]_i_2/O
                         net (fo=10, routed)          0.325     2.700    bd_0_i/hls_inst/inst/grp_hngac_authorize_Pipeline_VITIS_LOOP_22_1_fu_137/i_fu_9006_out
    SLICE_X165Y173       FDRE                                         r  bd_0_i/hls_inst/inst/grp_hngac_authorize_Pipeline_VITIS_LOOP_22_1_fu_137/i_fu_90_reg[8]/CE
  -------------------------------------------------------------------    -------------------

                         (clock ap_clk rise edge)     5.000     5.000 r  
                                                      0.000     5.000 r  ap_clk (IN)
                         net (fo=941, unset)          0.020     5.020    bd_0_i/hls_inst/inst/grp_hngac_authorize_Pipeline_VITIS_LOOP_22_1_fu_137/ap_clk
    SLICE_X165Y173       FDRE                                         r  bd_0_i/hls_inst/inst/grp_hngac_authorize_Pipeline_VITIS_LOOP_22_1_fu_137/i_fu_90_reg[8]/C
                         clock pessimism              0.000     5.020    
                         clock uncertainty           -0.035     4.985    
    SLICE_X165Y173       FDRE (Setup_FFF2_SLICEL_C_CE)
                                                     -0.060     4.925    bd_0_i/hls_inst/inst/grp_hngac_authorize_Pipeline_VITIS_LOOP_22_1_fu_137/i_fu_90_reg[8]
  -------------------------------------------------------------------
                         required time                          4.925    
                         arrival time                          -2.700    
  -------------------------------------------------------------------
                         slack                                  2.224    

Slack (MET) :             2.226ns  (required time - arrival time)
  Source:                 bd_0_i/hls_inst/inst/grp_hngac_authorize_Pipeline_VITIS_LOOP_22_1_fu_137/zext_ln22_cast_reg_411_reg[7]/C
                            (rising edge-triggered cell FDRE clocked by ap_clk  {rise@0.000ns fall@2.500ns period=5.000ns})
  Destination:            bd_0_i/hls_inst/inst/grp_hngac_authorize_Pipeline_VITIS_LOOP_22_1_fu_137/i_fu_90_reg[5]/CE
                            (rising edge-triggered cell FDRE clocked by ap_clk  {rise@0.000ns fall@2.500ns period=5.000ns})
  Path Group:             ap_clk
  Path Type:              Setup (Max at Slow Process Corner)
  Requirement:            5.000ns  (ap_clk rise@5.000ns - ap_clk rise@0.000ns)
  Data Path Delay:        2.668ns  (logic 0.752ns (28.183%)  route 1.916ns (71.817%))
  Logic Levels:           7  (LUT2=1 LUT4=1 LUT6=5)
  Clock Path Skew:        -0.010ns (DCD - SCD + CPR)
    Destination Clock Delay (DCD):    0.020ns = ( 5.020 - 5.000 ) 
    Source Clock Delay      (SCD):    0.030ns
    Clock Pessimism Removal (CPR):    0.000ns
  Clock Uncertainty:      0.035ns  ((TSJ^2 + TIJ^2)^1/2 + DJ) / 2 + PE
    Total System Jitter     (TSJ):    0.071ns
    Total Input Jitter      (TIJ):    0.000ns
    Discrete Jitter          (DJ):    0.000ns
    Phase Error              (PE):    0.000ns

    Location             Delay type                Incr(ns)  Path(ns)    Netlist Resource(s)
  -------------------------------------------------------------------    -------------------
                         (clock ap_clk rise edge)     0.000     0.000 r  
                                                      0.000     0.000 r  ap_clk (IN)
                         net (fo=941, unset)          0.030     0.030    bd_0_i/hls_inst/inst/grp_hngac_authorize_Pipeline_VITIS_LOOP_22_1_fu_137/ap_clk
    SLICE_X167Y176       FDRE                                         r  bd_0_i/hls_inst/inst/grp_hngac_authorize_Pipeline_VITIS_LOOP_22_1_fu_137/zext_ln22_cast_reg_411_reg[7]/C
  -------------------------------------------------------------------    -------------------
    SLICE_X167Y176       FDRE (Prop_CFF_SLICEM_C_Q)
                                                      0.078     0.108 r  bd_0_i/hls_inst/inst/grp_hngac_authorize_Pipeline_VITIS_LOOP_22_1_fu_137/zext_ln22_cast_reg_411_reg[7]/Q
                         net (fo=64, routed)          0.551     0.659    bd_0_i/hls_inst/inst/grp_hngac_authorize_Pipeline_VITIS_LOOP_22_1_fu_137/flow_control_loop_pipe_sequential_init_U/ap_return_preg[0]_i_75_0[1]
    SLICE_X168Y187       LUT6 (Prop_G6LUT_SLICEL_I2_O)
                                                      0.097     0.756 f  bd_0_i/hls_inst/inst/grp_hngac_authorize_Pipeline_VITIS_LOOP_22_1_fu_137/flow_control_loop_pipe_sequential_init_U/ap_return_preg[0]_i_120/O
                         net (fo=1, routed)           0.044     0.800    bd_0_i/hls_inst/inst/grp_hngac_authorize_Pipeline_VITIS_LOOP_22_1_fu_137/flow_control_loop_pipe_sequential_init_U/ap_return_preg[0]_i_120_n_0
    SLICE_X168Y187       LUT4 (Prop_F6LUT_SLICEL_I2_O)
                                                      0.097     0.897 f  bd_0_i/hls_inst/inst/grp_hngac_authorize_Pipeline_VITIS_LOOP_22_1_fu_137/flow_control_loop_pipe_sequential_init_U/ap_return_preg[0]_i_52/O
                         net (fo=1, routed)           0.255     1.152    bd_0_i/hls_inst/inst/grp_hngac_authorize_Pipeline_VITIS_LOOP_22_1_fu_137/flow_control_loop_pipe_sequential_init_U/ap_return_preg[0]_i_52_n_0
    SLICE_X171Y186       LUT6 (Prop_G6LUT_SLICEM_I5_O)
                                                      0.123     1.275 f  bd_0_i/hls_inst/inst/grp_hngac_authorize_Pipeline_VITIS_LOOP_22_1_fu_137/flow_control_loop_pipe_sequential_init_U/ap_return_preg[0]_i_14/O
                         net (fo=1, routed)           0.212     1.487    bd_0_i/hls_inst/inst/grp_hngac_authorize_Pipeline_VITIS_LOOP_22_1_fu_137/flow_control_loop_pipe_sequential_init_U/ap_return_preg[0]_i_14_n_0
    SLICE_X168Y186       LUT6 (Prop_C6LUT_SLICEL_I2_O)
                                                      0.050     1.537 f  bd_0_i/hls_inst/inst/grp_hngac_authorize_Pipeline_VITIS_LOOP_22_1_fu_137/flow_control_loop_pipe_sequential_init_U/ap_return_preg[0]_i_5/O
                         net (fo=1, routed)           0.089     1.626    bd_0_i/hls_inst/inst/grp_hngac_authorize_Pipeline_VITIS_LOOP_22_1_fu_137/flow_control_loop_pipe_sequential_init_U/ap_return_preg[0]_i_5_n_0
    SLICE_X168Y186       LUT6 (Prop_H6LUT_SLICEL_I2_O)
                                                      0.090     1.716 f  bd_0_i/hls_inst/inst/grp_hngac_authorize_Pipeline_VITIS_LOOP_22_1_fu_137/flow_control_loop_pipe_sequential_init_U/ap_return_preg[0]_i_2/O
                         net (fo=4, routed)           0.383     2.099    bd_0_i/hls_inst/inst/grp_hngac_authorize_Pipeline_VITIS_LOOP_22_1_fu_137/flow_control_loop_pipe_sequential_init_U_n_7
    SLICE_X166Y174       LUT6 (Prop_C6LUT_SLICEM_I4_O)
                                                      0.051     2.150 f  bd_0_i/hls_inst/inst/grp_hngac_authorize_Pipeline_VITIS_LOOP_22_1_fu_137/i_fu_90[9]_i_3/O
                         net (fo=1, routed)           0.059     2.209    bd_0_i/hls_inst/inst/grp_hngac_authorize_Pipeline_VITIS_LOOP_22_1_fu_137/i_fu_90[9]_i_3_n_0
    SLICE_X166Y174       LUT2 (Prop_F5LUT_SLICEM_I1_O)
                                                      0.166     2.375 r  bd_0_i/hls_inst/inst/grp_hngac_authorize_Pipeline_VITIS_LOOP_22_1_fu_137/i_fu_90[9]_i_2/O
                         net (fo=10, routed)          0.323     2.698    bd_0_i/hls_inst/inst/grp_hngac_authorize_Pipeline_VITIS_LOOP_22_1_fu_137/i_fu_9006_out
    SLICE_X165Y173       FDRE                                         r  bd_0_i/hls_inst/inst/grp_hngac_authorize_Pipeline_VITIS_LOOP_22_1_fu_137/i_fu_90_reg[5]/CE
  -------------------------------------------------------------------    -------------------

                         (clock ap_clk rise edge)     5.000     5.000 r  
                                                      0.000     5.000 r  ap_clk (IN)
                         net (fo=941, unset)          0.020     5.020    bd_0_i/hls_inst/inst/grp_hngac_authorize_Pipeline_VITIS_LOOP_22_1_fu_137/ap_clk
    SLICE_X165Y173       FDRE                                         r  bd_0_i/hls_inst/inst/grp_hngac_authorize_Pipeline_VITIS_LOOP_22_1_fu_137/i_fu_90_reg[5]/C
                         clock pessimism              0.000     5.020    
                         clock uncertainty           -0.035     4.985    
    SLICE_X165Y173       FDRE (Setup_EFF_SLICEL_C_CE)
                                                     -0.060     4.925    bd_0_i/hls_inst/inst/grp_hngac_authorize_Pipeline_VITIS_LOOP_22_1_fu_137/i_fu_90_reg[5]
  -------------------------------------------------------------------
                         required time                          4.925    
                         arrival time                          -2.698    
  -------------------------------------------------------------------
                         slack                                  2.226    

Slack (MET) :             2.226ns  (required time - arrival time)
  Source:                 bd_0_i/hls_inst/inst/grp_hngac_authorize_Pipeline_VITIS_LOOP_22_1_fu_137/zext_ln22_cast_reg_411_reg[7]/C
                            (rising edge-triggered cell FDRE clocked by ap_clk  {rise@0.000ns fall@2.500ns period=5.000ns})
  Destination:            bd_0_i/hls_inst/inst/grp_hngac_authorize_Pipeline_VITIS_LOOP_22_1_fu_137/i_fu_90_reg[7]/CE
                            (rising edge-triggered cell FDRE clocked by ap_clk  {rise@0.000ns fall@2.500ns period=5.000ns})
  Path Group:             ap_clk
  Path Type:              Setup (Max at Slow Process Corner)
  Requirement:            5.000ns  (ap_clk rise@5.000ns - ap_clk rise@0.000ns)
  Data Path Delay:        2.668ns  (logic 0.752ns (28.183%)  route 1.916ns (71.817%))
  Logic Levels:           7  (LUT2=1 LUT4=1 LUT6=5)
  Clock Path Skew:        -0.010ns (DCD - SCD + CPR)
    Destination Clock Delay (DCD):    0.020ns = ( 5.020 - 5.000 ) 
    Source Clock Delay      (SCD):    0.030ns
    Clock Pessimism Removal (CPR):    0.000ns
  Clock Uncertainty:      0.035ns  ((TSJ^2 + TIJ^2)^1/2 + DJ) / 2 + PE
    Total System Jitter     (TSJ):    0.071ns
    Total Input Jitter      (TIJ):    0.000ns
    Discrete Jitter          (DJ):    0.000ns
    Phase Error              (PE):    0.000ns

    Location             Delay type                Incr(ns)  Path(ns)    Netlist Resource(s)
  -------------------------------------------------------------------    -------------------
                         (clock ap_clk rise edge)     0.000     0.000 r  
                                                      0.000     0.000 r  ap_clk (IN)
                         net (fo=941, unset)          0.030     0.030    bd_0_i/hls_inst/inst/grp_hngac_authorize_Pipeline_VITIS_LOOP_22_1_fu_137/ap_clk
    SLICE_X167Y176       FDRE                                         r  bd_0_i/hls_inst/inst/grp_hngac_authorize_Pipeline_VITIS_LOOP_22_1_fu_137/zext_ln22_cast_reg_411_reg[7]/C
  -------------------------------------------------------------------    -------------------
    SLICE_X167Y176       FDRE (Prop_CFF_SLICEM_C_Q)
                                                      0.078     0.108 r  bd_0_i/hls_inst/inst/grp_hngac_authorize_Pipeline_VITIS_LOOP_22_1_fu_137/zext_ln22_cast_reg_411_reg[7]/Q
                         net (fo=64, routed)          0.551     0.659    bd_0_i/hls_inst/inst/grp_hngac_authorize_Pipeline_VITIS_LOOP_22_1_fu_137/flow_control_loop_pipe_sequential_init_U/ap_return_preg[0]_i_75_0[1]
    SLICE_X168Y187       LUT6 (Prop_G6LUT_SLICEL_I2_O)
                                                      0.097     0.756 f  bd_0_i/hls_inst/inst/grp_hngac_authorize_Pipeline_VITIS_LOOP_22_1_fu_137/flow_control_loop_pipe_sequential_init_U/ap_return_preg[0]_i_120/O
                         net (fo=1, routed)           0.044     0.800    bd_0_i/hls_inst/inst/grp_hngac_authorize_Pipeline_VITIS_LOOP_22_1_fu_137/flow_control_loop_pipe_sequential_init_U/ap_return_preg[0]_i_120_n_0
    SLICE_X168Y187       LUT4 (Prop_F6LUT_SLICEL_I2_O)
                                                      0.097     0.897 f  bd_0_i/hls_inst/inst/grp_hngac_authorize_Pipeline_VITIS_LOOP_22_1_fu_137/flow_control_loop_pipe_sequential_init_U/ap_return_preg[0]_i_52/O
                         net (fo=1, routed)           0.255     1.152    bd_0_i/hls_inst/inst/grp_hngac_authorize_Pipeline_VITIS_LOOP_22_1_fu_137/flow_control_loop_pipe_sequential_init_U/ap_return_preg[0]_i_52_n_0
    SLICE_X171Y186       LUT6 (Prop_G6LUT_SLICEM_I5_O)
                                                      0.123     1.275 f  bd_0_i/hls_inst/inst/grp_hngac_authorize_Pipeline_VITIS_LOOP_22_1_fu_137/flow_control_loop_pipe_sequential_init_U/ap_return_preg[0]_i_14/O
                         net (fo=1, routed)           0.212     1.487    bd_0_i/hls_inst/inst/grp_hngac_authorize_Pipeline_VITIS_LOOP_22_1_fu_137/flow_control_loop_pipe_sequential_init_U/ap_return_preg[0]_i_14_n_0
    SLICE_X168Y186       LUT6 (Prop_C6LUT_SLICEL_I2_O)
                                                      0.050     1.537 f  bd_0_i/hls_inst/inst/grp_hngac_authorize_Pipeline_VITIS_LOOP_22_1_fu_137/flow_control_loop_pipe_sequential_init_U/ap_return_preg[0]_i_5/O
                         net (fo=1, routed)           0.089     1.626    bd_0_i/hls_inst/inst/grp_hngac_authorize_Pipeline_VITIS_LOOP_22_1_fu_137/flow_control_loop_pipe_sequential_init_U/ap_return_preg[0]_i_5_n_0
    SLICE_X168Y186       LUT6 (Prop_H6LUT_SLICEL_I2_O)
                                                      0.090     1.716 f  bd_0_i/hls_inst/inst/grp_hngac_authorize_Pipeline_VITIS_LOOP_22_1_fu_137/flow_control_loop_pipe_sequential_init_U/ap_return_preg[0]_i_2/O
                         net (fo=4, routed)           0.383     2.099    bd_0_i/hls_inst/inst/grp_hngac_authorize_Pipeline_VITIS_LOOP_22_1_fu_137/flow_control_loop_pipe_sequential_init_U_n_7
    SLICE_X166Y174       LUT6 (Prop_C6LUT_SLICEM_I4_O)
                                                      0.051     2.150 f  bd_0_i/hls_inst/inst/grp_hngac_authorize_Pipeline_VITIS_LOOP_22_1_fu_137/i_fu_90[9]_i_3/O
                         net (fo=1, routed)           0.059     2.209    bd_0_i/hls_inst/inst/grp_hngac_authorize_Pipeline_VITIS_LOOP_22_1_fu_137/i_fu_90[9]_i_3_n_0
    SLICE_X166Y174       LUT2 (Prop_F5LUT_SLICEM_I1_O)
                                                      0.166     2.375 r  bd_0_i/hls_inst/inst/grp_hngac_authorize_Pipeline_VITIS_LOOP_22_1_fu_137/i_fu_90[9]_i_2/O
                         net (fo=10, routed)          0.323     2.698    bd_0_i/hls_inst/inst/grp_hngac_authorize_Pipeline_VITIS_LOOP_22_1_fu_137/i_fu_9006_out
    SLICE_X165Y173       FDRE                                         r  bd_0_i/hls_inst/inst/grp_hngac_authorize_Pipeline_VITIS_LOOP_22_1_fu_137/i_fu_90_reg[7]/CE
  -------------------------------------------------------------------    -------------------

                         (clock ap_clk rise edge)     5.000     5.000 r  
                                                      0.000     5.000 r  ap_clk (IN)
                         net (fo=941, unset)          0.020     5.020    bd_0_i/hls_inst/inst/grp_hngac_authorize_Pipeline_VITIS_LOOP_22_1_fu_137/ap_clk
    SLICE_X165Y173       FDRE                                         r  bd_0_i/hls_inst/inst/grp_hngac_authorize_Pipeline_VITIS_LOOP_22_1_fu_137/i_fu_90_reg[7]/C
                         clock pessimism              0.000     5.020    
                         clock uncertainty           -0.035     4.985    
    SLICE_X165Y173       FDRE (Setup_FFF_SLICEL_C_CE)
                                                     -0.060     4.925    bd_0_i/hls_inst/inst/grp_hngac_authorize_Pipeline_VITIS_LOOP_22_1_fu_137/i_fu_90_reg[7]
  -------------------------------------------------------------------
                         required time                          4.925    
                         arrival time                          -2.698    
  -------------------------------------------------------------------
                         slack                                  2.226    

Slack (MET) :             2.226ns  (required time - arrival time)
  Source:                 bd_0_i/hls_inst/inst/grp_hngac_authorize_Pipeline_VITIS_LOOP_22_1_fu_137/zext_ln22_cast_reg_411_reg[7]/C
                            (rising edge-triggered cell FDRE clocked by ap_clk  {rise@0.000ns fall@2.500ns period=5.000ns})
  Destination:            bd_0_i/hls_inst/inst/grp_hngac_authorize_Pipeline_VITIS_LOOP_22_1_fu_137/i_fu_90_reg[9]/CE
                            (rising edge-triggered cell FDRE clocked by ap_clk  {rise@0.000ns fall@2.500ns period=5.000ns})
  Path Group:             ap_clk
  Path Type:              Setup (Max at Slow Process Corner)
  Requirement:            5.000ns  (ap_clk rise@5.000ns - ap_clk rise@0.000ns)
  Data Path Delay:        2.668ns  (logic 0.752ns (28.183%)  route 1.916ns (71.817%))
  Logic Levels:           7  (LUT2=1 LUT4=1 LUT6=5)
  Clock Path Skew:        -0.010ns (DCD - SCD + CPR)
    Destination Clock Delay (DCD):    0.020ns = ( 5.020 - 5.000 ) 
    Source Clock Delay      (SCD):    0.030ns
    Clock Pessimism Removal (CPR):    0.000ns
  Clock Uncertainty:      0.035ns  ((TSJ^2 + TIJ^2)^1/2 + DJ) / 2 + PE
    Total System Jitter     (TSJ):    0.071ns
    Total Input Jitter      (TIJ):    0.000ns
    Discrete Jitter          (DJ):    0.000ns
    Phase Error              (PE):    0.000ns

    Location             Delay type                Incr(ns)  Path(ns)    Netlist Resource(s)
  -------------------------------------------------------------------    -------------------
                         (clock ap_clk rise edge)     0.000     0.000 r  
                                                      0.000     0.000 r  ap_clk (IN)
                         net (fo=941, unset)          0.030     0.030    bd_0_i/hls_inst/inst/grp_hngac_authorize_Pipeline_VITIS_LOOP_22_1_fu_137/ap_clk
    SLICE_X167Y176       FDRE                                         r  bd_0_i/hls_inst/inst/grp_hngac_authorize_Pipeline_VITIS_LOOP_22_1_fu_137/zext_ln22_cast_reg_411_reg[7]/C
  -------------------------------------------------------------------    -------------------
    SLICE_X167Y176       FDRE (Prop_CFF_SLICEM_C_Q)
                                                      0.078     0.108 r  bd_0_i/hls_inst/inst/grp_hngac_authorize_Pipeline_VITIS_LOOP_22_1_fu_137/zext_ln22_cast_reg_411_reg[7]/Q
                         net (fo=64, routed)          0.551     0.659    bd_0_i/hls_inst/inst/grp_hngac_authorize_Pipeline_VITIS_LOOP_22_1_fu_137/flow_control_loop_pipe_sequential_init_U/ap_return_preg[0]_i_75_0[1]
    SLICE_X168Y187       LUT6 (Prop_G6LUT_SLICEL_I2_O)
                                                      0.097     0.756 f  bd_0_i/hls_inst/inst/grp_hngac_authorize_Pipeline_VITIS_LOOP_22_1_fu_137/flow_control_loop_pipe_sequential_init_U/ap_return_preg[0]_i_120/O
                         net (fo=1, routed)           0.044     0.800    bd_0_i/hls_inst/inst/grp_hngac_authorize_Pipeline_VITIS_LOOP_22_1_fu_137/flow_control_loop_pipe_sequential_init_U/ap_return_preg[0]_i_120_n_0
    SLICE_X168Y187       LUT4 (Prop_F6LUT_SLICEL_I2_O)
                                                      0.097     0.897 f  bd_0_i/hls_inst/inst/grp_hngac_authorize_Pipeline_VITIS_LOOP_22_1_fu_137/flow_control_loop_pipe_sequential_init_U/ap_return_preg[0]_i_52/O
                         net (fo=1, routed)           0.255     1.152    bd_0_i/hls_inst/inst/grp_hngac_authorize_Pipeline_VITIS_LOOP_22_1_fu_137/flow_control_loop_pipe_sequential_init_U/ap_return_preg[0]_i_52_n_0
    SLICE_X171Y186       LUT6 (Prop_G6LUT_SLICEM_I5_O)
                                                      0.123     1.275 f  bd_0_i/hls_inst/inst/grp_hngac_authorize_Pipeline_VITIS_LOOP_22_1_fu_137/flow_control_loop_pipe_sequential_init_U/ap_return_preg[0]_i_14/O
                         net (fo=1, routed)           0.212     1.487    bd_0_i/hls_inst/inst/grp_hngac_authorize_Pipeline_VITIS_LOOP_22_1_fu_137/flow_control_loop_pipe_sequential_init_U/ap_return_preg[0]_i_14_n_0
    SLICE_X168Y186       LUT6 (Prop_C6LUT_SLICEL_I2_O)
                                                      0.050     1.537 f  bd_0_i/hls_inst/inst/grp_hngac_authorize_Pipeline_VITIS_LOOP_22_1_fu_137/flow_control_loop_pipe_sequential_init_U/ap_return_preg[0]_i_5/O
                         net (fo=1, routed)           0.089     1.626    bd_0_i/hls_inst/inst/grp_hngac_authorize_Pipeline_VITIS_LOOP_22_1_fu_137/flow_control_loop_pipe_sequential_init_U/ap_return_preg[0]_i_5_n_0
    SLICE_X168Y186       LUT6 (Prop_H6LUT_SLICEL_I2_O)
                                                      0.090     1.716 f  bd_0_i/hls_inst/inst/grp_hngac_authorize_Pipeline_VITIS_LOOP_22_1_fu_137/flow_control_loop_pipe_sequential_init_U/ap_return_preg[0]_i_2/O
                         net (fo=4, routed)           0.383     2.099    bd_0_i/hls_inst/inst/grp_hngac_authorize_Pipeline_VITIS_LOOP_22_1_fu_137/flow_control_loop_pipe_sequential_init_U_n_7
    SLICE_X166Y174       LUT6 (Prop_C6LUT_SLICEM_I4_O)
                                                      0.051     2.150 f  bd_0_i/hls_inst/inst/grp_hngac_authorize_Pipeline_VITIS_LOOP_22_1_fu_137/i_fu_90[9]_i_3/O
                         net (fo=1, routed)           0.059     2.209    bd_0_i/hls_inst/inst/grp_hngac_authorize_Pipeline_VITIS_LOOP_22_1_fu_137/i_fu_90[9]_i_3_n_0
    SLICE_X166Y174       LUT2 (Prop_F5LUT_SLICEM_I1_O)
                                                      0.166     2.375 r  bd_0_i/hls_inst/inst/grp_hngac_authorize_Pipeline_VITIS_LOOP_22_1_fu_137/i_fu_90[9]_i_2/O
                         net (fo=10, routed)          0.323     2.698    bd_0_i/hls_inst/inst/grp_hngac_authorize_Pipeline_VITIS_LOOP_22_1_fu_137/i_fu_9006_out
    SLICE_X165Y173       FDRE                                         r  bd_0_i/hls_inst/inst/grp_hngac_authorize_Pipeline_VITIS_LOOP_22_1_fu_137/i_fu_90_reg[9]/CE
  -------------------------------------------------------------------    -------------------

                         (clock ap_clk rise edge)     5.000     5.000 r  
                                                      0.000     5.000 r  ap_clk (IN)
                         net (fo=941, unset)          0.020     5.020    bd_0_i/hls_inst/inst/grp_hngac_authorize_Pipeline_VITIS_LOOP_22_1_fu_137/ap_clk
    SLICE_X165Y173       FDRE                                         r  bd_0_i/hls_inst/inst/grp_hngac_authorize_Pipeline_VITIS_LOOP_22_1_fu_137/i_fu_90_reg[9]/C
                         clock pessimism              0.000     5.020    
                         clock uncertainty           -0.035     4.985    
    SLICE_X165Y173       FDRE (Setup_GFF_SLICEL_C_CE)
                                                     -0.060     4.925    bd_0_i/hls_inst/inst/grp_hngac_authorize_Pipeline_VITIS_LOOP_22_1_fu_137/i_fu_90_reg[9]
  -------------------------------------------------------------------
                         required time                          4.925    
                         arrival time                          -2.698    
  -------------------------------------------------------------------
                         slack                                  2.226    




