Copyright 1986-2022 Xilinx, Inc. All Rights Reserved. Copyright 2022-2025 Advanced Micro Devices, Inc. All Rights Reserved.
---------------------------------------------------------------------------------------------------------------------------------------------
| Tool Version : Vivado v.2025.2 (lin64) Build 6299465 Fri Nov 14 12:34:56 MST 2025
| Date         : Sun Apr 19 00:30:22 2026
| Host         : ip-172-31-89-13 running 64-bit Ubuntu 24.04.1 LTS
| Command      : report_design_analysis -file ./report/hngac_authorize_design_analysis_routed.rpt
| Design       : bd_0_wrapper
| Device       : xcvu47p
| Design State : Routed
---------------------------------------------------------------------------------------------------------------------------------------------

Report Design Analysis

Table of Contents
-----------------
1. Setup Path Characteristics 1-1
2. Logic Level Distribution
3. Placer Final Level Congestion Reporting
4. Router Initial Congestion

1. Setup Path Characteristics 1-1
---------------------------------

+---------------------------+-------------------------------------------------------------------------------------+
|      Characteristics      |                                       Path #1                                       |
+---------------------------+-------------------------------------------------------------------------------------+
| Requirement               | 5.000                                                                               |
| Path Delay                | 2.724                                                                               |
| Logic Delay               | 0.752(28%)                                                                          |
| Net Delay                 | 1.972(72%)                                                                          |
| Clock Skew                | -0.010                                                                              |
| Slack                     | 2.170                                                                               |
| Clock Uncertainty         | 0.035                                                                               |
| Clock Pair Classification | Timed                                                                               |
| Clock Delay Group         | Same Clock                                                                          |
| Logic Levels              | 7                                                                                   |
| Routes                    | 8                                                                                   |
| Logical Path              | FDRE/C-(64)-LUT6-(1)-LUT4-(1)-LUT6-(1)-LUT6-(1)-LUT6-(4)-LUT6-(1)-LUT2-(10)-FDRE/CE |
| Start Point Clock         | ap_clk                                                                              |
| End Point Clock           | ap_clk                                                                              |
| DSP Block                 | None                                                                                |
| RAM Registers             | None-None                                                                           |
| IO Crossings              | 0                                                                                   |
| SLR Crossings             | 0                                                                                   |
| PBlocks                   | 0                                                                                   |
| High Fanout               | 64                                                                                  |
| ASYNC REG                 | 0                                                                                   |
| Dont Touch                | 0                                                                                   |
| Mark Debug                | 0                                                                                   |
| Start Point Pin Primitive | FDRE/C                                                                              |
| End Point Pin Primitive   | FDRE/CE                                                                             |
| Start Point Pin           | zext_ln22_cast_reg_411_reg[7]/C                                                     |
| End Point Pin             | i_fu_90_reg[1]/CE                                                                   |
+---------------------------+-------------------------------------------------------------------------------------+
* Bounding box calculated as % of dimensions for the target device (5130, 1566)


2. Logic Level Distribution
---------------------------

+-----------------+-------------+-----+-----+-----+----+---+---+---+----+
| End Point Clock | Requirement |  0  |  1  |  2  |  3 | 4 | 5 | 6 |  7 |
+-----------------+-------------+-----+-----+-----+----+---+---+---+----+
| ap_clk          | 5.000ns     | 308 | 216 | 410 | 43 | 4 | 1 | 1 | 17 |
+-----------------+-------------+-----+-----+-----+----+---+---+---+----+
* Columns represent the logic levels per end point clock
** Distribution is for top worst 1000 paths


3. Placer Final Level Congestion Reporting
------------------------------------------

+-----------+------+-------+--------+---------------+----------------+-----+--------+------+------+------+------+-----+-------+-----+------------+
| Direction | Type | Level | Window | Combined LUTs | Avg LUT Inputs | LUT | LUTRAM | Flop | MUXF | RAMB | URAM | DSP | CARRY | SRL | Cell Names |
+-----------+------+-------+--------+---------------+----------------+-----+--------+------+------+------+------+-----+-------+-----+------------+
* No congestion windows are found above level 5


4. Router Initial Congestion
----------------------------

+-----------+------+-------+--------+---------------+----------------+-----+--------+------+------+------+------+-----+-------+-----+------------+-------------+
| Direction | Type | Level | Window | Combined LUTs | Avg LUT Inputs | LUT | LUTRAM | Flop | MUXF | RAMB | URAM | DSP | CARRY | SRL | Cell Names | Sub Windows |
+-----------+------+-------+--------+---------------+----------------+-----+--------+------+------+------+------+-----+-------+-----+------------+-------------+
* No effective congestion windows are found above level 5


