Copyright 1986-2022 Xilinx, Inc. All Rights Reserved. Copyright 2022-2025 Advanced Micro Devices, Inc. All Rights Reserved.
-------------------------------------------------------------------------------------------------------------------------------------------------
| Tool Version     : Vivado v.2025.2 (lin64) Build 6299465 Fri Nov 14 12:34:56 MST 2025
| Date             : Sun Apr 19 00:30:22 2026
| Host             : ip-172-31-89-13 running 64-bit Ubuntu 24.04.1 LTS
| Command          : report_power -file ./report/hngac_authorize_power_routed.rpt -xpe ./hngac_authorize_power.xpe
| Design           : bd_0_wrapper
| Device           : xcvu47p-fsvh2892-2L-e
| Design State     : routed
| Grade            : extended
| Process          : typical
| Characterization : Production
-------------------------------------------------------------------------------------------------------------------------------------------------

Power Report

Table of Contents
-----------------
1. Summary
1.1 On-Chip Components
1.2 Power Supply Summary
1.3 Confidence Level
2. Settings
2.1 Environment
2.2 Clock Constraints
3. Detailed Reports
3.1 By Hierarchy

1. Summary
----------

+--------------------------+--------------+
| Total On-Chip Power (W)  | 3.283        |
|   FPGA Power (W)         | 2.898        |
|   HBM Power (W)          | 0.386        |
| Design Power Budget (W)  | Unspecified* |
| Power Budget Margin (W)  | NA           |
| Dynamic (W)              | 0.011        |
| Device Static (W)        | 3.273        |
| Effective TJA (C/W)      | 0.4          |
| Max Ambient (C)          | 98.6         |
| Junction Temperature (C) | 26.4         |
| Confidence Level         | Medium       |
| Setting File             | ---          |
| Simulation Activity File | ---          |
| Design Nets Matched      | NA           |
+--------------------------+--------------+
* Specify Design Power Budget using, set_operating_conditions -design_power_budget <value in Watts>


1.1 On-Chip Components
----------------------

+----------------+-----------+----------+-----------+-----------------+
| On-Chip        | Power (W) | Used     | Available | Utilization (%) |
+----------------+-----------+----------+-----------+-----------------+
| Clocks         |     0.007 |        3 |       --- |             --- |
| CLB Logic      |     0.003 |     2015 |       --- |             --- |
|   LUT as Logic |     0.003 |      796 |   1303680 |            0.06 |
|   Register     |    <0.001 |      942 |   2607360 |            0.04 |
|   CARRY8       |    <0.001 |       15 |    162960 |           <0.01 |
|   Others       |     0.000 |       10 |       --- |             --- |
|   F7/F8 Muxes  |     0.000 |        1 |   1303680 |           <0.01 |
| Signals        |     0.001 |     1373 |       --- |             --- |
| Static Power   |     3.273 |          |           |                 |
| Total          |     3.283 |          |           |                 |
+----------------+-----------+----------+-----------+-----------------+


1.2 Power Supply Summary
------------------------

+------------------+-------------+-----------+-------------+------------+-------------+-------------+------------+
| Source           | Voltage (V) | Total (A) | Dynamic (A) | Static (A) | Powerup (A) | Budget (A)  | Margin (A) |
+------------------+-------------+-----------+-------------+------------+-------------+-------------+------------+
| Vccint           |       0.850 |     1.273 |       0.013 |      1.261 |       NA    | Unspecified | NA         |
| Vccint_io        |       0.850 |     0.237 |       0.000 |      0.237 |       NA    | Unspecified | NA         |
| Vccbram          |       0.850 |     0.030 |       0.000 |      0.030 |       NA    | Unspecified | NA         |
| Vccaux           |       1.800 |     0.822 |       0.000 |      0.822 |       NA    | Unspecified | NA         |
| Vccaux_io        |       1.800 |     0.035 |       0.000 |      0.035 |       NA    | Unspecified | NA         |
| Vcco33           |       3.300 |     0.000 |       0.000 |      0.000 |       NA    | Unspecified | NA         |
| Vcco25           |       2.500 |     0.000 |       0.000 |      0.000 |       NA    | Unspecified | NA         |
| Vcco18           |       1.800 |     0.000 |       0.000 |      0.000 |       NA    | Unspecified | NA         |
| Vcco15           |       1.500 |     0.000 |       0.000 |      0.000 |       NA    | Unspecified | NA         |
| Vcco135          |       1.350 |     0.000 |       0.000 |      0.000 |       NA    | Unspecified | NA         |
| Vcco12           |       1.200 |     0.000 |       0.000 |      0.000 |       NA    | Unspecified | NA         |
| Vcco10           |       1.000 |     0.000 |       0.000 |      0.000 |       NA    | Unspecified | NA         |
| Vccadc           |       1.800 |     0.024 |       0.000 |      0.024 |       NA    | Unspecified | NA         |
| VCC_IO_HBM       |       1.200 |     0.082 |       0.000 |      0.082 |       NA    | Unspecified | NA         |
| VCC_HBM          |       1.200 |     0.152 |       0.000 |      0.152 |       NA    | Unspecified | NA         |
| VCCAUX_HBM       |       2.500 |     0.043 |       0.000 |      0.043 |       NA    | Unspecified | NA         |
| VMGTAVCC (GTY)   |       0.900 |     0.000 |       0.000 |      0.000 |       NA    | Unspecified | NA         |
| VMGTAVTT (GTY)   |       1.200 |     0.000 |       0.000 |      0.000 |       NA    | Unspecified | NA         |
| VMGTVCCAUX (GTY) |       1.800 |     0.000 |       0.000 |      0.000 |       NA    | Unspecified | NA         |
+------------------+-------------+-----------+-------------+------------+-------------+-------------+------------+


1.3 Confidence Level
--------------------

+-----------------------------+------------+------------------------------------------------+------------------------------------------------------------------------------------------------------------+
| User Input Data             | Confidence | Details                                        | Action                                                                                                     |
+-----------------------------+------------+------------------------------------------------+------------------------------------------------------------------------------------------------------------+
| Design implementation state | High       | Design is routed                               |                                                                                                            |
| Clock nodes activity        | High       | User specified more than 95% of clocks         |                                                                                                            |
| I/O nodes activity          | High       | User specified more than 95% of inputs         |                                                                                                            |
| Internal nodes activity     | Medium     | User specified less than 25% of internal nodes | Provide missing internal nodes activity with simulation results or by editing the "By Resource Type" views |
| Device models               | High       | Device models are Production                   |                                                                                                            |
|                             |            |                                                |                                                                                                            |
| Overall confidence level    | Medium     |                                                |                                                                                                            |
+-----------------------------+------------+------------------------------------------------+------------------------------------------------------------------------------------------------------------+


2. Settings
-----------

2.1 Environment
---------------

+-----------------------+--------------------------+
| Ambient Temp (C)      | 25.0                     |
| ThetaJA (C/W)         | 0.4                      |
| Airflow (LFM)         | 250                      |
| Heat Sink             | medium (Medium Profile)  |
| ThetaSA (C/W)         | 0.5                      |
| Board Selection       | medium (10"x10")         |
| # of Board Layers     | 12to15 (12 to 15 Layers) |
| Board Temperature (C) | 25.0                     |
+-----------------------+--------------------------+


2.2 Clock Constraints
---------------------

+--------+--------+-----------------+
| Clock  | Domain | Constraint (ns) |
+--------+--------+-----------------+
| ap_clk | ap_clk |             5.0 |
+--------+--------+-----------------+


3. Detailed Reports
-------------------

3.1 By Hierarchy
----------------

+--------------+-----------+
| Name         | Power (W) |
+--------------+-----------+
| bd_0_wrapper |     0.011 |
|   bd_0_i     |     0.011 |
|     hls_inst |     0.011 |
|       inst   |     0.011 |
+--------------+-----------+


