Copyright 1986-2022 Xilinx, Inc. All Rights Reserved. Copyright 2022-2025 Advanced Micro Devices, Inc. All Rights Reserved.
--------------------------------------------------------------------------------------------------------------------------------------------------
| Tool Version      : Vivado v.2025.2 (lin64) Build 6299465 Fri Nov 14 12:34:56 MST 2025
| Date              : Sun Apr 19 00:29:27 2026
| Host              : ip-172-31-89-13 running 64-bit Ubuntu 24.04.1 LTS
| Command           : report_timing_summary -file ./report/hngac_authorize_timing_routed.rpt
| Design            : bd_0_wrapper
| Device            : xcvu47p-fsvh2892
| Speed File        : -2L  PRODUCTION 1.30 05-01-2022
| Design State      : Routed
| Temperature Grade : E
--------------------------------------------------------------------------------------------------------------------------------------------------

Timing Summary Report

------------------------------------------------------------------------------------------------
| Timer Settings
| --------------
------------------------------------------------------------------------------------------------

  Enable Multi Corner Analysis               :  Yes
  Enable Pessimism Removal                   :  Yes
  Pessimism Removal Resolution               :  Nearest Common Node
  Enable Input Delay Default Clock           :  No
  Enable Preset / Clear Arcs                 :  No
  Disable Flight Delays                      :  No
  Ignore I/O Paths                           :  No
  Timing Early Launch at Borrowing Latches   :  No
  Borrow Time for Max Delay Exceptions       :  Yes
  Merge Timing Exceptions                    :  Yes
  Inter-SLR Compensation                     :  Conservative

  Corner  Analyze    Analyze    
  Name    Max Paths  Min Paths  
  ------  ---------  ---------  
  Slow    Yes        Yes        
  Fast    Yes        Yes        


------------------------------------------------------------------------------------------------
| Report Methodology
| ------------------
------------------------------------------------------------------------------------------------

Rule       Severity  Description                    Violations  
---------  --------  -----------------------------  ----------  
TIMING-18  Warning   Missing input or output delay  1000        

Note: This report is based on the most recent report_methodology run and may not be up-to-date. Run report_methodology on the current design for the latest report.



check_timing report

Table of Contents
-----------------
1. checking no_clock (0)
2. checking constant_clock (0)
3. checking pulse_width_clock (0)
4. checking unconstrained_internal_endpoints (0)
5. checking no_input_delay (854)
6. checking no_output_delay (49)
7. checking multiple_clock (0)
8. checking generated_clocks (0)
9. checking loops (0)
10. checking partial_input_delay (0)
11. checking partial_output_delay (0)
12. checking latch_loops (0)

1. checking no_clock (0)
------------------------
 There are 0 register/latch pins with no clock.


2. checking constant_clock (0)
------------------------------
 There are 0 register/latch pins with constant_clock.


3. checking pulse_width_clock (0)
---------------------------------
 There are 0 register/latch pins which need pulse_width check


4. checking unconstrained_internal_endpoints (0)
------------------------------------------------
 There are 0 pins that are not constrained for maximum delay.

 There are 0 pins that are not constrained for maximum delay due to constant clock.


5. checking no_input_delay (854)
--------------------------------
 There are 854 input ports with no input delay specified. (HIGH)

 There are 0 input ports with no input delay but user has a false path constraint.


6. checking no_output_delay (49)
--------------------------------
 There are 49 ports with no output delay specified. (HIGH)

 There are 0 ports with no output delay but user has a false path constraint

 There are 0 ports with no output delay but with a timing clock defined on it or propagating through it


7. checking multiple_clock (0)
------------------------------
 There are 0 register/latch pins with multiple clocks.


8. checking generated_clocks (0)
--------------------------------
 There are 0 generated clocks that are not connected to a clock source.


9. checking loops (0)
---------------------
 There are 0 combinational loops in the design.


10. checking partial_input_delay (0)
------------------------------------
 There are 0 input ports with partial input delay specified.


11. checking partial_output_delay (0)
-------------------------------------
 There are 0 ports with partial output delay specified.


12. checking latch_loops (0)
----------------------------
 There are 0 combinational latch loops in the design through latch input



------------------------------------------------------------------------------------------------
| Design Timing Summary
| ---------------------
------------------------------------------------------------------------------------------------

    WNS(ns)      TNS(ns)  TNS Failing Endpoints  TNS Total Endpoints      WHS(ns)      THS(ns)  THS Failing Endpoints  THS Total Endpoints     WPWS(ns)     TPWS(ns)  TPWS Failing Endpoints  TPWS Total Endpoints  
    -------      -------  ---------------------  -------------------      -------      -------  ---------------------  -------------------     --------     --------  ----------------------  --------------------  
      2.170        0.000                      0                 1987        0.044        0.000                      0                 1987        2.225        0.000                       0                   942  


All user specified timing constraints are met.


------------------------------------------------------------------------------------------------
| Clock Summary
| -------------
------------------------------------------------------------------------------------------------

Clock   Waveform(ns)         Period(ns)      Frequency(MHz)
-----   ------------         ----------      --------------
ap_clk  {0.000 2.500}        5.000           200.000         


------------------------------------------------------------------------------------------------
| Intra Clock Table
| -----------------
------------------------------------------------------------------------------------------------

Clock             WNS(ns)      TNS(ns)  TNS Failing Endpoints  TNS Total Endpoints      WHS(ns)      THS(ns)  THS Failing Endpoints  THS Total Endpoints     WPWS(ns)     TPWS(ns)  TPWS Failing Endpoints  TPWS Total Endpoints  
-----             -------      -------  ---------------------  -------------------      -------      -------  ---------------------  -------------------     --------     --------  ----------------------  --------------------  
ap_clk              2.170        0.000                      0                 1987        0.044        0.000                      0                 1987        2.225        0.000                       0                   942  


------------------------------------------------------------------------------------------------
| Inter Clock Table
| -----------------
------------------------------------------------------------------------------------------------

From Clock    To Clock          WNS(ns)      TNS(ns)  TNS Failing Endpoints  TNS Total Endpoints      WHS(ns)      THS(ns)  THS Failing Endpoints  THS Total Endpoints  
----------    --------          -------      -------  ---------------------  -------------------      -------      -------  ---------------------  -------------------  


------------------------------------------------------------------------------------------------
| Other Path Groups Table
| -----------------------
------------------------------------------------------------------------------------------------

Path Group    From Clock    To Clock          WNS(ns)      TNS(ns)  TNS Failing Endpoints  TNS Total Endpoints      WHS(ns)      THS(ns)  THS Failing Endpoints  THS Total Endpoints  
----------    ----------    --------          -------      -------  ---------------------  -------------------      -------      -------  ---------------------  -------------------  


------------------------------------------------------------------------------------------------
| Timing Details
| --------------
------------------------------------------------------------------------------------------------


---------------------------------------------------------------------------------------------------
From Clock:  ap_clk
  To Clock:  ap_clk

Setup :            0  Failing Endpoints,  Worst Slack        2.170ns,  Total Violation        0.000ns
Hold  :            0  Failing Endpoints,  Worst Slack        0.044ns,  Total Violation        0.000ns
PW    :            0  Failing Endpoints,  Worst Slack        2.225ns,  Total Violation        0.000ns
---------------------------------------------------------------------------------------------------


Max Delay Paths
--------------------------------------------------------------------------------------
Slack (MET) :             2.170ns  (required time - arrival time)
  Source:                 bd_0_i/hls_inst/inst/grp_hngac_authorize_Pipeline_VITIS_LOOP_22_1_fu_137/zext_ln22_cast_reg_411_reg[7]/C
                            (rising edge-triggered cell FDRE clocked by ap_clk  {rise@0.000ns fall@2.500ns period=5.000ns})
  Destination:            bd_0_i/hls_inst/inst/grp_hngac_authorize_Pipeline_VITIS_LOOP_22_1_fu_137/i_fu_90_reg[1]/CE
                            (rising edge-triggered cell FDRE clocked by ap_clk  {rise@0.000ns fall@2.500ns period=5.000ns})
  Path Group:             ap_clk
  Path Type:              Setup (Max at Slow Process Corner)
  Requirement:            5.000ns  (ap_clk rise@5.000ns - ap_clk rise@0.000ns)
  Data Path Delay:        2.724ns  (logic 0.752ns (27.604%)  route 1.972ns (72.396%))
  Logic Levels:           7  (LUT2=1 LUT4=1 LUT6=5)
  Clock Path Skew:        -0.010ns (DCD - SCD + CPR)
    Destination Clock Delay (DCD):    0.020ns = ( 5.020 - 5.000 ) 
    Source Clock Delay      (SCD):    0.030ns
    Clock Pessimism Removal (CPR):    0.000ns
  Clock Uncertainty:      0.035ns  ((TSJ^2 + TIJ^2)^1/2 + DJ) / 2 + PE
    Total System Jitter     (TSJ):    0.071ns
    Total Input Jitter      (TIJ):    0.000ns
    Discrete Jitter          (DJ):    0.000ns
    Phase Error              (PE):    0.000ns

    Location             Delay type                Incr(ns)  Path(ns)    Netlist Resource(s)
  -------------------------------------------------------------------    -------------------
                         (clock ap_clk rise edge)     0.000     0.000 r  
                                                      0.000     0.000 r  ap_clk (IN)
                         net (fo=941, unset)          0.030     0.030    bd_0_i/hls_inst/inst/grp_hngac_authorize_Pipeline_VITIS_LOOP_22_1_fu_137/ap_clk
    SLICE_X167Y176       FDRE                                         r  bd_0_i/hls_inst/inst/grp_hngac_authorize_Pipeline_VITIS_LOOP_22_1_fu_137/zext_ln22_cast_reg_411_reg[7]/C
  -------------------------------------------------------------------    -------------------
    SLICE_X167Y176       FDRE (Prop_CFF_SLICEM_C_Q)
                                                      0.078     0.108 r  bd_0_i/hls_inst/inst/grp_hngac_authorize_Pipeline_VITIS_LOOP_22_1_fu_137/zext_ln22_cast_reg_411_reg[7]/Q
                         net (fo=64, routed)          0.551     0.659    bd_0_i/hls_inst/inst/grp_hngac_authorize_Pipeline_VITIS_LOOP_22_1_fu_137/flow_control_loop_pipe_sequential_init_U/ap_return_preg[0]_i_75_0[1]
    SLICE_X168Y187       LUT6 (Prop_G6LUT_SLICEL_I2_O)
                                                      0.097     0.756 f  bd_0_i/hls_inst/inst/grp_hngac_authorize_Pipeline_VITIS_LOOP_22_1_fu_137/flow_control_loop_pipe_sequential_init_U/ap_return_preg[0]_i_120/O
                         net (fo=1, routed)           0.044     0.800    bd_0_i/hls_inst/inst/grp_hngac_authorize_Pipeline_VITIS_LOOP_22_1_fu_137/flow_control_loop_pipe_sequential_init_U/ap_return_preg[0]_i_120_n_0
    SLICE_X168Y187       LUT4 (Prop_F6LUT_SLICEL_I2_O)
                                                      0.097     0.897 f  bd_0_i/hls_inst/inst/grp_hngac_authorize_Pipeline_VITIS_LOOP_22_1_fu_137/flow_control_loop_pipe_sequential_init_U/ap_return_preg[0]_i_52/O
                         net (fo=1, routed)           0.255     1.152    bd_0_i/hls_inst/inst/grp_hngac_authorize_Pipeline_VITIS_LOOP_22_1_fu_137/flow_control_loop_pipe_sequential_init_U/ap_return_preg[0]_i_52_n_0
    SLICE_X171Y186       LUT6 (Prop_G6LUT_SLICEM_I5_O)
                                                      0.123     1.275 f  bd_0_i/hls_inst/inst/grp_hngac_authorize_Pipeline_VITIS_LOOP_22_1_fu_137/flow_control_loop_pipe_sequential_init_U/ap_return_preg[0]_i_14/O
                         net (fo=1, routed)           0.212     1.487    bd_0_i/hls_inst/inst/grp_hngac_authorize_Pipeline_VITIS_LOOP_22_1_fu_137/flow_control_loop_pipe_sequential_init_U/ap_return_preg[0]_i_14_n_0
    SLICE_X168Y186       LUT6 (Prop_C6LUT_SLICEL_I2_O)
                                                      0.050     1.537 f  bd_0_i/hls_inst/inst/grp_hngac_authorize_Pipeline_VITIS_LOOP_22_1_fu_137/flow_control_loop_pipe_sequential_init_U/ap_return_preg[0]_i_5/O
                         net (fo=1, routed)           0.089     1.626    bd_0_i/hls_inst/inst/grp_hngac_authorize_Pipeline_VITIS_LOOP_22_1_fu_137/flow_control_loop_pipe_sequential_init_U/ap_return_preg[0]_i_5_n_0
    SLICE_X168Y186       LUT6 (Prop_H6LUT_SLICEL_I2_O)
                                                      0.090     1.716 f  bd_0_i/hls_inst/inst/grp_hngac_authorize_Pipeline_VITIS_LOOP_22_1_fu_137/flow_control_loop_pipe_sequential_init_U/ap_return_preg[0]_i_2/O
                         net (fo=4, routed)           0.383     2.099    bd_0_i/hls_inst/inst/grp_hngac_authorize_Pipeline_VITIS_LOOP_22_1_fu_137/flow_control_loop_pipe_sequential_init_U_n_7
    SLICE_X166Y174       LUT6 (Prop_C6LUT_SLICEM_I4_O)
                                                      0.051     2.150 f  bd_0_i/hls_inst/inst/grp_hngac_authorize_Pipeline_VITIS_LOOP_22_1_fu_137/i_fu_90[9]_i_3/O
                         net (fo=1, routed)           0.059     2.209    bd_0_i/hls_inst/inst/grp_hngac_authorize_Pipeline_VITIS_LOOP_22_1_fu_137/i_fu_90[9]_i_3_n_0
    SLICE_X166Y174       LUT2 (Prop_F5LUT_SLICEM_I1_O)
                                                      0.166     2.375 r  bd_0_i/hls_inst/inst/grp_hngac_authorize_Pipeline_VITIS_LOOP_22_1_fu_137/i_fu_90[9]_i_2/O
                         net (fo=10, routed)          0.379     2.754    bd_0_i/hls_inst/inst/grp_hngac_authorize_Pipeline_VITIS_LOOP_22_1_fu_137/i_fu_9006_out
    SLICE_X165Y172       FDRE                                         r  bd_0_i/hls_inst/inst/grp_hngac_authorize_Pipeline_VITIS_LOOP_22_1_fu_137/i_fu_90_reg[1]/CE
  -------------------------------------------------------------------    -------------------

                         (clock ap_clk rise edge)     5.000     5.000 r  
                                                      0.000     5.000 r  ap_clk (IN)
                         net (fo=941, unset)          0.020     5.020    bd_0_i/hls_inst/inst/grp_hngac_authorize_Pipeline_VITIS_LOOP_22_1_fu_137/ap_clk
    SLICE_X165Y172       FDRE                                         r  bd_0_i/hls_inst/inst/grp_hngac_authorize_Pipeline_VITIS_LOOP_22_1_fu_137/i_fu_90_reg[1]/C
                         clock pessimism              0.000     5.020    
                         clock uncertainty           -0.035     4.985    
    SLICE_X165Y172       FDRE (Setup_EFF2_SLICEL_C_CE)
                                                     -0.060     4.925    bd_0_i/hls_inst/inst/grp_hngac_authorize_Pipeline_VITIS_LOOP_22_1_fu_137/i_fu_90_reg[1]
  -------------------------------------------------------------------
                         required time                          4.925    
                         arrival time                          -2.754    
  -------------------------------------------------------------------
                         slack                                  2.170    





Min Delay Paths
--------------------------------------------------------------------------------------
Slack (MET) :             0.044ns  (arrival time - required time)
  Source:                 bd_0_i/hls_inst/inst/control_s_axi_U/int_request_reg[323]/C
                            (rising edge-triggered cell FDRE clocked by ap_clk  {rise@0.000ns fall@2.500ns period=5.000ns})
  Destination:            bd_0_i/hls_inst/inst/available_assign_reg_354_reg[3]/D
                            (rising edge-triggered cell FDRE clocked by ap_clk  {rise@0.000ns fall@2.500ns period=5.000ns})
  Path Group:             ap_clk
  Path Type:              Hold (Min at Fast Process Corner)
  Requirement:            0.000ns  (ap_clk rise@0.000ns - ap_clk rise@0.000ns)
  Data Path Delay:        0.098ns  (logic 0.041ns (41.757%)  route 0.057ns (58.243%))
  Logic Levels:           0  
  Clock Path Skew:        0.007ns (DCD - SCD - CPR)
    Destination Clock Delay (DCD):    0.019ns
    Source Clock Delay      (SCD):    0.012ns
    Clock Pessimism Removal (CPR):    -0.000ns

    Location             Delay type                Incr(ns)  Path(ns)    Netlist Resource(s)
  -------------------------------------------------------------------    -------------------
                         (clock ap_clk rise edge)     0.000     0.000 r  
                                                      0.000     0.000 r  ap_clk (IN)
                         net (fo=941, unset)          0.012     0.012    bd_0_i/hls_inst/inst/control_s_axi_U/ap_clk
    SLICE_X173Y173       FDRE                                         r  bd_0_i/hls_inst/inst/control_s_axi_U/int_request_reg[323]/C
  -------------------------------------------------------------------    -------------------
    SLICE_X173Y173       FDRE (Prop_DFF2_SLICEL_C_Q)
                                                      0.041     0.053 r  bd_0_i/hls_inst/inst/control_s_axi_U/int_request_reg[323]/Q
                         net (fo=3, routed)           0.057     0.110    bd_0_i/hls_inst/inst/request[323]
    SLICE_X174Y173       FDRE                                         r  bd_0_i/hls_inst/inst/available_assign_reg_354_reg[3]/D
  -------------------------------------------------------------------    -------------------

                         (clock ap_clk rise edge)     0.000     0.000 r  
                                                      0.000     0.000 r  ap_clk (IN)
                         net (fo=941, unset)          0.019     0.019    bd_0_i/hls_inst/inst/ap_clk
    SLICE_X174Y173       FDRE                                         r  bd_0_i/hls_inst/inst/available_assign_reg_354_reg[3]/C
                         clock pessimism              0.000     0.019    
    SLICE_X174Y173       FDRE (Hold_EFF2_SLICEL_C_D)
                                                      0.047     0.066    bd_0_i/hls_inst/inst/available_assign_reg_354_reg[3]
  -------------------------------------------------------------------
                         required time                         -0.066    
                         arrival time                           0.110    
  -------------------------------------------------------------------
                         slack                                  0.044    





Pulse Width Checks
--------------------------------------------------------------------------------------
Clock Name:         ap_clk
Waveform(ns):       { 0.000 2.500 }
Period(ns):         5.000
Sources:            { ap_clk }

Check Type        Corner  Lib Pin  Reference Pin  Required(ns)  Actual(ns)  Slack(ns)  Location        Pin
Min Period        n/a     FDRE/C   n/a            0.550         5.000       4.450      SLICE_X167Y176  bd_0_i/hls_inst/inst/and_ln_reg_393_reg[6]/C
Low Pulse Width   Slow    FDRE/C   n/a            0.275         2.500       2.225      SLICE_X167Y176  bd_0_i/hls_inst/inst/and_ln_reg_393_reg[6]/C
High Pulse Width  Slow    FDRE/C   n/a            0.275         2.500       2.225      SLICE_X167Y176  bd_0_i/hls_inst/inst/and_ln_reg_393_reg[6]/C



