Copyright 1986-2022 Xilinx, Inc. All Rights Reserved. Copyright 2022-2025 Advanced Micro Devices, Inc. All Rights Reserved.
--------------------------------------------------------------------------------------------------------------------------------------------------
| Tool Version      : Vivado v.2025.2 (lin64) Build 6299465 Fri Nov 14 12:34:56 MST 2025
| Date              : Sun Apr 19 00:21:44 2026
| Host              : ip-172-31-89-13 running 64-bit Ubuntu 24.04.1 LTS
| Command           : report_timing -max_paths 10 -file ./report/hngac_authorize_timing_paths_synth.rpt
| Design            : bd_0_wrapper
| Device            : xcvu47p-fsvh2892
| Speed File        : -2L  PRODUCTION 1.30 05-01-2022
| Design State      : Synthesized
| Temperature Grade : E
--------------------------------------------------------------------------------------------------------------------------------------------------

Timing Report

Slack (MET) :             2.993ns  (required time - arrival time)
  Source:                 bd_0_i/hls_inst/inst/grp_hngac_authorize_Pipeline_VITIS_LOOP_22_1_fu_137/zext_ln22_cast_reg_411_reg[7]/C
                            (rising edge-triggered cell FDRE clocked by ap_clk  {rise@0.000ns fall@2.500ns period=5.000ns})
  Destination:            bd_0_i/hls_inst/inst/grp_hngac_authorize_Pipeline_VITIS_LOOP_22_1_fu_137/i_fu_90_reg[0]/CE
                            (rising edge-triggered cell FDRE clocked by ap_clk  {rise@0.000ns fall@2.500ns period=5.000ns})
  Path Group:             ap_clk
  Path Type:              Setup (Max at Slow Process Corner)
  Requirement:            5.000ns  (ap_clk rise@5.000ns - ap_clk rise@0.000ns)
  Data Path Delay:        1.903ns  (logic 0.529ns (27.798%)  route 1.374ns (72.202%))
  Logic Levels:           7  (LUT2=1 LUT4=1 LUT6=5)
  Clock Path Skew:        -0.008ns (DCD - SCD + CPR)
    Destination Clock Delay (DCD):    0.020ns = ( 5.020 - 5.000 ) 
    Source Clock Delay      (SCD):    0.028ns
    Clock Pessimism Removal (CPR):    0.000ns
  Clock Uncertainty:      0.035ns  ((TSJ^2 + TIJ^2)^1/2 + DJ) / 2 + PE
    Total System Jitter     (TSJ):    0.071ns
    Total Input Jitter      (TIJ):    0.000ns
    Discrete Jitter          (DJ):    0.000ns
    Phase Error              (PE):    0.000ns

    Location             Delay type                Incr(ns)  Path(ns)    Netlist Resource(s)
  -------------------------------------------------------------------    -------------------
                         (clock ap_clk rise edge)     0.000     0.000 r  
                                                      0.000     0.000 r  ap_clk (IN)
                         net (fo=941, unset)          0.028     0.028    bd_0_i/hls_inst/inst/grp_hngac_authorize_Pipeline_VITIS_LOOP_22_1_fu_137/ap_clk
                         FDRE                                         r  bd_0_i/hls_inst/inst/grp_hngac_authorize_Pipeline_VITIS_LOOP_22_1_fu_137/zext_ln22_cast_reg_411_reg[7]/C
  -------------------------------------------------------------------    -------------------
                         FDRE (Prop_FDRE_C_Q)         0.077     0.105 r  bd_0_i/hls_inst/inst/grp_hngac_authorize_Pipeline_VITIS_LOOP_22_1_fu_137/zext_ln22_cast_reg_411_reg[7]/Q
                         net (fo=64, unplaced)        0.167     0.272    bd_0_i/hls_inst/inst/grp_hngac_authorize_Pipeline_VITIS_LOOP_22_1_fu_137/flow_control_loop_pipe_sequential_init_U/ap_return_preg[0]_i_75_0[1]
                         LUT6 (Prop_LUT6_I2_O)        0.100     0.372 f  bd_0_i/hls_inst/inst/grp_hngac_authorize_Pipeline_VITIS_LOOP_22_1_fu_137/flow_control_loop_pipe_sequential_init_U/ap_return_preg[0]_i_114/O
                         net (fo=1, unplaced)         0.185     0.557    bd_0_i/hls_inst/inst/grp_hngac_authorize_Pipeline_VITIS_LOOP_22_1_fu_137/flow_control_loop_pipe_sequential_init_U/ap_return_preg[0]_i_114_n_0
                         LUT4 (Prop_LUT4_I2_O)        0.038     0.595 f  bd_0_i/hls_inst/inst/grp_hngac_authorize_Pipeline_VITIS_LOOP_22_1_fu_137/flow_control_loop_pipe_sequential_init_U/ap_return_preg[0]_i_49/O
                         net (fo=1, unplaced)         0.141     0.736    bd_0_i/hls_inst/inst/grp_hngac_authorize_Pipeline_VITIS_LOOP_22_1_fu_137/flow_control_loop_pipe_sequential_init_U/ap_return_preg[0]_i_49_n_0
                         LUT6 (Prop_LUT6_I2_O)        0.100     0.836 f  bd_0_i/hls_inst/inst/grp_hngac_authorize_Pipeline_VITIS_LOOP_22_1_fu_137/flow_control_loop_pipe_sequential_init_U/ap_return_preg[0]_i_14/O
                         net (fo=1, unplaced)         0.185     1.021    bd_0_i/hls_inst/inst/grp_hngac_authorize_Pipeline_VITIS_LOOP_22_1_fu_137/flow_control_loop_pipe_sequential_init_U/ap_return_preg[0]_i_14_n_0
                         LUT6 (Prop_LUT6_I2_O)        0.038     1.059 f  bd_0_i/hls_inst/inst/grp_hngac_authorize_Pipeline_VITIS_LOOP_22_1_fu_137/flow_control_loop_pipe_sequential_init_U/ap_return_preg[0]_i_5/O
                         net (fo=1, unplaced)         0.141     1.200    bd_0_i/hls_inst/inst/grp_hngac_authorize_Pipeline_VITIS_LOOP_22_1_fu_137/flow_control_loop_pipe_sequential_init_U/ap_return_preg[0]_i_5_n_0
                         LUT6 (Prop_LUT6_I2_O)        0.100     1.300 f  bd_0_i/hls_inst/inst/grp_hngac_authorize_Pipeline_VITIS_LOOP_22_1_fu_137/flow_control_loop_pipe_sequential_init_U/ap_return_preg[0]_i_2/O
                         net (fo=4, unplaced)         0.197     1.497    bd_0_i/hls_inst/inst/grp_hngac_authorize_Pipeline_VITIS_LOOP_22_1_fu_137/flow_control_loop_pipe_sequential_init_U_n_7
                         LUT6 (Prop_LUT6_I4_O)        0.038     1.535 f  bd_0_i/hls_inst/inst/grp_hngac_authorize_Pipeline_VITIS_LOOP_22_1_fu_137/i_fu_90[9]_i_3/O
                         net (fo=1, unplaced)         0.185     1.720    bd_0_i/hls_inst/inst/grp_hngac_authorize_Pipeline_VITIS_LOOP_22_1_fu_137/i_fu_90[9]_i_3_n_0
                         LUT2 (Prop_LUT2_I1_O)        0.038     1.758 r  bd_0_i/hls_inst/inst/grp_hngac_authorize_Pipeline_VITIS_LOOP_22_1_fu_137/i_fu_90[9]_i_2/O
                         net (fo=10, unplaced)        0.173     1.931    bd_0_i/hls_inst/inst/grp_hngac_authorize_Pipeline_VITIS_LOOP_22_1_fu_137/i_fu_9006_out
                         FDRE                                         r  bd_0_i/hls_inst/inst/grp_hngac_authorize_Pipeline_VITIS_LOOP_22_1_fu_137/i_fu_90_reg[0]/CE
  -------------------------------------------------------------------    -------------------

                         (clock ap_clk rise edge)     5.000     5.000 r  
                                                      0.000     5.000 r  ap_clk (IN)
                         net (fo=941, unset)          0.020     5.020    bd_0_i/hls_inst/inst/grp_hngac_authorize_Pipeline_VITIS_LOOP_22_1_fu_137/ap_clk
                         FDRE                                         r  bd_0_i/hls_inst/inst/grp_hngac_authorize_Pipeline_VITIS_LOOP_22_1_fu_137/i_fu_90_reg[0]/C
                         clock pessimism              0.000     5.020    
                         clock uncertainty           -0.035     4.985    
                         FDRE (Setup_FDRE_C_CE)      -0.061     4.924    bd_0_i/hls_inst/inst/grp_hngac_authorize_Pipeline_VITIS_LOOP_22_1_fu_137/i_fu_90_reg[0]
  -------------------------------------------------------------------
                         required time                          4.924    
                         arrival time                          -1.931    
  -------------------------------------------------------------------
                         slack                                  2.993    

Slack (MET) :             2.993ns  (required time - arrival time)
  Source:                 bd_0_i/hls_inst/inst/grp_hngac_authorize_Pipeline_VITIS_LOOP_22_1_fu_137/zext_ln22_cast_reg_411_reg[7]/C
                            (rising edge-triggered cell FDRE clocked by ap_clk  {rise@0.000ns fall@2.500ns period=5.000ns})
  Destination:            bd_0_i/hls_inst/inst/grp_hngac_authorize_Pipeline_VITIS_LOOP_22_1_fu_137/i_fu_90_reg[1]/CE
                            (rising edge-triggered cell FDRE clocked by ap_clk  {rise@0.000ns fall@2.500ns period=5.000ns})
  Path Group:             ap_clk
  Path Type:              Setup (Max at Slow Process Corner)
  Requirement:            5.000ns  (ap_clk rise@5.000ns - ap_clk rise@0.000ns)
  Data Path Delay:        1.903ns  (logic 0.529ns (27.798%)  route 1.374ns (72.202%))
  Logic Levels:           7  (LUT2=1 LUT4=1 LUT6=5)
  Clock Path Skew:        -0.008ns (DCD - SCD + CPR)
    Destination Clock Delay (DCD):    0.020ns = ( 5.020 - 5.000 ) 
    Source Clock Delay      (SCD):    0.028ns
    Clock Pessimism Removal (CPR):    0.000ns
  Clock Uncertainty:      0.035ns  ((TSJ^2 + TIJ^2)^1/2 + DJ) / 2 + PE
    Total System Jitter     (TSJ):    0.071ns
    Total Input Jitter      (TIJ):    0.000ns
    Discrete Jitter          (DJ):    0.000ns
    Phase Error              (PE):    0.000ns

    Location             Delay type                Incr(ns)  Path(ns)    Netlist Resource(s)
  -------------------------------------------------------------------    -------------------
                         (clock ap_clk rise edge)     0.000     0.000 r  
                                                      0.000     0.000 r  ap_clk (IN)
                         net (fo=941, unset)          0.028     0.028    bd_0_i/hls_inst/inst/grp_hngac_authorize_Pipeline_VITIS_LOOP_22_1_fu_137/ap_clk
                         FDRE                                         r  bd_0_i/hls_inst/inst/grp_hngac_authorize_Pipeline_VITIS_LOOP_22_1_fu_137/zext_ln22_cast_reg_411_reg[7]/C
  -------------------------------------------------------------------    -------------------
                         FDRE (Prop_FDRE_C_Q)         0.077     0.105 r  bd_0_i/hls_inst/inst/grp_hngac_authorize_Pipeline_VITIS_LOOP_22_1_fu_137/zext_ln22_cast_reg_411_reg[7]/Q
                         net (fo=64, unplaced)        0.167     0.272    bd_0_i/hls_inst/inst/grp_hngac_authorize_Pipeline_VITIS_LOOP_22_1_fu_137/flow_control_loop_pipe_sequential_init_U/ap_return_preg[0]_i_75_0[1]
                         LUT6 (Prop_LUT6_I2_O)        0.100     0.372 f  bd_0_i/hls_inst/inst/grp_hngac_authorize_Pipeline_VITIS_LOOP_22_1_fu_137/flow_control_loop_pipe_sequential_init_U/ap_return_preg[0]_i_114/O
                         net (fo=1, unplaced)         0.185     0.557    bd_0_i/hls_inst/inst/grp_hngac_authorize_Pipeline_VITIS_LOOP_22_1_fu_137/flow_control_loop_pipe_sequential_init_U/ap_return_preg[0]_i_114_n_0
                         LUT4 (Prop_LUT4_I2_O)        0.038     0.595 f  bd_0_i/hls_inst/inst/grp_hngac_authorize_Pipeline_VITIS_LOOP_22_1_fu_137/flow_control_loop_pipe_sequential_init_U/ap_return_preg[0]_i_49/O
                         net (fo=1, unplaced)         0.141     0.736    bd_0_i/hls_inst/inst/grp_hngac_authorize_Pipeline_VITIS_LOOP_22_1_fu_137/flow_control_loop_pipe_sequential_init_U/ap_return_preg[0]_i_49_n_0
                         LUT6 (Prop_LUT6_I2_O)        0.100     0.836 f  bd_0_i/hls_inst/inst/grp_hngac_authorize_Pipeline_VITIS_LOOP_22_1_fu_137/flow_control_loop_pipe_sequential_init_U/ap_return_preg[0]_i_14/O
                         net (fo=1, unplaced)         0.185     1.021    bd_0_i/hls_inst/inst/grp_hngac_authorize_Pipeline_VITIS_LOOP_22_1_fu_137/flow_control_loop_pipe_sequential_init_U/ap_return_preg[0]_i_14_n_0
                         LUT6 (Prop_LUT6_I2_O)        0.038     1.059 f  bd_0_i/hls_inst/inst/grp_hngac_authorize_Pipeline_VITIS_LOOP_22_1_fu_137/flow_control_loop_pipe_sequential_init_U/ap_return_preg[0]_i_5/O
                         net (fo=1, unplaced)         0.141     1.200    bd_0_i/hls_inst/inst/grp_hngac_authorize_Pipeline_VITIS_LOOP_22_1_fu_137/flow_control_loop_pipe_sequential_init_U/ap_return_preg[0]_i_5_n_0
                         LUT6 (Prop_LUT6_I2_O)        0.100     1.300 f  bd_0_i/hls_inst/inst/grp_hngac_authorize_Pipeline_VITIS_LOOP_22_1_fu_137/flow_control_loop_pipe_sequential_init_U/ap_return_preg[0]_i_2/O
                         net (fo=4, unplaced)         0.197     1.497    bd_0_i/hls_inst/inst/grp_hngac_authorize_Pipeline_VITIS_LOOP_22_1_fu_137/flow_control_loop_pipe_sequential_init_U_n_7
                         LUT6 (Prop_LUT6_I4_O)        0.038     1.535 f  bd_0_i/hls_inst/inst/grp_hngac_authorize_Pipeline_VITIS_LOOP_22_1_fu_137/i_fu_90[9]_i_3/O
                         net (fo=1, unplaced)         0.185     1.720    bd_0_i/hls_inst/inst/grp_hngac_authorize_Pipeline_VITIS_LOOP_22_1_fu_137/i_fu_90[9]_i_3_n_0
                         LUT2 (Prop_LUT2_I1_O)        0.038     1.758 r  bd_0_i/hls_inst/inst/grp_hngac_authorize_Pipeline_VITIS_LOOP_22_1_fu_137/i_fu_90[9]_i_2/O
                         net (fo=10, unplaced)        0.173     1.931    bd_0_i/hls_inst/inst/grp_hngac_authorize_Pipeline_VITIS_LOOP_22_1_fu_137/i_fu_9006_out
                         FDRE                                         r  bd_0_i/hls_inst/inst/grp_hngac_authorize_Pipeline_VITIS_LOOP_22_1_fu_137/i_fu_90_reg[1]/CE
  -------------------------------------------------------------------    -------------------

                         (clock ap_clk rise edge)     5.000     5.000 r  
                                                      0.000     5.000 r  ap_clk (IN)
                         net (fo=941, unset)          0.020     5.020    bd_0_i/hls_inst/inst/grp_hngac_authorize_Pipeline_VITIS_LOOP_22_1_fu_137/ap_clk
                         FDRE                                         r  bd_0_i/hls_inst/inst/grp_hngac_authorize_Pipeline_VITIS_LOOP_22_1_fu_137/i_fu_90_reg[1]/C
                         clock pessimism              0.000     5.020    
                         clock uncertainty           -0.035     4.985    
                         FDRE (Setup_FDRE_C_CE)      -0.061     4.924    bd_0_i/hls_inst/inst/grp_hngac_authorize_Pipeline_VITIS_LOOP_22_1_fu_137/i_fu_90_reg[1]
  -------------------------------------------------------------------
                         required time                          4.924    
                         arrival time                          -1.931    
  -------------------------------------------------------------------
                         slack                                  2.993    

Slack (MET) :             2.993ns  (required time - arrival time)
  Source:                 bd_0_i/hls_inst/inst/grp_hngac_authorize_Pipeline_VITIS_LOOP_22_1_fu_137/zext_ln22_cast_reg_411_reg[7]/C
                            (rising edge-triggered cell FDRE clocked by ap_clk  {rise@0.000ns fall@2.500ns period=5.000ns})
  Destination:            bd_0_i/hls_inst/inst/grp_hngac_authorize_Pipeline_VITIS_LOOP_22_1_fu_137/i_fu_90_reg[2]/CE
                            (rising edge-triggered cell FDRE clocked by ap_clk  {rise@0.000ns fall@2.500ns period=5.000ns})
  Path Group:             ap_clk
  Path Type:              Setup (Max at Slow Process Corner)
  Requirement:            5.000ns  (ap_clk rise@5.000ns - ap_clk rise@0.000ns)
  Data Path Delay:        1.903ns  (logic 0.529ns (27.798%)  route 1.374ns (72.202%))
  Logic Levels:           7  (LUT2=1 LUT4=1 LUT6=5)
  Clock Path Skew:        -0.008ns (DCD - SCD + CPR)
    Destination Clock Delay (DCD):    0.020ns = ( 5.020 - 5.000 ) 
    Source Clock Delay      (SCD):    0.028ns
    Clock Pessimism Removal (CPR):    0.000ns
  Clock Uncertainty:      0.035ns  ((TSJ^2 + TIJ^2)^1/2 + DJ) / 2 + PE
    Total System Jitter     (TSJ):    0.071ns
    Total Input Jitter      (TIJ):    0.000ns
    Discrete Jitter          (DJ):    0.000ns
    Phase Error              (PE):    0.000ns

    Location             Delay type                Incr(ns)  Path(ns)    Netlist Resource(s)
  -------------------------------------------------------------------    -------------------
                         (clock ap_clk rise edge)     0.000     0.000 r  
                                                      0.000     0.000 r  ap_clk (IN)
                         net (fo=941, unset)          0.028     0.028    bd_0_i/hls_inst/inst/grp_hngac_authorize_Pipeline_VITIS_LOOP_22_1_fu_137/ap_clk
                         FDRE                                         r  bd_0_i/hls_inst/inst/grp_hngac_authorize_Pipeline_VITIS_LOOP_22_1_fu_137/zext_ln22_cast_reg_411_reg[7]/C
  -------------------------------------------------------------------    -------------------
                         FDRE (Prop_FDRE_C_Q)         0.077     0.105 r  bd_0_i/hls_inst/inst/grp_hngac_authorize_Pipeline_VITIS_LOOP_22_1_fu_137/zext_ln22_cast_reg_411_reg[7]/Q
                         net (fo=64, unplaced)        0.167     0.272    bd_0_i/hls_inst/inst/grp_hngac_authorize_Pipeline_VITIS_LOOP_22_1_fu_137/flow_control_loop_pipe_sequential_init_U/ap_return_preg[0]_i_75_0[1]
                         LUT6 (Prop_LUT6_I2_O)        0.100     0.372 f  bd_0_i/hls_inst/inst/grp_hngac_authorize_Pipeline_VITIS_LOOP_22_1_fu_137/flow_control_loop_pipe_sequential_init_U/ap_return_preg[0]_i_114/O
                         net (fo=1, unplaced)         0.185     0.557    bd_0_i/hls_inst/inst/grp_hngac_authorize_Pipeline_VITIS_LOOP_22_1_fu_137/flow_control_loop_pipe_sequential_init_U/ap_return_preg[0]_i_114_n_0
                         LUT4 (Prop_LUT4_I2_O)        0.038     0.595 f  bd_0_i/hls_inst/inst/grp_hngac_authorize_Pipeline_VITIS_LOOP_22_1_fu_137/flow_control_loop_pipe_sequential_init_U/ap_return_preg[0]_i_49/O
                         net (fo=1, unplaced)         0.141     0.736    bd_0_i/hls_inst/inst/grp_hngac_authorize_Pipeline_VITIS_LOOP_22_1_fu_137/flow_control_loop_pipe_sequential_init_U/ap_return_preg[0]_i_49_n_0
                         LUT6 (Prop_LUT6_I2_O)        0.100     0.836 f  bd_0_i/hls_inst/inst/grp_hngac_authorize_Pipeline_VITIS_LOOP_22_1_fu_137/flow_control_loop_pipe_sequential_init_U/ap_return_preg[0]_i_14/O
                         net (fo=1, unplaced)         0.185     1.021    bd_0_i/hls_inst/inst/grp_hngac_authorize_Pipeline_VITIS_LOOP_22_1_fu_137/flow_control_loop_pipe_sequential_init_U/ap_return_preg[0]_i_14_n_0
                         LUT6 (Prop_LUT6_I2_O)        0.038     1.059 f  bd_0_i/hls_inst/inst/grp_hngac_authorize_Pipeline_VITIS_LOOP_22_1_fu_137/flow_control_loop_pipe_sequential_init_U/ap_return_preg[0]_i_5/O
                         net (fo=1, unplaced)         0.141     1.200    bd_0_i/hls_inst/inst/grp_hngac_authorize_Pipeline_VITIS_LOOP_22_1_fu_137/flow_control_loop_pipe_sequential_init_U/ap_return_preg[0]_i_5_n_0
                         LUT6 (Prop_LUT6_I2_O)        0.100     1.300 f  bd_0_i/hls_inst/inst/grp_hngac_authorize_Pipeline_VITIS_LOOP_22_1_fu_137/flow_control_loop_pipe_sequential_init_U/ap_return_preg[0]_i_2/O
                         net (fo=4, unplaced)         0.197     1.497    bd_0_i/hls_inst/inst/grp_hngac_authorize_Pipeline_VITIS_LOOP_22_1_fu_137/flow_control_loop_pipe_sequential_init_U_n_7
                         LUT6 (Prop_LUT6_I4_O)        0.038     1.535 f  bd_0_i/hls_inst/inst/grp_hngac_authorize_Pipeline_VITIS_LOOP_22_1_fu_137/i_fu_90[9]_i_3/O
                         net (fo=1, unplaced)         0.185     1.720    bd_0_i/hls_inst/inst/grp_hngac_authorize_Pipeline_VITIS_LOOP_22_1_fu_137/i_fu_90[9]_i_3_n_0
                         LUT2 (Prop_LUT2_I1_O)        0.038     1.758 r  bd_0_i/hls_inst/inst/grp_hngac_authorize_Pipeline_VITIS_LOOP_22_1_fu_137/i_fu_90[9]_i_2/O
                         net (fo=10, unplaced)        0.173     1.931    bd_0_i/hls_inst/inst/grp_hngac_authorize_Pipeline_VITIS_LOOP_22_1_fu_137/i_fu_9006_out
                         FDRE                                         r  bd_0_i/hls_inst/inst/grp_hngac_authorize_Pipeline_VITIS_LOOP_22_1_fu_137/i_fu_90_reg[2]/CE
  -------------------------------------------------------------------    -------------------

                         (clock ap_clk rise edge)     5.000     5.000 r  
                                                      0.000     5.000 r  ap_clk (IN)
                         net (fo=941, unset)          0.020     5.020    bd_0_i/hls_inst/inst/grp_hngac_authorize_Pipeline_VITIS_LOOP_22_1_fu_137/ap_clk
                         FDRE                                         r  bd_0_i/hls_inst/inst/grp_hngac_authorize_Pipeline_VITIS_LOOP_22_1_fu_137/i_fu_90_reg[2]/C
                         clock pessimism              0.000     5.020    
                         clock uncertainty           -0.035     4.985    
                         FDRE (Setup_FDRE_C_CE)      -0.061     4.924    bd_0_i/hls_inst/inst/grp_hngac_authorize_Pipeline_VITIS_LOOP_22_1_fu_137/i_fu_90_reg[2]
  -------------------------------------------------------------------
                         required time                          4.924    
                         arrival time                          -1.931    
  -------------------------------------------------------------------
                         slack                                  2.993    

Slack (MET) :             2.993ns  (required time - arrival time)
  Source:                 bd_0_i/hls_inst/inst/grp_hngac_authorize_Pipeline_VITIS_LOOP_22_1_fu_137/zext_ln22_cast_reg_411_reg[7]/C
                            (rising edge-triggered cell FDRE clocked by ap_clk  {rise@0.000ns fall@2.500ns period=5.000ns})
  Destination:            bd_0_i/hls_inst/inst/grp_hngac_authorize_Pipeline_VITIS_LOOP_22_1_fu_137/i_fu_90_reg[3]/CE
                            (rising edge-triggered cell FDRE clocked by ap_clk  {rise@0.000ns fall@2.500ns period=5.000ns})
  Path Group:             ap_clk
  Path Type:              Setup (Max at Slow Process Corner)
  Requirement:            5.000ns  (ap_clk rise@5.000ns - ap_clk rise@0.000ns)
  Data Path Delay:        1.903ns  (logic 0.529ns (27.798%)  route 1.374ns (72.202%))
  Logic Levels:           7  (LUT2=1 LUT4=1 LUT6=5)
  Clock Path Skew:        -0.008ns (DCD - SCD + CPR)
    Destination Clock Delay (DCD):    0.020ns = ( 5.020 - 5.000 ) 
    Source Clock Delay      (SCD):    0.028ns
    Clock Pessimism Removal (CPR):    0.000ns
  Clock Uncertainty:      0.035ns  ((TSJ^2 + TIJ^2)^1/2 + DJ) / 2 + PE
    Total System Jitter     (TSJ):    0.071ns
    Total Input Jitter      (TIJ):    0.000ns
    Discrete Jitter          (DJ):    0.000ns
    Phase Error              (PE):    0.000ns

    Location             Delay type                Incr(ns)  Path(ns)    Netlist Resource(s)
  -------------------------------------------------------------------    -------------------
                         (clock ap_clk rise edge)     0.000     0.000 r  
                                                      0.000     0.000 r  ap_clk (IN)
                         net (fo=941, unset)          0.028     0.028    bd_0_i/hls_inst/inst/grp_hngac_authorize_Pipeline_VITIS_LOOP_22_1_fu_137/ap_clk
                         FDRE                                         r  bd_0_i/hls_inst/inst/grp_hngac_authorize_Pipeline_VITIS_LOOP_22_1_fu_137/zext_ln22_cast_reg_411_reg[7]/C
  -------------------------------------------------------------------    -------------------
                         FDRE (Prop_FDRE_C_Q)         0.077     0.105 r  bd_0_i/hls_inst/inst/grp_hngac_authorize_Pipeline_VITIS_LOOP_22_1_fu_137/zext_ln22_cast_reg_411_reg[7]/Q
                         net (fo=64, unplaced)        0.167     0.272    bd_0_i/hls_inst/inst/grp_hngac_authorize_Pipeline_VITIS_LOOP_22_1_fu_137/flow_control_loop_pipe_sequential_init_U/ap_return_preg[0]_i_75_0[1]
                         LUT6 (Prop_LUT6_I2_O)        0.100     0.372 f  bd_0_i/hls_inst/inst/grp_hngac_authorize_Pipeline_VITIS_LOOP_22_1_fu_137/flow_control_loop_pipe_sequential_init_U/ap_return_preg[0]_i_114/O
                         net (fo=1, unplaced)         0.185     0.557    bd_0_i/hls_inst/inst/grp_hngac_authorize_Pipeline_VITIS_LOOP_22_1_fu_137/flow_control_loop_pipe_sequential_init_U/ap_return_preg[0]_i_114_n_0
                         LUT4 (Prop_LUT4_I2_O)        0.038     0.595 f  bd_0_i/hls_inst/inst/grp_hngac_authorize_Pipeline_VITIS_LOOP_22_1_fu_137/flow_control_loop_pipe_sequential_init_U/ap_return_preg[0]_i_49/O
                         net (fo=1, unplaced)         0.141     0.736    bd_0_i/hls_inst/inst/grp_hngac_authorize_Pipeline_VITIS_LOOP_22_1_fu_137/flow_control_loop_pipe_sequential_init_U/ap_return_preg[0]_i_49_n_0
                         LUT6 (Prop_LUT6_I2_O)        0.100     0.836 f  bd_0_i/hls_inst/inst/grp_hngac_authorize_Pipeline_VITIS_LOOP_22_1_fu_137/flow_control_loop_pipe_sequential_init_U/ap_return_preg[0]_i_14/O
                         net (fo=1, unplaced)         0.185     1.021    bd_0_i/hls_inst/inst/grp_hngac_authorize_Pipeline_VITIS_LOOP_22_1_fu_137/flow_control_loop_pipe_sequential_init_U/ap_return_preg[0]_i_14_n_0
                         LUT6 (Prop_LUT6_I2_O)        0.038     1.059 f  bd_0_i/hls_inst/inst/grp_hngac_authorize_Pipeline_VITIS_LOOP_22_1_fu_137/flow_control_loop_pipe_sequential_init_U/ap_return_preg[0]_i_5/O
                         net (fo=1, unplaced)         0.141     1.200    bd_0_i/hls_inst/inst/grp_hngac_authorize_Pipeline_VITIS_LOOP_22_1_fu_137/flow_control_loop_pipe_sequential_init_U/ap_return_preg[0]_i_5_n_0
                         LUT6 (Prop_LUT6_I2_O)        0.100     1.300 f  bd_0_i/hls_inst/inst/grp_hngac_authorize_Pipeline_VITIS_LOOP_22_1_fu_137/flow_control_loop_pipe_sequential_init_U/ap_return_preg[0]_i_2/O
                         net (fo=4, unplaced)         0.197     1.497    bd_0_i/hls_inst/inst/grp_hngac_authorize_Pipeline_VITIS_LOOP_22_1_fu_137/flow_control_loop_pipe_sequential_init_U_n_7
                         LUT6 (Prop_LUT6_I4_O)        0.038     1.535 f  bd_0_i/hls_inst/inst/grp_hngac_authorize_Pipeline_VITIS_LOOP_22_1_fu_137/i_fu_90[9]_i_3/O
                         net (fo=1, unplaced)         0.185     1.720    bd_0_i/hls_inst/inst/grp_hngac_authorize_Pipeline_VITIS_LOOP_22_1_fu_137/i_fu_90[9]_i_3_n_0
                         LUT2 (Prop_LUT2_I1_O)        0.038     1.758 r  bd_0_i/hls_inst/inst/grp_hngac_authorize_Pipeline_VITIS_LOOP_22_1_fu_137/i_fu_90[9]_i_2/O
                         net (fo=10, unplaced)        0.173     1.931    bd_0_i/hls_inst/inst/grp_hngac_authorize_Pipeline_VITIS_LOOP_22_1_fu_137/i_fu_9006_out
                         FDRE                                         r  bd_0_i/hls_inst/inst/grp_hngac_authorize_Pipeline_VITIS_LOOP_22_1_fu_137/i_fu_90_reg[3]/CE
  -------------------------------------------------------------------    -------------------

                         (clock ap_clk rise edge)     5.000     5.000 r  
                                                      0.000     5.000 r  ap_clk (IN)
                         net (fo=941, unset)          0.020     5.020    bd_0_i/hls_inst/inst/grp_hngac_authorize_Pipeline_VITIS_LOOP_22_1_fu_137/ap_clk
                         FDRE                                         r  bd_0_i/hls_inst/inst/grp_hngac_authorize_Pipeline_VITIS_LOOP_22_1_fu_137/i_fu_90_reg[3]/C
                         clock pessimism              0.000     5.020    
                         clock uncertainty           -0.035     4.985    
                         FDRE (Setup_FDRE_C_CE)      -0.061     4.924    bd_0_i/hls_inst/inst/grp_hngac_authorize_Pipeline_VITIS_LOOP_22_1_fu_137/i_fu_90_reg[3]
  -------------------------------------------------------------------
                         required time                          4.924    
                         arrival time                          -1.931    
  -------------------------------------------------------------------
                         slack                                  2.993    

Slack (MET) :             2.993ns  (required time - arrival time)
  Source:                 bd_0_i/hls_inst/inst/grp_hngac_authorize_Pipeline_VITIS_LOOP_22_1_fu_137/zext_ln22_cast_reg_411_reg[7]/C
                            (rising edge-triggered cell FDRE clocked by ap_clk  {rise@0.000ns fall@2.500ns period=5.000ns})
  Destination:            bd_0_i/hls_inst/inst/grp_hngac_authorize_Pipeline_VITIS_LOOP_22_1_fu_137/i_fu_90_reg[4]/CE
                            (rising edge-triggered cell FDRE clocked by ap_clk  {rise@0.000ns fall@2.500ns period=5.000ns})
  Path Group:             ap_clk
  Path Type:              Setup (Max at Slow Process Corner)
  Requirement:            5.000ns  (ap_clk rise@5.000ns - ap_clk rise@0.000ns)
  Data Path Delay:        1.903ns  (logic 0.529ns (27.798%)  route 1.374ns (72.202%))
  Logic Levels:           7  (LUT2=1 LUT4=1 LUT6=5)
  Clock Path Skew:        -0.008ns (DCD - SCD + CPR)
    Destination Clock Delay (DCD):    0.020ns = ( 5.020 - 5.000 ) 
    Source Clock Delay      (SCD):    0.028ns
    Clock Pessimism Removal (CPR):    0.000ns
  Clock Uncertainty:      0.035ns  ((TSJ^2 + TIJ^2)^1/2 + DJ) / 2 + PE
    Total System Jitter     (TSJ):    0.071ns
    Total Input Jitter      (TIJ):    0.000ns
    Discrete Jitter          (DJ):    0.000ns
    Phase Error              (PE):    0.000ns

    Location             Delay type                Incr(ns)  Path(ns)    Netlist Resource(s)
  -------------------------------------------------------------------    -------------------
                         (clock ap_clk rise edge)     0.000     0.000 r  
                                                      0.000     0.000 r  ap_clk (IN)
                         net (fo=941, unset)          0.028     0.028    bd_0_i/hls_inst/inst/grp_hngac_authorize_Pipeline_VITIS_LOOP_22_1_fu_137/ap_clk
                         FDRE                                         r  bd_0_i/hls_inst/inst/grp_hngac_authorize_Pipeline_VITIS_LOOP_22_1_fu_137/zext_ln22_cast_reg_411_reg[7]/C
  -------------------------------------------------------------------    -------------------
                         FDRE (Prop_FDRE_C_Q)         0.077     0.105 r  bd_0_i/hls_inst/inst/grp_hngac_authorize_Pipeline_VITIS_LOOP_22_1_fu_137/zext_ln22_cast_reg_411_reg[7]/Q
                         net (fo=64, unplaced)        0.167     0.272    bd_0_i/hls_inst/inst/grp_hngac_authorize_Pipeline_VITIS_LOOP_22_1_fu_137/flow_control_loop_pipe_sequential_init_U/ap_return_preg[0]_i_75_0[1]
                         LUT6 (Prop_LUT6_I2_O)        0.100     0.372 f  bd_0_i/hls_inst/inst/grp_hngac_authorize_Pipeline_VITIS_LOOP_22_1_fu_137/flow_control_loop_pipe_sequential_init_U/ap_return_preg[0]_i_114/O
                         net (fo=1, unplaced)         0.185     0.557    bd_0_i/hls_inst/inst/grp_hngac_authorize_Pipeline_VITIS_LOOP_22_1_fu_137/flow_control_loop_pipe_sequential_init_U/ap_return_preg[0]_i_114_n_0
                         LUT4 (Prop_LUT4_I2_O)        0.038     0.595 f  bd_0_i/hls_inst/inst/grp_hngac_authorize_Pipeline_VITIS_LOOP_22_1_fu_137/flow_control_loop_pipe_sequential_init_U/ap_return_preg[0]_i_49/O
                         net (fo=1, unplaced)         0.141     0.736    bd_0_i/hls_inst/inst/grp_hngac_authorize_Pipeline_VITIS_LOOP_22_1_fu_137/flow_control_loop_pipe_sequential_init_U/ap_return_preg[0]_i_49_n_0
                         LUT6 (Prop_LUT6_I2_O)        0.100     0.836 f  bd_0_i/hls_inst/inst/grp_hngac_authorize_Pipeline_VITIS_LOOP_22_1_fu_137/flow_control_loop_pipe_sequential_init_U/ap_return_preg[0]_i_14/O
                         net (fo=1, unplaced)         0.185     1.021    bd_0_i/hls_inst/inst/grp_hngac_authorize_Pipeline_VITIS_LOOP_22_1_fu_137/flow_control_loop_pipe_sequential_init_U/ap_return_preg[0]_i_14_n_0
                         LUT6 (Prop_LUT6_I2_O)        0.038     1.059 f  bd_0_i/hls_inst/inst/grp_hngac_authorize_Pipeline_VITIS_LOOP_22_1_fu_137/flow_control_loop_pipe_sequential_init_U/ap_return_preg[0]_i_5/O
                         net (fo=1, unplaced)         0.141     1.200    bd_0_i/hls_inst/inst/grp_hngac_authorize_Pipeline_VITIS_LOOP_22_1_fu_137/flow_control_loop_pipe_sequential_init_U/ap_return_preg[0]_i_5_n_0
                         LUT6 (Prop_LUT6_I2_O)        0.100     1.300 f  bd_0_i/hls_inst/inst/grp_hngac_authorize_Pipeline_VITIS_LOOP_22_1_fu_137/flow_control_loop_pipe_sequential_init_U/ap_return_preg[0]_i_2/O
                         net (fo=4, unplaced)         0.197     1.497    bd_0_i/hls_inst/inst/grp_hngac_authorize_Pipeline_VITIS_LOOP_22_1_fu_137/flow_control_loop_pipe_sequential_init_U_n_7
                         LUT6 (Prop_LUT6_I4_O)        0.038     1.535 f  bd_0_i/hls_inst/inst/grp_hngac_authorize_Pipeline_VITIS_LOOP_22_1_fu_137/i_fu_90[9]_i_3/O
                         net (fo=1, unplaced)         0.185     1.720    bd_0_i/hls_inst/inst/grp_hngac_authorize_Pipeline_VITIS_LOOP_22_1_fu_137/i_fu_90[9]_i_3_n_0
                         LUT2 (Prop_LUT2_I1_O)        0.038     1.758 r  bd_0_i/hls_inst/inst/grp_hngac_authorize_Pipeline_VITIS_LOOP_22_1_fu_137/i_fu_90[9]_i_2/O
                         net (fo=10, unplaced)        0.173     1.931    bd_0_i/hls_inst/inst/grp_hngac_authorize_Pipeline_VITIS_LOOP_22_1_fu_137/i_fu_9006_out
                         FDRE                                         r  bd_0_i/hls_inst/inst/grp_hngac_authorize_Pipeline_VITIS_LOOP_22_1_fu_137/i_fu_90_reg[4]/CE
  -------------------------------------------------------------------    -------------------

                         (clock ap_clk rise edge)     5.000     5.000 r  
                                                      0.000     5.000 r  ap_clk (IN)
                         net (fo=941, unset)          0.020     5.020    bd_0_i/hls_inst/inst/grp_hngac_authorize_Pipeline_VITIS_LOOP_22_1_fu_137/ap_clk
                         FDRE                                         r  bd_0_i/hls_inst/inst/grp_hngac_authorize_Pipeline_VITIS_LOOP_22_1_fu_137/i_fu_90_reg[4]/C
                         clock pessimism              0.000     5.020    
                         clock uncertainty           -0.035     4.985    
                         FDRE (Setup_FDRE_C_CE)      -0.061     4.924    bd_0_i/hls_inst/inst/grp_hngac_authorize_Pipeline_VITIS_LOOP_22_1_fu_137/i_fu_90_reg[4]
  -------------------------------------------------------------------
                         required time                          4.924    
                         arrival time                          -1.931    
  -------------------------------------------------------------------
                         slack                                  2.993    

Slack (MET) :             2.993ns  (required time - arrival time)
  Source:                 bd_0_i/hls_inst/inst/grp_hngac_authorize_Pipeline_VITIS_LOOP_22_1_fu_137/zext_ln22_cast_reg_411_reg[7]/C
                            (rising edge-triggered cell FDRE clocked by ap_clk  {rise@0.000ns fall@2.500ns period=5.000ns})
  Destination:            bd_0_i/hls_inst/inst/grp_hngac_authorize_Pipeline_VITIS_LOOP_22_1_fu_137/i_fu_90_reg[5]/CE
                            (rising edge-triggered cell FDRE clocked by ap_clk  {rise@0.000ns fall@2.500ns period=5.000ns})
  Path Group:             ap_clk
  Path Type:              Setup (Max at Slow Process Corner)
  Requirement:            5.000ns  (ap_clk rise@5.000ns - ap_clk rise@0.000ns)
  Data Path Delay:        1.903ns  (logic 0.529ns (27.798%)  route 1.374ns (72.202%))
  Logic Levels:           7  (LUT2=1 LUT4=1 LUT6=5)
  Clock Path Skew:        -0.008ns (DCD - SCD + CPR)
    Destination Clock Delay (DCD):    0.020ns = ( 5.020 - 5.000 ) 
    Source Clock Delay      (SCD):    0.028ns
    Clock Pessimism Removal (CPR):    0.000ns
  Clock Uncertainty:      0.035ns  ((TSJ^2 + TIJ^2)^1/2 + DJ) / 2 + PE
    Total System Jitter     (TSJ):    0.071ns
    Total Input Jitter      (TIJ):    0.000ns
    Discrete Jitter          (DJ):    0.000ns
    Phase Error              (PE):    0.000ns

    Location             Delay type                Incr(ns)  Path(ns)    Netlist Resource(s)
  -------------------------------------------------------------------    -------------------
                         (clock ap_clk rise edge)     0.000     0.000 r  
                                                      0.000     0.000 r  ap_clk (IN)
                         net (fo=941, unset)          0.028     0.028    bd_0_i/hls_inst/inst/grp_hngac_authorize_Pipeline_VITIS_LOOP_22_1_fu_137/ap_clk
                         FDRE                                         r  bd_0_i/hls_inst/inst/grp_hngac_authorize_Pipeline_VITIS_LOOP_22_1_fu_137/zext_ln22_cast_reg_411_reg[7]/C
  -------------------------------------------------------------------    -------------------
                         FDRE (Prop_FDRE_C_Q)         0.077     0.105 r  bd_0_i/hls_inst/inst/grp_hngac_authorize_Pipeline_VITIS_LOOP_22_1_fu_137/zext_ln22_cast_reg_411_reg[7]/Q
                         net (fo=64, unplaced)        0.167     0.272    bd_0_i/hls_inst/inst/grp_hngac_authorize_Pipeline_VITIS_LOOP_22_1_fu_137/flow_control_loop_pipe_sequential_init_U/ap_return_preg[0]_i_75_0[1]
                         LUT6 (Prop_LUT6_I2_O)        0.100     0.372 f  bd_0_i/hls_inst/inst/grp_hngac_authorize_Pipeline_VITIS_LOOP_22_1_fu_137/flow_control_loop_pipe_sequential_init_U/ap_return_preg[0]_i_114/O
                         net (fo=1, unplaced)         0.185     0.557    bd_0_i/hls_inst/inst/grp_hngac_authorize_Pipeline_VITIS_LOOP_22_1_fu_137/flow_control_loop_pipe_sequential_init_U/ap_return_preg[0]_i_114_n_0
                         LUT4 (Prop_LUT4_I2_O)        0.038     0.595 f  bd_0_i/hls_inst/inst/grp_hngac_authorize_Pipeline_VITIS_LOOP_22_1_fu_137/flow_control_loop_pipe_sequential_init_U/ap_return_preg[0]_i_49/O
                         net (fo=1, unplaced)         0.141     0.736    bd_0_i/hls_inst/inst/grp_hngac_authorize_Pipeline_VITIS_LOOP_22_1_fu_137/flow_control_loop_pipe_sequential_init_U/ap_return_preg[0]_i_49_n_0
                         LUT6 (Prop_LUT6_I2_O)        0.100     0.836 f  bd_0_i/hls_inst/inst/grp_hngac_authorize_Pipeline_VITIS_LOOP_22_1_fu_137/flow_control_loop_pipe_sequential_init_U/ap_return_preg[0]_i_14/O
                         net (fo=1, unplaced)         0.185     1.021    bd_0_i/hls_inst/inst/grp_hngac_authorize_Pipeline_VITIS_LOOP_22_1_fu_137/flow_control_loop_pipe_sequential_init_U/ap_return_preg[0]_i_14_n_0
                         LUT6 (Prop_LUT6_I2_O)        0.038     1.059 f  bd_0_i/hls_inst/inst/grp_hngac_authorize_Pipeline_VITIS_LOOP_22_1_fu_137/flow_control_loop_pipe_sequential_init_U/ap_return_preg[0]_i_5/O
                         net (fo=1, unplaced)         0.141     1.200    bd_0_i/hls_inst/inst/grp_hngac_authorize_Pipeline_VITIS_LOOP_22_1_fu_137/flow_control_loop_pipe_sequential_init_U/ap_return_preg[0]_i_5_n_0
                         LUT6 (Prop_LUT6_I2_O)        0.100     1.300 f  bd_0_i/hls_inst/inst/grp_hngac_authorize_Pipeline_VITIS_LOOP_22_1_fu_137/flow_control_loop_pipe_sequential_init_U/ap_return_preg[0]_i_2/O
                         net (fo=4, unplaced)         0.197     1.497    bd_0_i/hls_inst/inst/grp_hngac_authorize_Pipeline_VITIS_LOOP_22_1_fu_137/flow_control_loop_pipe_sequential_init_U_n_7
                         LUT6 (Prop_LUT6_I4_O)        0.038     1.535 f  bd_0_i/hls_inst/inst/grp_hngac_authorize_Pipeline_VITIS_LOOP_22_1_fu_137/i_fu_90[9]_i_3/O
                         net (fo=1, unplaced)         0.185     1.720    bd_0_i/hls_inst/inst/grp_hngac_authorize_Pipeline_VITIS_LOOP_22_1_fu_137/i_fu_90[9]_i_3_n_0
                         LUT2 (Prop_LUT2_I1_O)        0.038     1.758 r  bd_0_i/hls_inst/inst/grp_hngac_authorize_Pipeline_VITIS_LOOP_22_1_fu_137/i_fu_90[9]_i_2/O
                         net (fo=10, unplaced)        0.173     1.931    bd_0_i/hls_inst/inst/grp_hngac_authorize_Pipeline_VITIS_LOOP_22_1_fu_137/i_fu_9006_out
                         FDRE                                         r  bd_0_i/hls_inst/inst/grp_hngac_authorize_Pipeline_VITIS_LOOP_22_1_fu_137/i_fu_90_reg[5]/CE
  -------------------------------------------------------------------    -------------------

                         (clock ap_clk rise edge)     5.000     5.000 r  
                                                      0.000     5.000 r  ap_clk (IN)
                         net (fo=941, unset)          0.020     5.020    bd_0_i/hls_inst/inst/grp_hngac_authorize_Pipeline_VITIS_LOOP_22_1_fu_137/ap_clk
                         FDRE                                         r  bd_0_i/hls_inst/inst/grp_hngac_authorize_Pipeline_VITIS_LOOP_22_1_fu_137/i_fu_90_reg[5]/C
                         clock pessimism              0.000     5.020    
                         clock uncertainty           -0.035     4.985    
                         FDRE (Setup_FDRE_C_CE)      -0.061     4.924    bd_0_i/hls_inst/inst/grp_hngac_authorize_Pipeline_VITIS_LOOP_22_1_fu_137/i_fu_90_reg[5]
  -------------------------------------------------------------------
                         required time                          4.924    
                         arrival time                          -1.931    
  -------------------------------------------------------------------
                         slack                                  2.993    

Slack (MET) :             2.993ns  (required time - arrival time)
  Source:                 bd_0_i/hls_inst/inst/grp_hngac_authorize_Pipeline_VITIS_LOOP_22_1_fu_137/zext_ln22_cast_reg_411_reg[7]/C
                            (rising edge-triggered cell FDRE clocked by ap_clk  {rise@0.000ns fall@2.500ns period=5.000ns})
  Destination:            bd_0_i/hls_inst/inst/grp_hngac_authorize_Pipeline_VITIS_LOOP_22_1_fu_137/i_fu_90_reg[6]/CE
                            (rising edge-triggered cell FDRE clocked by ap_clk  {rise@0.000ns fall@2.500ns period=5.000ns})
  Path Group:             ap_clk
  Path Type:              Setup (Max at Slow Process Corner)
  Requirement:            5.000ns  (ap_clk rise@5.000ns - ap_clk rise@0.000ns)
  Data Path Delay:        1.903ns  (logic 0.529ns (27.798%)  route 1.374ns (72.202%))
  Logic Levels:           7  (LUT2=1 LUT4=1 LUT6=5)
  Clock Path Skew:        -0.008ns (DCD - SCD + CPR)
    Destination Clock Delay (DCD):    0.020ns = ( 5.020 - 5.000 ) 
    Source Clock Delay      (SCD):    0.028ns
    Clock Pessimism Removal (CPR):    0.000ns
  Clock Uncertainty:      0.035ns  ((TSJ^2 + TIJ^2)^1/2 + DJ) / 2 + PE
    Total System Jitter     (TSJ):    0.071ns
    Total Input Jitter      (TIJ):    0.000ns
    Discrete Jitter          (DJ):    0.000ns
    Phase Error              (PE):    0.000ns

    Location             Delay type                Incr(ns)  Path(ns)    Netlist Resource(s)
  -------------------------------------------------------------------    -------------------
                         (clock ap_clk rise edge)     0.000     0.000 r  
                                                      0.000     0.000 r  ap_clk (IN)
                         net (fo=941, unset)          0.028     0.028    bd_0_i/hls_inst/inst/grp_hngac_authorize_Pipeline_VITIS_LOOP_22_1_fu_137/ap_clk
                         FDRE                                         r  bd_0_i/hls_inst/inst/grp_hngac_authorize_Pipeline_VITIS_LOOP_22_1_fu_137/zext_ln22_cast_reg_411_reg[7]/C
  -------------------------------------------------------------------    -------------------
                         FDRE (Prop_FDRE_C_Q)         0.077     0.105 r  bd_0_i/hls_inst/inst/grp_hngac_authorize_Pipeline_VITIS_LOOP_22_1_fu_137/zext_ln22_cast_reg_411_reg[7]/Q
                         net (fo=64, unplaced)        0.167     0.272    bd_0_i/hls_inst/inst/grp_hngac_authorize_Pipeline_VITIS_LOOP_22_1_fu_137/flow_control_loop_pipe_sequential_init_U/ap_return_preg[0]_i_75_0[1]
                         LUT6 (Prop_LUT6_I2_O)        0.100     0.372 f  bd_0_i/hls_inst/inst/grp_hngac_authorize_Pipeline_VITIS_LOOP_22_1_fu_137/flow_control_loop_pipe_sequential_init_U/ap_return_preg[0]_i_114/O
                         net (fo=1, unplaced)         0.185     0.557    bd_0_i/hls_inst/inst/grp_hngac_authorize_Pipeline_VITIS_LOOP_22_1_fu_137/flow_control_loop_pipe_sequential_init_U/ap_return_preg[0]_i_114_n_0
                         LUT4 (Prop_LUT4_I2_O)        0.038     0.595 f  bd_0_i/hls_inst/inst/grp_hngac_authorize_Pipeline_VITIS_LOOP_22_1_fu_137/flow_control_loop_pipe_sequential_init_U/ap_return_preg[0]_i_49/O
                         net (fo=1, unplaced)         0.141     0.736    bd_0_i/hls_inst/inst/grp_hngac_authorize_Pipeline_VITIS_LOOP_22_1_fu_137/flow_control_loop_pipe_sequential_init_U/ap_return_preg[0]_i_49_n_0
                         LUT6 (Prop_LUT6_I2_O)        0.100     0.836 f  bd_0_i/hls_inst/inst/grp_hngac_authorize_Pipeline_VITIS_LOOP_22_1_fu_137/flow_control_loop_pipe_sequential_init_U/ap_return_preg[0]_i_14/O
                         net (fo=1, unplaced)         0.185     1.021    bd_0_i/hls_inst/inst/grp_hngac_authorize_Pipeline_VITIS_LOOP_22_1_fu_137/flow_control_loop_pipe_sequential_init_U/ap_return_preg[0]_i_14_n_0
                         LUT6 (Prop_LUT6_I2_O)        0.038     1.059 f  bd_0_i/hls_inst/inst/grp_hngac_authorize_Pipeline_VITIS_LOOP_22_1_fu_137/flow_control_loop_pipe_sequential_init_U/ap_return_preg[0]_i_5/O
                         net (fo=1, unplaced)         0.141     1.200    bd_0_i/hls_inst/inst/grp_hngac_authorize_Pipeline_VITIS_LOOP_22_1_fu_137/flow_control_loop_pipe_sequential_init_U/ap_return_preg[0]_i_5_n_0
                         LUT6 (Prop_LUT6_I2_O)        0.100     1.300 f  bd_0_i/hls_inst/inst/grp_hngac_authorize_Pipeline_VITIS_LOOP_22_1_fu_137/flow_control_loop_pipe_sequential_init_U/ap_return_preg[0]_i_2/O
                         net (fo=4, unplaced)         0.197     1.497    bd_0_i/hls_inst/inst/grp_hngac_authorize_Pipeline_VITIS_LOOP_22_1_fu_137/flow_control_loop_pipe_sequential_init_U_n_7
                         LUT6 (Prop_LUT6_I4_O)        0.038     1.535 f  bd_0_i/hls_inst/inst/grp_hngac_authorize_Pipeline_VITIS_LOOP_22_1_fu_137/i_fu_90[9]_i_3/O
                         net (fo=1, unplaced)         0.185     1.720    bd_0_i/hls_inst/inst/grp_hngac_authorize_Pipeline_VITIS_LOOP_22_1_fu_137/i_fu_90[9]_i_3_n_0
                         LUT2 (Prop_LUT2_I1_O)        0.038     1.758 r  bd_0_i/hls_inst/inst/grp_hngac_authorize_Pipeline_VITIS_LOOP_22_1_fu_137/i_fu_90[9]_i_2/O
                         net (fo=10, unplaced)        0.173     1.931    bd_0_i/hls_inst/inst/grp_hngac_authorize_Pipeline_VITIS_LOOP_22_1_fu_137/i_fu_9006_out
                         FDRE                                         r  bd_0_i/hls_inst/inst/grp_hngac_authorize_Pipeline_VITIS_LOOP_22_1_fu_137/i_fu_90_reg[6]/CE
  -------------------------------------------------------------------    -------------------

                         (clock ap_clk rise edge)     5.000     5.000 r  
                                                      0.000     5.000 r  ap_clk (IN)
                         net (fo=941, unset)          0.020     5.020    bd_0_i/hls_inst/inst/grp_hngac_authorize_Pipeline_VITIS_LOOP_22_1_fu_137/ap_clk
                         FDRE                                         r  bd_0_i/hls_inst/inst/grp_hngac_authorize_Pipeline_VITIS_LOOP_22_1_fu_137/i_fu_90_reg[6]/C
                         clock pessimism              0.000     5.020    
                         clock uncertainty           -0.035     4.985    
                         FDRE (Setup_FDRE_C_CE)      -0.061     4.924    bd_0_i/hls_inst/inst/grp_hngac_authorize_Pipeline_VITIS_LOOP_22_1_fu_137/i_fu_90_reg[6]
  -------------------------------------------------------------------
                         required time                          4.924    
                         arrival time                          -1.931    
  -------------------------------------------------------------------
                         slack                                  2.993    

Slack (MET) :             2.993ns  (required time - arrival time)
  Source:                 bd_0_i/hls_inst/inst/grp_hngac_authorize_Pipeline_VITIS_LOOP_22_1_fu_137/zext_ln22_cast_reg_411_reg[7]/C
                            (rising edge-triggered cell FDRE clocked by ap_clk  {rise@0.000ns fall@2.500ns period=5.000ns})
  Destination:            bd_0_i/hls_inst/inst/grp_hngac_authorize_Pipeline_VITIS_LOOP_22_1_fu_137/i_fu_90_reg[7]/CE
                            (rising edge-triggered cell FDRE clocked by ap_clk  {rise@0.000ns fall@2.500ns period=5.000ns})
  Path Group:             ap_clk
  Path Type:              Setup (Max at Slow Process Corner)
  Requirement:            5.000ns  (ap_clk rise@5.000ns - ap_clk rise@0.000ns)
  Data Path Delay:        1.903ns  (logic 0.529ns (27.798%)  route 1.374ns (72.202%))
  Logic Levels:           7  (LUT2=1 LUT4=1 LUT6=5)
  Clock Path Skew:        -0.008ns (DCD - SCD + CPR)
    Destination Clock Delay (DCD):    0.020ns = ( 5.020 - 5.000 ) 
    Source Clock Delay      (SCD):    0.028ns
    Clock Pessimism Removal (CPR):    0.000ns
  Clock Uncertainty:      0.035ns  ((TSJ^2 + TIJ^2)^1/2 + DJ) / 2 + PE
    Total System Jitter     (TSJ):    0.071ns
    Total Input Jitter      (TIJ):    0.000ns
    Discrete Jitter          (DJ):    0.000ns
    Phase Error              (PE):    0.000ns

    Location             Delay type                Incr(ns)  Path(ns)    Netlist Resource(s)
  -------------------------------------------------------------------    -------------------
                         (clock ap_clk rise edge)     0.000     0.000 r  
                                                      0.000     0.000 r  ap_clk (IN)
                         net (fo=941, unset)          0.028     0.028    bd_0_i/hls_inst/inst/grp_hngac_authorize_Pipeline_VITIS_LOOP_22_1_fu_137/ap_clk
                         FDRE                                         r  bd_0_i/hls_inst/inst/grp_hngac_authorize_Pipeline_VITIS_LOOP_22_1_fu_137/zext_ln22_cast_reg_411_reg[7]/C
  -------------------------------------------------------------------    -------------------
                         FDRE (Prop_FDRE_C_Q)         0.077     0.105 r  bd_0_i/hls_inst/inst/grp_hngac_authorize_Pipeline_VITIS_LOOP_22_1_fu_137/zext_ln22_cast_reg_411_reg[7]/Q
                         net (fo=64, unplaced)        0.167     0.272    bd_0_i/hls_inst/inst/grp_hngac_authorize_Pipeline_VITIS_LOOP_22_1_fu_137/flow_control_loop_pipe_sequential_init_U/ap_return_preg[0]_i_75_0[1]
                         LUT6 (Prop_LUT6_I2_O)        0.100     0.372 f  bd_0_i/hls_inst/inst/grp_hngac_authorize_Pipeline_VITIS_LOOP_22_1_fu_137/flow_control_loop_pipe_sequential_init_U/ap_return_preg[0]_i_114/O
                         net (fo=1, unplaced)         0.185     0.557    bd_0_i/hls_inst/inst/grp_hngac_authorize_Pipeline_VITIS_LOOP_22_1_fu_137/flow_control_loop_pipe_sequential_init_U/ap_return_preg[0]_i_114_n_0
                         LUT4 (Prop_LUT4_I2_O)        0.038     0.595 f  bd_0_i/hls_inst/inst/grp_hngac_authorize_Pipeline_VITIS_LOOP_22_1_fu_137/flow_control_loop_pipe_sequential_init_U/ap_return_preg[0]_i_49/O
                         net (fo=1, unplaced)         0.141     0.736    bd_0_i/hls_inst/inst/grp_hngac_authorize_Pipeline_VITIS_LOOP_22_1_fu_137/flow_control_loop_pipe_sequential_init_U/ap_return_preg[0]_i_49_n_0
                         LUT6 (Prop_LUT6_I2_O)        0.100     0.836 f  bd_0_i/hls_inst/inst/grp_hngac_authorize_Pipeline_VITIS_LOOP_22_1_fu_137/flow_control_loop_pipe_sequential_init_U/ap_return_preg[0]_i_14/O
                         net (fo=1, unplaced)         0.185     1.021    bd_0_i/hls_inst/inst/grp_hngac_authorize_Pipeline_VITIS_LOOP_22_1_fu_137/flow_control_loop_pipe_sequential_init_U/ap_return_preg[0]_i_14_n_0
                         LUT6 (Prop_LUT6_I2_O)        0.038     1.059 f  bd_0_i/hls_inst/inst/grp_hngac_authorize_Pipeline_VITIS_LOOP_22_1_fu_137/flow_control_loop_pipe_sequential_init_U/ap_return_preg[0]_i_5/O
                         net (fo=1, unplaced)         0.141     1.200    bd_0_i/hls_inst/inst/grp_hngac_authorize_Pipeline_VITIS_LOOP_22_1_fu_137/flow_control_loop_pipe_sequential_init_U/ap_return_preg[0]_i_5_n_0
                         LUT6 (Prop_LUT6_I2_O)        0.100     1.300 f  bd_0_i/hls_inst/inst/grp_hngac_authorize_Pipeline_VITIS_LOOP_22_1_fu_137/flow_control_loop_pipe_sequential_init_U/ap_return_preg[0]_i_2/O
                         net (fo=4, unplaced)         0.197     1.497    bd_0_i/hls_inst/inst/grp_hngac_authorize_Pipeline_VITIS_LOOP_22_1_fu_137/flow_control_loop_pipe_sequential_init_U_n_7
                         LUT6 (Prop_LUT6_I4_O)        0.038     1.535 f  bd_0_i/hls_inst/inst/grp_hngac_authorize_Pipeline_VITIS_LOOP_22_1_fu_137/i_fu_90[9]_i_3/O
                         net (fo=1, unplaced)         0.185     1.720    bd_0_i/hls_inst/inst/grp_hngac_authorize_Pipeline_VITIS_LOOP_22_1_fu_137/i_fu_90[9]_i_3_n_0
                         LUT2 (Prop_LUT2_I1_O)        0.038     1.758 r  bd_0_i/hls_inst/inst/grp_hngac_authorize_Pipeline_VITIS_LOOP_22_1_fu_137/i_fu_90[9]_i_2/O
                         net (fo=10, unplaced)        0.173     1.931    bd_0_i/hls_inst/inst/grp_hngac_authorize_Pipeline_VITIS_LOOP_22_1_fu_137/i_fu_9006_out
                         FDRE                                         r  bd_0_i/hls_inst/inst/grp_hngac_authorize_Pipeline_VITIS_LOOP_22_1_fu_137/i_fu_90_reg[7]/CE
  -------------------------------------------------------------------    -------------------

                         (clock ap_clk rise edge)     5.000     5.000 r  
                                                      0.000     5.000 r  ap_clk (IN)
                         net (fo=941, unset)          0.020     5.020    bd_0_i/hls_inst/inst/grp_hngac_authorize_Pipeline_VITIS_LOOP_22_1_fu_137/ap_clk
                         FDRE                                         r  bd_0_i/hls_inst/inst/grp_hngac_authorize_Pipeline_VITIS_LOOP_22_1_fu_137/i_fu_90_reg[7]/C
                         clock pessimism              0.000     5.020    
                         clock uncertainty           -0.035     4.985    
                         FDRE (Setup_FDRE_C_CE)      -0.061     4.924    bd_0_i/hls_inst/inst/grp_hngac_authorize_Pipeline_VITIS_LOOP_22_1_fu_137/i_fu_90_reg[7]
  -------------------------------------------------------------------
                         required time                          4.924    
                         arrival time                          -1.931    
  -------------------------------------------------------------------
                         slack                                  2.993    

Slack (MET) :             2.993ns  (required time - arrival time)
  Source:                 bd_0_i/hls_inst/inst/grp_hngac_authorize_Pipeline_VITIS_LOOP_22_1_fu_137/zext_ln22_cast_reg_411_reg[7]/C
                            (rising edge-triggered cell FDRE clocked by ap_clk  {rise@0.000ns fall@2.500ns period=5.000ns})
  Destination:            bd_0_i/hls_inst/inst/grp_hngac_authorize_Pipeline_VITIS_LOOP_22_1_fu_137/i_fu_90_reg[8]/CE
                            (rising edge-triggered cell FDRE clocked by ap_clk  {rise@0.000ns fall@2.500ns period=5.000ns})
  Path Group:             ap_clk
  Path Type:              Setup (Max at Slow Process Corner)
  Requirement:            5.000ns  (ap_clk rise@5.000ns - ap_clk rise@0.000ns)
  Data Path Delay:        1.903ns  (logic 0.529ns (27.798%)  route 1.374ns (72.202%))
  Logic Levels:           7  (LUT2=1 LUT4=1 LUT6=5)
  Clock Path Skew:        -0.008ns (DCD - SCD + CPR)
    Destination Clock Delay (DCD):    0.020ns = ( 5.020 - 5.000 ) 
    Source Clock Delay      (SCD):    0.028ns
    Clock Pessimism Removal (CPR):    0.000ns
  Clock Uncertainty:      0.035ns  ((TSJ^2 + TIJ^2)^1/2 + DJ) / 2 + PE
    Total System Jitter     (TSJ):    0.071ns
    Total Input Jitter      (TIJ):    0.000ns
    Discrete Jitter          (DJ):    0.000ns
    Phase Error              (PE):    0.000ns

    Location             Delay type                Incr(ns)  Path(ns)    Netlist Resource(s)
  -------------------------------------------------------------------    -------------------
                         (clock ap_clk rise edge)     0.000     0.000 r  
                                                      0.000     0.000 r  ap_clk (IN)
                         net (fo=941, unset)          0.028     0.028    bd_0_i/hls_inst/inst/grp_hngac_authorize_Pipeline_VITIS_LOOP_22_1_fu_137/ap_clk
                         FDRE                                         r  bd_0_i/hls_inst/inst/grp_hngac_authorize_Pipeline_VITIS_LOOP_22_1_fu_137/zext_ln22_cast_reg_411_reg[7]/C
  -------------------------------------------------------------------    -------------------
                         FDRE (Prop_FDRE_C_Q)         0.077     0.105 r  bd_0_i/hls_inst/inst/grp_hngac_authorize_Pipeline_VITIS_LOOP_22_1_fu_137/zext_ln22_cast_reg_411_reg[7]/Q
                         net (fo=64, unplaced)        0.167     0.272    bd_0_i/hls_inst/inst/grp_hngac_authorize_Pipeline_VITIS_LOOP_22_1_fu_137/flow_control_loop_pipe_sequential_init_U/ap_return_preg[0]_i_75_0[1]
                         LUT6 (Prop_LUT6_I2_O)        0.100     0.372 f  bd_0_i/hls_inst/inst/grp_hngac_authorize_Pipeline_VITIS_LOOP_22_1_fu_137/flow_control_loop_pipe_sequential_init_U/ap_return_preg[0]_i_114/O
                         net (fo=1, unplaced)         0.185     0.557    bd_0_i/hls_inst/inst/grp_hngac_authorize_Pipeline_VITIS_LOOP_22_1_fu_137/flow_control_loop_pipe_sequential_init_U/ap_return_preg[0]_i_114_n_0
                         LUT4 (Prop_LUT4_I2_O)        0.038     0.595 f  bd_0_i/hls_inst/inst/grp_hngac_authorize_Pipeline_VITIS_LOOP_22_1_fu_137/flow_control_loop_pipe_sequential_init_U/ap_return_preg[0]_i_49/O
                         net (fo=1, unplaced)         0.141     0.736    bd_0_i/hls_inst/inst/grp_hngac_authorize_Pipeline_VITIS_LOOP_22_1_fu_137/flow_control_loop_pipe_sequential_init_U/ap_return_preg[0]_i_49_n_0
                         LUT6 (Prop_LUT6_I2_O)        0.100     0.836 f  bd_0_i/hls_inst/inst/grp_hngac_authorize_Pipeline_VITIS_LOOP_22_1_fu_137/flow_control_loop_pipe_sequential_init_U/ap_return_preg[0]_i_14/O
                         net (fo=1, unplaced)         0.185     1.021    bd_0_i/hls_inst/inst/grp_hngac_authorize_Pipeline_VITIS_LOOP_22_1_fu_137/flow_control_loop_pipe_sequential_init_U/ap_return_preg[0]_i_14_n_0
                         LUT6 (Prop_LUT6_I2_O)        0.038     1.059 f  bd_0_i/hls_inst/inst/grp_hngac_authorize_Pipeline_VITIS_LOOP_22_1_fu_137/flow_control_loop_pipe_sequential_init_U/ap_return_preg[0]_i_5/O
                         net (fo=1, unplaced)         0.141     1.200    bd_0_i/hls_inst/inst/grp_hngac_authorize_Pipeline_VITIS_LOOP_22_1_fu_137/flow_control_loop_pipe_sequential_init_U/ap_return_preg[0]_i_5_n_0
                         LUT6 (Prop_LUT6_I2_O)        0.100     1.300 f  bd_0_i/hls_inst/inst/grp_hngac_authorize_Pipeline_VITIS_LOOP_22_1_fu_137/flow_control_loop_pipe_sequential_init_U/ap_return_preg[0]_i_2/O
                         net (fo=4, unplaced)         0.197     1.497    bd_0_i/hls_inst/inst/grp_hngac_authorize_Pipeline_VITIS_LOOP_22_1_fu_137/flow_control_loop_pipe_sequential_init_U_n_7
                         LUT6 (Prop_LUT6_I4_O)        0.038     1.535 f  bd_0_i/hls_inst/inst/grp_hngac_authorize_Pipeline_VITIS_LOOP_22_1_fu_137/i_fu_90[9]_i_3/O
                         net (fo=1, unplaced)         0.185     1.720    bd_0_i/hls_inst/inst/grp_hngac_authorize_Pipeline_VITIS_LOOP_22_1_fu_137/i_fu_90[9]_i_3_n_0
                         LUT2 (Prop_LUT2_I1_O)        0.038     1.758 r  bd_0_i/hls_inst/inst/grp_hngac_authorize_Pipeline_VITIS_LOOP_22_1_fu_137/i_fu_90[9]_i_2/O
                         net (fo=10, unplaced)        0.173     1.931    bd_0_i/hls_inst/inst/grp_hngac_authorize_Pipeline_VITIS_LOOP_22_1_fu_137/i_fu_9006_out
                         FDRE                                         r  bd_0_i/hls_inst/inst/grp_hngac_authorize_Pipeline_VITIS_LOOP_22_1_fu_137/i_fu_90_reg[8]/CE
  -------------------------------------------------------------------    -------------------

                         (clock ap_clk rise edge)     5.000     5.000 r  
                                                      0.000     5.000 r  ap_clk (IN)
                         net (fo=941, unset)          0.020     5.020    bd_0_i/hls_inst/inst/grp_hngac_authorize_Pipeline_VITIS_LOOP_22_1_fu_137/ap_clk
                         FDRE                                         r  bd_0_i/hls_inst/inst/grp_hngac_authorize_Pipeline_VITIS_LOOP_22_1_fu_137/i_fu_90_reg[8]/C
                         clock pessimism              0.000     5.020    
                         clock uncertainty           -0.035     4.985    
                         FDRE (Setup_FDRE_C_CE)      -0.061     4.924    bd_0_i/hls_inst/inst/grp_hngac_authorize_Pipeline_VITIS_LOOP_22_1_fu_137/i_fu_90_reg[8]
  -------------------------------------------------------------------
                         required time                          4.924    
                         arrival time                          -1.931    
  -------------------------------------------------------------------
                         slack                                  2.993    

Slack (MET) :             2.993ns  (required time - arrival time)
  Source:                 bd_0_i/hls_inst/inst/grp_hngac_authorize_Pipeline_VITIS_LOOP_22_1_fu_137/zext_ln22_cast_reg_411_reg[7]/C
                            (rising edge-triggered cell FDRE clocked by ap_clk  {rise@0.000ns fall@2.500ns period=5.000ns})
  Destination:            bd_0_i/hls_inst/inst/grp_hngac_authorize_Pipeline_VITIS_LOOP_22_1_fu_137/i_fu_90_reg[9]/CE
                            (rising edge-triggered cell FDRE clocked by ap_clk  {rise@0.000ns fall@2.500ns period=5.000ns})
  Path Group:             ap_clk
  Path Type:              Setup (Max at Slow Process Corner)
  Requirement:            5.000ns  (ap_clk rise@5.000ns - ap_clk rise@0.000ns)
  Data Path Delay:        1.903ns  (logic 0.529ns (27.798%)  route 1.374ns (72.202%))
  Logic Levels:           7  (LUT2=1 LUT4=1 LUT6=5)
  Clock Path Skew:        -0.008ns (DCD - SCD + CPR)
    Destination Clock Delay (DCD):    0.020ns = ( 5.020 - 5.000 ) 
    Source Clock Delay      (SCD):    0.028ns
    Clock Pessimism Removal (CPR):    0.000ns
  Clock Uncertainty:      0.035ns  ((TSJ^2 + TIJ^2)^1/2 + DJ) / 2 + PE
    Total System Jitter     (TSJ):    0.071ns
    Total Input Jitter      (TIJ):    0.000ns
    Discrete Jitter          (DJ):    0.000ns
    Phase Error              (PE):    0.000ns

    Location             Delay type                Incr(ns)  Path(ns)    Netlist Resource(s)
  -------------------------------------------------------------------    -------------------
                         (clock ap_clk rise edge)     0.000     0.000 r  
                                                      0.000     0.000 r  ap_clk (IN)
                         net (fo=941, unset)          0.028     0.028    bd_0_i/hls_inst/inst/grp_hngac_authorize_Pipeline_VITIS_LOOP_22_1_fu_137/ap_clk
                         FDRE                                         r  bd_0_i/hls_inst/inst/grp_hngac_authorize_Pipeline_VITIS_LOOP_22_1_fu_137/zext_ln22_cast_reg_411_reg[7]/C
  -------------------------------------------------------------------    -------------------
                         FDRE (Prop_FDRE_C_Q)         0.077     0.105 r  bd_0_i/hls_inst/inst/grp_hngac_authorize_Pipeline_VITIS_LOOP_22_1_fu_137/zext_ln22_cast_reg_411_reg[7]/Q
                         net (fo=64, unplaced)        0.167     0.272    bd_0_i/hls_inst/inst/grp_hngac_authorize_Pipeline_VITIS_LOOP_22_1_fu_137/flow_control_loop_pipe_sequential_init_U/ap_return_preg[0]_i_75_0[1]
                         LUT6 (Prop_LUT6_I2_O)        0.100     0.372 f  bd_0_i/hls_inst/inst/grp_hngac_authorize_Pipeline_VITIS_LOOP_22_1_fu_137/flow_control_loop_pipe_sequential_init_U/ap_return_preg[0]_i_114/O
                         net (fo=1, unplaced)         0.185     0.557    bd_0_i/hls_inst/inst/grp_hngac_authorize_Pipeline_VITIS_LOOP_22_1_fu_137/flow_control_loop_pipe_sequential_init_U/ap_return_preg[0]_i_114_n_0
                         LUT4 (Prop_LUT4_I2_O)        0.038     0.595 f  bd_0_i/hls_inst/inst/grp_hngac_authorize_Pipeline_VITIS_LOOP_22_1_fu_137/flow_control_loop_pipe_sequential_init_U/ap_return_preg[0]_i_49/O
                         net (fo=1, unplaced)         0.141     0.736    bd_0_i/hls_inst/inst/grp_hngac_authorize_Pipeline_VITIS_LOOP_22_1_fu_137/flow_control_loop_pipe_sequential_init_U/ap_return_preg[0]_i_49_n_0
                         LUT6 (Prop_LUT6_I2_O)        0.100     0.836 f  bd_0_i/hls_inst/inst/grp_hngac_authorize_Pipeline_VITIS_LOOP_22_1_fu_137/flow_control_loop_pipe_sequential_init_U/ap_return_preg[0]_i_14/O
                         net (fo=1, unplaced)         0.185     1.021    bd_0_i/hls_inst/inst/grp_hngac_authorize_Pipeline_VITIS_LOOP_22_1_fu_137/flow_control_loop_pipe_sequential_init_U/ap_return_preg[0]_i_14_n_0
                         LUT6 (Prop_LUT6_I2_O)        0.038     1.059 f  bd_0_i/hls_inst/inst/grp_hngac_authorize_Pipeline_VITIS_LOOP_22_1_fu_137/flow_control_loop_pipe_sequential_init_U/ap_return_preg[0]_i_5/O
                         net (fo=1, unplaced)         0.141     1.200    bd_0_i/hls_inst/inst/grp_hngac_authorize_Pipeline_VITIS_LOOP_22_1_fu_137/flow_control_loop_pipe_sequential_init_U/ap_return_preg[0]_i_5_n_0
                         LUT6 (Prop_LUT6_I2_O)        0.100     1.300 f  bd_0_i/hls_inst/inst/grp_hngac_authorize_Pipeline_VITIS_LOOP_22_1_fu_137/flow_control_loop_pipe_sequential_init_U/ap_return_preg[0]_i_2/O
                         net (fo=4, unplaced)         0.197     1.497    bd_0_i/hls_inst/inst/grp_hngac_authorize_Pipeline_VITIS_LOOP_22_1_fu_137/flow_control_loop_pipe_sequential_init_U_n_7
                         LUT6 (Prop_LUT6_I4_O)        0.038     1.535 f  bd_0_i/hls_inst/inst/grp_hngac_authorize_Pipeline_VITIS_LOOP_22_1_fu_137/i_fu_90[9]_i_3/O
                         net (fo=1, unplaced)         0.185     1.720    bd_0_i/hls_inst/inst/grp_hngac_authorize_Pipeline_VITIS_LOOP_22_1_fu_137/i_fu_90[9]_i_3_n_0
                         LUT2 (Prop_LUT2_I1_O)        0.038     1.758 r  bd_0_i/hls_inst/inst/grp_hngac_authorize_Pipeline_VITIS_LOOP_22_1_fu_137/i_fu_90[9]_i_2/O
                         net (fo=10, unplaced)        0.173     1.931    bd_0_i/hls_inst/inst/grp_hngac_authorize_Pipeline_VITIS_LOOP_22_1_fu_137/i_fu_9006_out
                         FDRE                                         r  bd_0_i/hls_inst/inst/grp_hngac_authorize_Pipeline_VITIS_LOOP_22_1_fu_137/i_fu_90_reg[9]/CE
  -------------------------------------------------------------------    -------------------

                         (clock ap_clk rise edge)     5.000     5.000 r  
                                                      0.000     5.000 r  ap_clk (IN)
                         net (fo=941, unset)          0.020     5.020    bd_0_i/hls_inst/inst/grp_hngac_authorize_Pipeline_VITIS_LOOP_22_1_fu_137/ap_clk
                         FDRE                                         r  bd_0_i/hls_inst/inst/grp_hngac_authorize_Pipeline_VITIS_LOOP_22_1_fu_137/i_fu_90_reg[9]/C
                         clock pessimism              0.000     5.020    
                         clock uncertainty           -0.035     4.985    
                         FDRE (Setup_FDRE_C_CE)      -0.061     4.924    bd_0_i/hls_inst/inst/grp_hngac_authorize_Pipeline_VITIS_LOOP_22_1_fu_137/i_fu_90_reg[9]
  -------------------------------------------------------------------
                         required time                          4.924    
                         arrival time                          -1.931    
  -------------------------------------------------------------------
                         slack                                  2.993    




