

================================================================
== Synthesis Summary Report of 'hngac_authorize'
================================================================
+ General Information: 
    * Date:           Thu Aug 13 11:10:45 2026
    * Version:        2025.2 (Build 6295257 on Nov 14 2025)
    * Project:        hngac_opt_v1_3d_bench
    * Solution:       solution1 (Vivado IP Flow Target)
    * Product family: zynq
    * Target device:  xc7z020-clg400-1
    

* Performance & Resource Estimates: 
+---------------------------------------------+------+---------------+----------+---------+------+----------+---------+-----------+------+------+----+-----------+-----------+-----+
|                   Modules                   | Issue|               | Iteration|         | Trip |          |       Latency       |      |      |    |           |           |     |
|                   & Loops                   | Type | Violation Type|  Latency | Interval| Count| Pipelined| (cycles)|    (ns)   | Slack| BRAM | DSP|     FF    |    LUT    | URAM|
+---------------------------------------------+------+---------------+----------+---------+------+----------+---------+-----------+------+------+----+-----------+-----------+-----+
|+ hngac_authorize                            |     -|              -|         -|      271|     -|        no|      270|  2.700e+03|  0.33|     -|   -|  2348 (2%)|  3768 (7%)|    -|
| + hngac_authorize_Pipeline_1                |     -|              -|         -|        -|     -|       yes|        6|     60.000|  2.47|     -|   -|    5 (~0%)|   51 (~0%)|    -|
|  o Loop 1                                   |     -|              -|         1|        1|     4|       yes|        4|     40.000|  7.30|     -|   -|          -|          -|    -|
| + hngac_authorize_Pipeline_2                |     -|              -|         -|        -|     -|       yes|        6|     60.000|  2.47|     -|   -|    5 (~0%)|   51 (~0%)|    -|
|  o Loop 1                                   |     -|              -|         1|        1|     4|       yes|        4|     40.000|  7.30|     -|   -|          -|          -|    -|
| + hngac_authorize_Pipeline_3                |     -|              -|         -|        -|     -|       yes|        6|     60.000|  2.47|     -|   -|    5 (~0%)|   51 (~0%)|    -|
|  o Loop 1                                   |     -|              -|         1|        1|     4|       yes|        4|     40.000|  7.30|     -|   -|          -|          -|    -|
| + hngac_authorize_Pipeline_4                |     -|              -|         -|        -|     -|       yes|        6|     60.000|  2.47|     -|   -|    5 (~0%)|   51 (~0%)|    -|
|  o Loop 1                                   |     -|              -|         1|        1|     4|       yes|        4|     40.000|  7.30|     -|   -|          -|          -|    -|
| + hngac_authorize_Pipeline_5                |     -|              -|         -|        -|     -|       yes|        6|     60.000|  2.47|     -|   -|    5 (~0%)|   51 (~0%)|    -|
|  o Loop 1                                   |     -|              -|         1|        1|     4|       yes|        4|     40.000|  7.30|     -|   -|          -|          -|    -|
| + hngac_authorize_Pipeline_6                |     -|              -|         -|        -|     -|       yes|        6|     60.000|  2.47|     -|   -|    5 (~0%)|   51 (~0%)|    -|
|  o Loop 1                                   |     -|              -|         1|        1|     4|       yes|        4|     40.000|  7.30|     -|   -|          -|          -|    -|
| + hngac_authorize_Pipeline_VITIS_LOOP_53_1  |     -|              -|         -|        -|     -|       yes|      260|  2.600e+03|  0.72|     -|   -|  1554 (1%)|  2478 (4%)|    -|
|  o VITIS_LOOP_53_1                          |     -|              -|         2|        1|   257|       yes|      258|  2.580e+03|  7.30|     -|   -|          -|          -|    -|
+---------------------------------------------+------+---------------+----------+---------+------+----------+---------+-----------+------+------+----+-----------+-----------+-----+
    Name Prefix: '+' for module, 'o' for loop, '*' for dataflow


================================================================
== HW Interfaces
================================================================
* S_AXILITE Interfaces
+---------------+------------+---------------+--------+----------+
| Interface     | Data Width | Address Width | Offset | Register |
+---------------+------------+---------------+--------+----------+
| s_axi_control | 32         | 7             | 24     | 0        |
+---------------+------------+---------------+--------+----------+

* S_AXILITE Registers
+---------------+------------+--------+-------+--------+----------------------------------+----------------------------------------------------------------------+
| Interface     | Register   | Offset | Width | Access | Description                      | Bit Fields                                                           |
+---------------+------------+--------+-------+--------+----------------------------------+----------------------------------------------------------------------+
| s_axi_control | CTRL       | 0x00   | 32    | RW     | Control signals                  | 0=AP_START 1=AP_DONE 2=AP_IDLE 3=AP_READY 7=AUTO_RESTART 9=INTERRUPT |
| s_axi_control | GIER       | 0x04   | 32    | RW     | Global Interrupt Enable Register | 0=Enable                                                             |
| s_axi_control | IP_IER     | 0x08   | 32    | RW     | IP Interrupt Enable Register     | 0=CHAN0_INT_EN 1=CHAN1_INT_EN                                        |
| s_axi_control | IP_ISR     | 0x0c   | 32    | RW     | IP Interrupt Status Register     | 0=CHAN0_INT_ST 1=CHAN1_INT_ST                                        |
| s_axi_control | ap_return  | 0x10   | 32    | R      | Data signal of ap_return         |                                                                      |
| s_axi_control | rule_count | 0x18   | 32    | W      | Data signal of rule_count        |                                                                      |
| s_axi_control | request_1  | 0x40   | 32    | W      | Data signal of request           |                                                                      |
| s_axi_control | request_2  | 0x44   | 32    | W      | Data signal of request           |                                                                      |
| s_axi_control | request_3  | 0x48   | 32    | W      | Data signal of request           |                                                                      |
| s_axi_control | request_4  | 0x4c   | 32    | W      | Data signal of request           |                                                                      |
| s_axi_control | request_5  | 0x50   | 32    | W      | Data signal of request           |                                                                      |
| s_axi_control | request_6  | 0x54   | 32    | W      | Data signal of request           |                                                                      |
| s_axi_control | request_7  | 0x58   | 32    | W      | Data signal of request           |                                                                      |
| s_axi_control | request_8  | 0x5c   | 32    | W      | Data signal of request           |                                                                      |
| s_axi_control | request_9  | 0x60   | 32    | W      | Data signal of request           |                                                                      |
| s_axi_control | request_10 | 0x64   | 32    | W      | Data signal of request           |                                                                      |
| s_axi_control | request_11 | 0x68   | 32    | W      | Data signal of request           |                                                                      |
| s_axi_control | request_12 | 0x6c   | 32    | W      | Data signal of request           |                                                                      |
+---------------+------------+--------+-------+--------+----------------------------------+----------------------------------------------------------------------+

* BRAM
+--------------+------------+---------------+
| Interface    | Data Width | Address Width |
+--------------+------------+---------------+
| policy_PORTA | 1024       | 32            |
| policy_PORTB | 1024       | 32            |
+--------------+------------+---------------+

* TOP LEVEL CONTROL
+-----------+------------+-----------+
| Interface | Type       | Ports     |
+-----------+------------+-----------+
| ap_clk    | clock      | ap_clk    |
| ap_rst_n  | reset      | ap_rst_n  |
| interrupt | interrupt  | interrupt |
| ap_ctrl   | ap_ctrl_hs |           |
+-----------+------------+-----------+


================================================================
== SW I/O Information
================================================================
* Top Function Arguments
+------------+-----------+------------------------------+
| Argument   | Direction | Datatype                     |
+------------+-----------+------------------------------+
| policy     | in        | PolicyRule const *           |
| rule_count | in        | unsigned short               |
| request    | in        | AuthorizationRequest const & |
| return     | out       | bool                         |
+------------+-----------+------------------------------+

* SW-to-HW Mapping
+------------+---------------+-----------+--------------------------------------+
| Argument   | HW Interface  | HW Type   | HW Info                              |
+------------+---------------+-----------+--------------------------------------+
| policy     | policy_PORTA  | interface |                                      |
| policy     | policy_PORTB  | interface |                                      |
| rule_count | s_axi_control | register  | name=rule_count offset=0x18 range=32 |
| request    | s_axi_control | register  | name=request_1 offset=0x40 range=32  |
| request    | s_axi_control | register  | name=request_2 offset=0x44 range=32  |
| request    | s_axi_control | register  | name=request_3 offset=0x48 range=32  |
| request    | s_axi_control | register  | name=request_4 offset=0x4c range=32  |
| request    | s_axi_control | register  | name=request_5 offset=0x50 range=32  |
| request    | s_axi_control | register  | name=request_6 offset=0x54 range=32  |
| request    | s_axi_control | register  | name=request_7 offset=0x58 range=32  |
| request    | s_axi_control | register  | name=request_8 offset=0x5c range=32  |
| request    | s_axi_control | register  | name=request_9 offset=0x60 range=32  |
| request    | s_axi_control | register  | name=request_10 offset=0x64 range=32 |
| request    | s_axi_control | register  | name=request_11 offset=0x68 range=32 |
| request    | s_axi_control | register  | name=request_12 offset=0x6c range=32 |
| return     | s_axi_control | register  | name=ap_return offset=0x10 range=32  |
+------------+---------------+-----------+--------------------------------------+


================================================================
== Bind Op Report
================================================================
+---------------------------------------------+-----+--------+------------------------+-----------+--------------------------+---------+
| Name                                        | DSP | Pragma | Variable               | Op        | Impl                     | Latency |
+---------------------------------------------+-----+--------+------------------------+-----------+--------------------------+---------+
| + hngac_authorize                           | 0   |        |                        |           |                          |         |
|   icmp_ln15_fu_343_p2                       |     |        | icmp_ln15              | seteq     | auto                     | 0       |
|   icmp_ln15_1_fu_359_p2                     |     |        | icmp_ln15_1            | seteq     | auto                     | 0       |
|   icmp_ln20_fu_365_p2                       |     |        | icmp_ln20              | setgt     | auto                     | 0       |
|   bounded_rule_count_fu_385_p3              |     |        | bounded_rule_count     | select    | auto_sel                 | 0       |
|   add_ln47_fu_533_p2                        |     |        | add_ln47               | add       | fabric                   | 0       |
|   add_ln53_fu_565_p2                        |     |        | add_ln53               | add       | fabric                   | 0       |
|  + hngac_authorize_Pipeline_1               | 0   |        |                        |           |                          |         |
|    exitcond2_i1_fu_94_p2                    |     |        | exitcond2_i1           | seteq     | auto                     | 0       |
|    empty_45_fu_100_p2                       |     |        | empty_45               | add       | fabric                   | 0       |
|  + hngac_authorize_Pipeline_2               | 0   |        |                        |           |                          |         |
|    exitcond1_i2_fu_94_p2                    |     |        | exitcond1_i2           | seteq     | auto                     | 0       |
|    empty_42_fu_100_p2                       |     |        | empty_42               | add       | fabric                   | 0       |
|  + hngac_authorize_Pipeline_3               | 0   |        |                        |           |                          |         |
|    exitcond_i3_fu_94_p2                     |     |        | exitcond_i3            | seteq     | auto                     | 0       |
|    empty_39_fu_100_p2                       |     |        | empty_39               | add       | fabric                   | 0       |
|  + hngac_authorize_Pipeline_4               | 0   |        |                        |           |                          |         |
|    exitcond2_i1954_fu_94_p2                 |     |        | exitcond2_i1954        | seteq     | auto                     | 0       |
|    empty_36_fu_100_p2                       |     |        | empty_36               | add       | fabric                   | 0       |
|  + hngac_authorize_Pipeline_5               | 0   |        |                        |           |                          |         |
|    exitcond1_i1985_fu_94_p2                 |     |        | exitcond1_i1985        | seteq     | auto                     | 0       |
|    empty_33_fu_100_p2                       |     |        | empty_33               | add       | fabric                   | 0       |
|  + hngac_authorize_Pipeline_6               | 0   |        |                        |           |                          |         |
|    exitcond_i2016_fu_94_p2                  |     |        | exitcond_i2016         | seteq     | auto                     | 0       |
|    empty_30_fu_100_p2                       |     |        | empty_30               | add       | fabric                   | 0       |
|  + hngac_authorize_Pipeline_VITIS_LOOP_53_1 | 0   |        |                        |           |                          |         |
|    icmp_ln53_fu_685_p2                      |     |        | icmp_ln53              | seteq     | auto                     | 0       |
|    add_ln53_1_fu_691_p2                     |     |        | add_ln53_1             | add       | fabric                   | 0       |
|    xor_ln58_fu_810_p2                       |     |        | xor_ln58               | xor       | auto                     | 0       |
|    or_ln58_fu_816_p2                        |     |        | or_ln58                | or        | auto                     | 0       |
|    found_2_fu_1114_p2                       |     |        | or_ln58_1              | or        | auto                     | 0       |
|    sparsemux_9_2_64_1_1_U25                 |     |        | tmp                    | sparsemux | compactencoding_dontcare | 0       |
|    bitselect_1ns_64ns_6ns_1_1_1_U26         |     |        | subj_ok                | bitselect | auto                     | 0       |
|    sparsemux_9_2_64_1_1_U27                 |     |        | tmp_1                  | sparsemux | compactencoding_dontcare | 0       |
|    bitselect_1ns_64ns_6ns_1_1_1_U28         |     |        | obj_ok                 | bitselect | auto                     | 0       |
|    and_ln34_fu_888_p2                       |     |        | and_ln34               | and       | auto                     | 0       |
|    icmp_ln34_fu_893_p2                      |     |        | icmp_ln34              | seteq     | auto                     | 0       |
|    and_ln35_fu_898_p2                       |     |        | and_ln35               | and       | auto                     | 0       |
|    icmp_ln35_fu_903_p2                      |     |        | icmp_ln35              | seteq     | auto                     | 0       |
|    and_ln36_fu_908_p2                       |     |        | and_ln36               | and       | auto                     | 0       |
|    icmp_ln36_fu_913_p2                      |     |        | icmp_ln36              | seteq     | auto                     | 0       |
|    and_ln34_1_fu_918_p2                     |     |        | and_ln34_1             | and       | auto                     | 0       |
|    and_ln34_2_fu_924_p2                     |     |        | and_ln34_2             | and       | auto                     | 0       |
|    and_ln37_fu_930_p2                       |     |        | and_ln37               | and       | auto                     | 0       |
|    icmp_ln37_fu_935_p2                      |     |        | icmp_ln37              | seteq     | auto                     | 0       |
|    attr_ok_fu_940_p2                        |     |        | attr_ok                | and       | auto                     | 0       |
|    sparsemux_9_2_64_1_1_U29                 |     |        | tmp_2                  | sparsemux | compactencoding_dontcare | 0       |
|    bitselect_1ns_64ns_6ns_1_1_1_U30         |     |        | subj_ok_1              | bitselect | auto                     | 0       |
|    sparsemux_9_2_64_1_1_U31                 |     |        | tmp_3                  | sparsemux | compactencoding_dontcare | 0       |
|    bitselect_1ns_64ns_6ns_1_1_1_U32         |     |        | obj_ok_1               | bitselect | auto                     | 0       |
|    and_ln34_3_fu_1006_p2                    |     |        | and_ln34_3             | and       | auto                     | 0       |
|    icmp_ln34_1_fu_1011_p2                   |     |        | icmp_ln34_1            | seteq     | auto                     | 0       |
|    and_ln35_1_fu_1016_p2                    |     |        | and_ln35_1             | and       | auto                     | 0       |
|    icmp_ln35_1_fu_1021_p2                   |     |        | icmp_ln35_1            | seteq     | auto                     | 0       |
|    and_ln36_1_fu_1026_p2                    |     |        | and_ln36_1             | and       | auto                     | 0       |
|    icmp_ln36_1_fu_1031_p2                   |     |        | icmp_ln36_1            | seteq     | auto                     | 0       |
|    and_ln34_4_fu_1036_p2                    |     |        | and_ln34_4             | and       | auto                     | 0       |
|    and_ln34_5_fu_1042_p2                    |     |        | and_ln34_5             | and       | auto                     | 0       |
|    and_ln37_1_fu_1048_p2                    |     |        | and_ln37_1             | and       | auto                     | 0       |
|    icmp_ln37_1_fu_1053_p2                   |     |        | icmp_ln37_1            | seteq     | auto                     | 0       |
|    attr_ok_1_fu_1058_p2                     |     |        | attr_ok_1              | and       | auto                     | 0       |
|    and_ln38_fu_1064_p2                      |     |        | and_ln38               | and       | auto                     | 0       |
|    found_2_fu_1114_p6                       |     |        | found_1                | and       | auto                     | 0       |
|    xor_ln58_1_fu_1076_p2                    |     |        | xor_ln58_1             | xor       | auto                     | 0       |
|    and_ln38_2_fu_1082_p2                    |     |        | and_ln38_2             | and       | auto                     | 0       |
|    and_ln38_3_fu_1088_p2                    |     |        | and_ln38_3             | and       | auto                     | 0       |
|    and_ln38_4_fu_1094_p2                    |     |        | and_ln38_4             | and       | auto                     | 0       |
|    and_ln38_5_fu_1100_p2                    |     |        | and_ln38_5             | and       | auto                     | 0       |
|    sparsemux_7_2_1_1_1_U33                  |     |        | found_2                | sparsemux | onehotencoding_realdef   | 0       |
|    stage1_valid_1_fu_697_p2                 |     |        | stage1_valid_1         | setlt     | auto                     | 0       |
|    icmp_ln70_fu_722_p2                      |     |        | icmp_ln70              | setlt     | auto                     | 0       |
|    and_ln70_fu_1362_p2                      |     |        | and_ln70               | and       | auto                     | 0       |
|    xor_ln67_fu_1366_p2                      |     |        | xor_ln67               | xor       | auto                     | 0       |
|    sparsemux_7_2_64_1_1_U34                 |     |        | rule_b_reg_objects_7   | sparsemux | onehotencoding_realdef   | 0       |
|    sparsemux_7_2_64_1_1_U35                 |     |        | rule_b_reg_objects_4   | sparsemux | onehotencoding_realdef   | 0       |
|    sparsemux_7_2_64_1_1_U36                 |     |        | rule_b_reg_objects_5   | sparsemux | onehotencoding_realdef   | 0       |
|    sparsemux_7_2_64_1_1_U37                 |     |        | rule_b_reg_objects_6   | sparsemux | onehotencoding_realdef   | 0       |
|    sparsemux_7_2_64_1_1_U38                 |     |        | rule_b_reg_subjects_7  | sparsemux | onehotencoding_realdef   | 0       |
|    sparsemux_7_2_64_1_1_U39                 |     |        | rule_b_reg_subjects_4  | sparsemux | onehotencoding_realdef   | 0       |
|    sparsemux_7_2_64_1_1_U40                 |     |        | rule_b_reg_subjects_5  | sparsemux | onehotencoding_realdef   | 0       |
|    sparsemux_7_2_64_1_1_U41                 |     |        | rule_b_reg_subjects_6  | sparsemux | onehotencoding_realdef   | 0       |
|    rule_a_reg_objects_8_fu_1539_p3          |     |        | rule_a_reg_objects_8   | select    | auto_sel                 | 0       |
|    rule_a_reg_objects_9_fu_1546_p3          |     |        | rule_a_reg_objects_9   | select    | auto_sel                 | 0       |
|    rule_a_reg_objects_10_fu_1553_p3         |     |        | rule_a_reg_objects_10  | select    | auto_sel                 | 0       |
|    rule_a_reg_objects_11_fu_1560_p3         |     |        | rule_a_reg_objects_11  | select    | auto_sel                 | 0       |
|    rule_a_reg_subjects_8_fu_1567_p3         |     |        | rule_a_reg_subjects_8  | select    | auto_sel                 | 0       |
|    rule_a_reg_subjects_9_fu_1574_p3         |     |        | rule_a_reg_subjects_9  | select    | auto_sel                 | 0       |
|    rule_a_reg_subjects_10_fu_1581_p3        |     |        | rule_a_reg_subjects_10 | select    | auto_sel                 | 0       |
|    rule_a_reg_subjects_11_fu_1588_p3        |     |        | rule_a_reg_subjects_11 | select    | auto_sel                 | 0       |
|    sparsemux_7_2_64_1_1_U42                 |     |        | tmp_4                  | sparsemux | onehotencoding_realdef   | 0       |
|    sparsemux_7_2_64_1_1_U43                 |     |        | tmp_5                  | sparsemux | onehotencoding_realdef   | 0       |
|    sparsemux_7_2_64_1_1_U44                 |     |        | tmp_6                  | sparsemux | onehotencoding_realdef   | 0       |
|    sparsemux_7_2_64_1_1_U45                 |     |        | tmp_7                  | sparsemux | onehotencoding_realdef   | 0       |
|    empty_26_fu_1675_p3                      |     |        | empty_26               | select    | auto_sel                 | 0       |
|    empty_27_fu_1682_p3                      |     |        | empty_27               | select    | auto_sel                 | 0       |
|    empty_28_fu_1689_p3                      |     |        | empty_28               | select    | auto_sel                 | 0       |
|    empty_29_fu_1696_p3                      |     |        | empty_29               | select    | auto_sel                 | 0       |
+---------------------------------------------+-----+--------+------------------------+-----------+--------------------------+---------+


================================================================
== Storage Report
================================================================
+-------------------+-----------+-----------+------+------+--------+----------+------+---------+------------------+
| Name              | Usage     | Type      | BRAM | URAM | Pragma | Variable | Impl | Latency | Bitwidth, Depth, |
|                   |           |           |      |      |        |          |      |         | Banks            |
+-------------------+-----------+-----------+------+------+--------+----------+------+---------+------------------+
| + hngac_authorize |           |           | 0    | 0    |        |          |      |         |                  |
|   control_s_axi_U | interface | s_axilite |      |      |        |          |      |         |                  |
+-------------------+-----------+-----------+------+------+--------+----------+------+---------+------------------+


================================================================
== Pragma Report
================================================================
* Inferred Pragmas
+-----------------+--------------------------------------------------+---------------------------------------------------------------------------+------------------------------------------+
| Type            | Options                                          | Location                                                                  | Inferred From                            |
+-----------------+--------------------------------------------------+---------------------------------------------------------------------------+------------------------------------------+
| ARRAY_PARTITION | dim=1 type=complete variable=rule_a_reg.subjects | variable rule_a_reg.subjects in hngac_authorize (src/hngac_kernel.cpp:49) | syn.array_partition.complete_threshold=4 |
+-----------------+--------------------------------------------------+---------------------------------------------------------------------------+------------------------------------------+

* Valid Pragma Syntax
+----------------+---------------------------+----------------------------------------------+
| Type           | Options                   | Location                                     |
+----------------+---------------------------+----------------------------------------------+
| INTERFACE      | s_axilite port=return     | in hngac_authorize (src/hngac_kernel.cpp:10) |
| INTERFACE      | s_axilite port=rule_count | in hngac_authorize (src/hngac_kernel.cpp:11) |
| INTERFACE      | s_axilite port=request    | in hngac_authorize (src/hngac_kernel.cpp:12) |
| INTERFACE      | bram port=policy          | in hngac_authorize (src/hngac_kernel.cpp:13) |
| INLINE         |                           | in hngac_authorize (src/hngac_kernel.cpp:30) |
| PIPELINE       | ii=1                      | in hngac_authorize (src/hngac_kernel.cpp:54) |
| LOOP_TRIPCOUNT | min=0 max=257 avg=129     | in hngac_authorize (src/hngac_kernel.cpp:55) |
+----------------+---------------------------+----------------------------------------------+


