

================================================================
== Vitis HLS Report for 'hngac_authorize_Pipeline_VITIS_LOOP_53_1'
================================================================
* Date:           Thu Aug 13 11:10:43 2026

* Version:        2025.2 (Build 6295257 on Nov 14 2025)
* Project:        hngac_opt_v1_3d_bench
* Solution:       solution1 (Vivado IP Flow Target)
* Product family: zynq
* Target device:  xc7z020-clg400-1


================================================================
== Performance Estimates
================================================================
+ Timing: 
    * Summary: 
    +--------+----------+----------+------------+
    |  Clock |  Target  | Estimated| Uncertainty|
    +--------+----------+----------+------------+
    |ap_clk  |  10.00 ns|  6.578 ns|     2.70 ns|
    +--------+----------+----------+------------+

+ Latency: 
    * Summary: 
    +---------+---------+-----------+----------+-----+-----+-------------------+
    |  Latency (cycles) |  Latency (absolute)  |  Interval |      Pipeline     |
    |   min   |   max   |    min    |    max   | min | max |        Type       |
    +---------+---------+-----------+----------+-----+-----+-------------------+
    |        4|      260|  40.000 ns|  2.600 us|    0|    0|  loop pipeline stp|
    +---------+---------+-----------+----------+-----+-----+-------------------+

    + Detail: 
        * Instance: 
        N/A

        * Loop: 
        +-------------------+---------+---------+----------+-----------+-----------+---------+----------+
        |                   |  Latency (cycles) | Iteration|  Initiation Interval  |   Trip  |          |
        |     Loop Name     |   min   |   max   |  Latency |  achieved |   target  |  Count  | Pipelined|
        +-------------------+---------+---------+----------+-----------+-----------+---------+----------+
        |- VITIS_LOOP_53_1  |        2|      258|         2|          1|          1|  1 ~ 257|       yes|
        +-------------------+---------+---------+----------+-----------+-----------+---------+----------+



================================================================
== Utilization Estimates
================================================================
* Summary: 
+-----------------+---------+-----+--------+-------+-----+
|       Name      | BRAM_18K| DSP |   FF   |  LUT  | URAM|
+-----------------+---------+-----+--------+-------+-----+
|DSP              |        -|    -|       -|      -|    -|
|Expression       |        -|    -|       0|   1943|    -|
|FIFO             |        -|    -|       -|      -|    -|
|Instance         |        -|    -|       0|    265|    -|
|Memory           |        -|    -|       -|      -|    -|
|Multiplexer      |        -|    -|       0|    270|    -|
|Register         |        -|    -|    1554|      -|    -|
+-----------------+---------+-----+--------+-------+-----+
|Total            |        0|    0|    1554|   2478|    0|
+-----------------+---------+-----+--------+-------+-----+
|Available        |      280|  220|  106400|  53200|    0|
+-----------------+---------+-----+--------+-------+-----+
|Utilization (%)  |        0|    0|       1|      4|    0|
+-----------------+---------+-----+--------+-------+-----+

+ Detail: 
    * Instance: 
    +----------------------------------+------------------------------+---------+----+---+----+-----+
    |             Instance             |            Module            | BRAM_18K| DSP| FF| LUT| URAM|
    +----------------------------------+------------------------------+---------+----+---+----+-----+
    |bitselect_1ns_64ns_6ns_1_1_1_U26  |bitselect_1ns_64ns_6ns_1_1_1  |        0|   0|  0|  17|    0|
    |bitselect_1ns_64ns_6ns_1_1_1_U28  |bitselect_1ns_64ns_6ns_1_1_1  |        0|   0|  0|  17|    0|
    |bitselect_1ns_64ns_6ns_1_1_1_U30  |bitselect_1ns_64ns_6ns_1_1_1  |        0|   0|  0|  17|    0|
    |bitselect_1ns_64ns_6ns_1_1_1_U32  |bitselect_1ns_64ns_6ns_1_1_1  |        0|   0|  0|  17|    0|
    |sparsemux_7_2_1_1_1_U33           |sparsemux_7_2_1_1_1           |        0|   0|  0|   9|    0|
    |sparsemux_7_2_64_1_1_U34          |sparsemux_7_2_64_1_1          |        0|   0|  0|   9|    0|
    |sparsemux_7_2_64_1_1_U35          |sparsemux_7_2_64_1_1          |        0|   0|  0|   9|    0|
    |sparsemux_7_2_64_1_1_U36          |sparsemux_7_2_64_1_1          |        0|   0|  0|   9|    0|
    |sparsemux_7_2_64_1_1_U37          |sparsemux_7_2_64_1_1          |        0|   0|  0|   9|    0|
    |sparsemux_7_2_64_1_1_U38          |sparsemux_7_2_64_1_1          |        0|   0|  0|   9|    0|
    |sparsemux_7_2_64_1_1_U39          |sparsemux_7_2_64_1_1          |        0|   0|  0|   9|    0|
    |sparsemux_7_2_64_1_1_U40          |sparsemux_7_2_64_1_1          |        0|   0|  0|   9|    0|
    |sparsemux_7_2_64_1_1_U41          |sparsemux_7_2_64_1_1          |        0|   0|  0|   9|    0|
    |sparsemux_7_2_64_1_1_U42          |sparsemux_7_2_64_1_1          |        0|   0|  0|   9|    0|
    |sparsemux_7_2_64_1_1_U43          |sparsemux_7_2_64_1_1          |        0|   0|  0|   9|    0|
    |sparsemux_7_2_64_1_1_U44          |sparsemux_7_2_64_1_1          |        0|   0|  0|   9|    0|
    |sparsemux_7_2_64_1_1_U45          |sparsemux_7_2_64_1_1          |        0|   0|  0|   9|    0|
    |sparsemux_9_2_64_1_1_U25          |sparsemux_9_2_64_1_1          |        0|   0|  0|  20|    0|
    |sparsemux_9_2_64_1_1_U27          |sparsemux_9_2_64_1_1          |        0|   0|  0|  20|    0|
    |sparsemux_9_2_64_1_1_U29          |sparsemux_9_2_64_1_1          |        0|   0|  0|  20|    0|
    |sparsemux_9_2_64_1_1_U31          |sparsemux_9_2_64_1_1          |        0|   0|  0|  20|    0|
    +----------------------------------+------------------------------+---------+----+---+----+-----+
    |Total                             |                              |        0|   0|  0| 265|    0|
    +----------------------------------+------------------------------+---------+----+---+----+-----+

    * DSP: 
    N/A

    * Memory: 
    N/A

    * FIFO: 
    N/A

    * Expression: 
    +-----------------------------------+----------+----+---+----+------------+------------+
    |           Variable Name           | Operation| DSP| FF| LUT| Bitwidth P0| Bitwidth P1|
    +-----------------------------------+----------+----+---+----+------------+------------+
    |add_ln53_1_fu_691_p2               |         +|   0|  0|  14|           9|           1|
    |and_ln34_1_fu_918_p2               |       and|   0|  0|   2|           1|           1|
    |and_ln34_2_fu_924_p2               |       and|   0|  0|   2|           1|           1|
    |and_ln34_3_fu_1006_p2              |       and|   0|  0|  64|          64|          64|
    |and_ln34_4_fu_1036_p2              |       and|   0|  0|   2|           1|           1|
    |and_ln34_5_fu_1042_p2              |       and|   0|  0|   2|           1|           1|
    |and_ln34_fu_888_p2                 |       and|   0|  0|  64|          64|          64|
    |and_ln35_1_fu_1016_p2              |       and|   0|  0|  64|          64|          64|
    |and_ln35_fu_898_p2                 |       and|   0|  0|  64|          64|          64|
    |and_ln36_1_fu_1026_p2              |       and|   0|  0|  64|          64|          64|
    |and_ln36_fu_908_p2                 |       and|   0|  0|  64|          64|          64|
    |and_ln37_1_fu_1048_p2              |       and|   0|  0|  64|          64|          64|
    |and_ln37_fu_930_p2                 |       and|   0|  0|  64|          64|          64|
    |and_ln38_2_fu_1082_p2              |       and|   0|  0|   2|           1|           1|
    |and_ln38_3_fu_1088_p2              |       and|   0|  0|   2|           1|           1|
    |and_ln38_4_fu_1094_p2              |       and|   0|  0|   2|           1|           1|
    |and_ln38_5_fu_1100_p2              |       and|   0|  0|   2|           1|           1|
    |and_ln38_fu_1064_p2                |       and|   0|  0|   2|           1|           1|
    |and_ln70_fu_1362_p2                |       and|   0|  0|   2|           1|           1|
    |ap_condition_899                   |       and|   0|  0|   2|           1|           1|
    |attr_ok_1_fu_1058_p2               |       and|   0|  0|   2|           1|           1|
    |attr_ok_fu_940_p2                  |       and|   0|  0|   2|           1|           1|
    |found_2_fu_1114_p6                 |       and|   0|  0|   2|           1|           1|
    |icmp_ln34_1_fu_1011_p2             |      icmp|   0|  0|  71|          64|          64|
    |icmp_ln34_fu_893_p2                |      icmp|   0|  0|  71|          64|          64|
    |icmp_ln35_1_fu_1021_p2             |      icmp|   0|  0|  71|          64|          64|
    |icmp_ln35_fu_903_p2                |      icmp|   0|  0|  71|          64|          64|
    |icmp_ln36_1_fu_1031_p2             |      icmp|   0|  0|  71|          64|          64|
    |icmp_ln36_fu_913_p2                |      icmp|   0|  0|  71|          64|          64|
    |icmp_ln37_1_fu_1053_p2             |      icmp|   0|  0|  71|          64|          64|
    |icmp_ln37_fu_935_p2                |      icmp|   0|  0|  71|          64|          64|
    |icmp_ln53_fu_685_p2                |      icmp|   0|  0|  14|           9|           9|
    |icmp_ln70_fu_722_p2                |      icmp|   0|  0|  13|          10|          10|
    |stage1_valid_1_fu_697_p2           |      icmp|   0|  0|  14|           9|           9|
    |found_2_fu_1114_p2                 |        or|   0|  0|   2|           1|           1|
    |or_ln58_fu_816_p2                  |        or|   0|  0|   2|           1|           1|
    |empty_26_fu_1675_p3                |    select|   0|  0|  64|           1|          64|
    |empty_27_fu_1682_p3                |    select|   0|  0|  64|           1|          64|
    |empty_28_fu_1689_p3                |    select|   0|  0|  64|           1|          64|
    |empty_29_fu_1696_p3                |    select|   0|  0|  64|           1|          64|
    |rule_a_reg_objects_10_fu_1553_p3   |    select|   0|  0|  64|           1|          64|
    |rule_a_reg_objects_11_fu_1560_p3   |    select|   0|  0|  64|           1|          64|
    |rule_a_reg_objects_8_fu_1539_p3    |    select|   0|  0|  64|           1|          64|
    |rule_a_reg_objects_9_fu_1546_p3    |    select|   0|  0|  64|           1|          64|
    |rule_a_reg_subjects_10_fu_1581_p3  |    select|   0|  0|  64|           1|          64|
    |rule_a_reg_subjects_11_fu_1588_p3  |    select|   0|  0|  64|           1|          64|
    |rule_a_reg_subjects_8_fu_1567_p3   |    select|   0|  0|  64|           1|          64|
    |rule_a_reg_subjects_9_fu_1574_p3   |    select|   0|  0|  64|           1|          64|
    |ap_enable_pp0                      |       xor|   0|  0|   2|           1|           2|
    |xor_ln58_1_fu_1076_p2              |       xor|   0|  0|   2|           1|           2|
    |xor_ln58_fu_810_p2                 |       xor|   0|  0|   2|           1|           2|
    |xor_ln67_fu_1366_p2                |       xor|   0|  0|   2|           1|           2|
    +-----------------------------------+----------+----+---+----+------------+------------+
    |Total                              |          |   0|  0|1943|        1093|        1845|
    +-----------------------------------+----------+----+---+----+------------+------------+

    * Multiplexer: 
    +----------------------------------+----+-----------+-----+-----------+
    |               Name               | LUT| Input Size| Bits| Total Bits|
    +----------------------------------+----+-----------+-----+-----------+
    |ap_done_int                       |   9|          2|    1|          2|
    |ap_loop_exit_ready_pp0_iter1_reg  |   9|          2|    1|          2|
    |ap_sig_allocacmp_p_1              |   9|          2|    9|         18|
    |empty_18_fu_196                   |   9|          2|   64|        128|
    |empty_19_fu_200                   |   9|          2|   64|        128|
    |empty_20_fu_204                   |   9|          2|   64|        128|
    |empty_21_fu_208                   |   9|          2|   64|        128|
    |empty_22_fu_212                   |   9|          2|   64|        128|
    |empty_23_fu_216                   |   9|          2|   64|        128|
    |empty_24_fu_220                   |   9|          2|   64|        128|
    |empty_25_fu_224                   |   9|          2|   64|        128|
    |found_reg_534                     |   9|          2|    1|          2|
    |p_fu_192                          |   9|          2|    9|         18|
    |rule_a_reg_objects_1_fu_248       |   9|          2|   64|        128|
    |rule_a_reg_objects_2_fu_252       |   9|          2|   64|        128|
    |rule_a_reg_objects_3_fu_256       |   9|          2|   64|        128|
    |rule_a_reg_objects_fu_244         |   9|          2|   64|        128|
    |rule_a_reg_subjects_1_fu_232      |   9|          2|   64|        128|
    |rule_a_reg_subjects_2_fu_236      |   9|          2|   64|        128|
    |rule_a_reg_subjects_3_fu_240      |   9|          2|   64|        128|
    |rule_a_reg_subjects_fu_228        |   9|          2|   64|        128|
    |rule_b_reg_objects_1_fu_280       |   9|          2|   64|        128|
    |rule_b_reg_objects_2_fu_284       |   9|          2|   64|        128|
    |rule_b_reg_objects_3_fu_288       |   9|          2|   64|        128|
    |rule_b_reg_objects_fu_276         |   9|          2|   64|        128|
    |rule_b_reg_subjects_1_fu_264      |   9|          2|   64|        128|
    |rule_b_reg_subjects_2_fu_268      |   9|          2|   64|        128|
    |rule_b_reg_subjects_3_fu_272      |   9|          2|   64|        128|
    |rule_b_reg_subjects_fu_260        |   9|          2|   64|        128|
    |stage1_valid_reg_546              |   9|          2|    1|          2|
    +----------------------------------+----+-----------+-----+-----------+
    |Total                             | 270|         60| 1558|       3116|
    +----------------------------------+----+-----------+-----+-----------+

    * Register: 
    +----------------------------------+----+----+-----+-----------+
    |               Name               | FF | LUT| Bits| Const Bits|
    +----------------------------------+----+----+-----+-----------+
    |ap_CS_fsm                         |   1|   0|    1|          0|
    |ap_done_reg                       |   1|   0|    1|          0|
    |ap_enable_reg_pp0_iter1           |   1|   0|    1|          0|
    |ap_loop_exit_ready_pp0_iter1_reg  |   1|   0|    1|          0|
    |empty_18_fu_196                   |  64|   0|   64|          0|
    |empty_19_fu_200                   |  64|   0|   64|          0|
    |empty_20_fu_204                   |  64|   0|   64|          0|
    |empty_21_fu_208                   |  64|   0|   64|          0|
    |empty_22_fu_212                   |  64|   0|   64|          0|
    |empty_23_fu_216                   |  64|   0|   64|          0|
    |empty_24_fu_220                   |  64|   0|   64|          0|
    |empty_25_fu_224                   |  64|   0|   64|          0|
    |found_reg_534                     |   1|   0|    1|          0|
    |icmp_ln53_reg_2054                |   1|   0|    1|          0|
    |icmp_ln70_reg_2082                |   1|   0|    1|          0|
    |p_fu_192                          |   9|   0|    9|          0|
    |rule_a_reg_objects_1_fu_248       |  64|   0|   64|          0|
    |rule_a_reg_objects_2_fu_252       |  64|   0|   64|          0|
    |rule_a_reg_objects_3_fu_256       |  64|   0|   64|          0|
    |rule_a_reg_objects_fu_244         |  64|   0|   64|          0|
    |rule_a_reg_subjects_1_fu_232      |  64|   0|   64|          0|
    |rule_a_reg_subjects_2_fu_236      |  64|   0|   64|          0|
    |rule_a_reg_subjects_3_fu_240      |  64|   0|   64|          0|
    |rule_a_reg_subjects_fu_228        |  64|   0|   64|          0|
    |rule_b_reg_objects_1_fu_280       |  64|   0|   64|          0|
    |rule_b_reg_objects_2_fu_284       |  64|   0|   64|          0|
    |rule_b_reg_objects_3_fu_288       |  64|   0|   64|          0|
    |rule_b_reg_objects_fu_276         |  64|   0|   64|          0|
    |rule_b_reg_subjects_1_fu_264      |  64|   0|   64|          0|
    |rule_b_reg_subjects_2_fu_268      |  64|   0|   64|          0|
    |rule_b_reg_subjects_3_fu_272      |  64|   0|   64|          0|
    |rule_b_reg_subjects_fu_260        |  64|   0|   64|          0|
    |stage1_valid_1_reg_2058           |   1|   0|    1|          0|
    |stage1_valid_reg_546              |   1|   0|    1|          0|
    +----------------------------------+----+----+-----+-----------+
    |Total                             |1554|   0| 1554|          0|
    +----------------------------------+----+----+-----+-----------+



================================================================
== Interface
================================================================
* Summary: 
+----------------------------------------+-----+------+------------+------------------------------------------+--------------+
|                RTL Ports               | Dir | Bits |  Protocol  |               Source Object              |    C Type    |
+----------------------------------------+-----+------+------------+------------------------------------------+--------------+
|ap_clk                                  |   in|     1|  ap_ctrl_hs|  hngac_authorize_Pipeline_VITIS_LOOP_53_1|  return value|
|ap_rst                                  |   in|     1|  ap_ctrl_hs|  hngac_authorize_Pipeline_VITIS_LOOP_53_1|  return value|
|ap_start                                |   in|     1|  ap_ctrl_hs|  hngac_authorize_Pipeline_VITIS_LOOP_53_1|  return value|
|ap_done                                 |  out|     1|  ap_ctrl_hs|  hngac_authorize_Pipeline_VITIS_LOOP_53_1|  return value|
|ap_idle                                 |  out|     1|  ap_ctrl_hs|  hngac_authorize_Pipeline_VITIS_LOOP_53_1|  return value|
|ap_ready                                |  out|     1|  ap_ctrl_hs|  hngac_authorize_Pipeline_VITIS_LOOP_53_1|  return value|
|rule_b_reg_objects_3_reload             |   in|    64|     ap_none|               rule_b_reg_objects_3_reload|        scalar|
|rule_b_reg_objects_2_reload             |   in|    64|     ap_none|               rule_b_reg_objects_2_reload|        scalar|
|rule_b_reg_objects_1_reload             |   in|    64|     ap_none|               rule_b_reg_objects_1_reload|        scalar|
|rule_b_reg_objects_reload               |   in|    64|     ap_none|                 rule_b_reg_objects_reload|        scalar|
|rule_b_reg_subjects_3_reload            |   in|    64|     ap_none|              rule_b_reg_subjects_3_reload|        scalar|
|rule_b_reg_subjects_2_reload            |   in|    64|     ap_none|              rule_b_reg_subjects_2_reload|        scalar|
|rule_b_reg_subjects_1_reload            |   in|    64|     ap_none|              rule_b_reg_subjects_1_reload|        scalar|
|rule_b_reg_subjects_reload              |   in|    64|     ap_none|                rule_b_reg_subjects_reload|        scalar|
|rule_a_reg_objects_3_reload             |   in|    64|     ap_none|               rule_a_reg_objects_3_reload|        scalar|
|rule_a_reg_objects_2_reload             |   in|    64|     ap_none|               rule_a_reg_objects_2_reload|        scalar|
|rule_a_reg_objects_1_reload             |   in|    64|     ap_none|               rule_a_reg_objects_1_reload|        scalar|
|rule_a_reg_objects_reload               |   in|    64|     ap_none|                 rule_a_reg_objects_reload|        scalar|
|rule_a_reg_subjects_3_reload            |   in|    64|     ap_none|              rule_a_reg_subjects_3_reload|        scalar|
|rule_a_reg_subjects_2_reload            |   in|    64|     ap_none|              rule_a_reg_subjects_2_reload|        scalar|
|rule_a_reg_subjects_1_reload            |   in|    64|     ap_none|              rule_a_reg_subjects_1_reload|        scalar|
|rule_a_reg_subjects_reload              |   in|    64|     ap_none|                rule_a_reg_subjects_reload|        scalar|
|rule_b_reg_2_0_0_334_promoted58_reload  |   in|    64|     ap_none|    rule_b_reg_2_0_0_334_promoted58_reload|        scalar|
|rule_b_reg_2_0_0_232_promoted56_reload  |   in|    64|     ap_none|    rule_b_reg_2_0_0_232_promoted56_reload|        scalar|
|rule_b_reg_2_0_0_130_promoted54_reload  |   in|    64|     ap_none|    rule_b_reg_2_0_0_130_promoted54_reload|        scalar|
|rule_b_reg_2_0_0_028_promoted52_reload  |   in|    64|     ap_none|    rule_b_reg_2_0_0_028_promoted52_reload|        scalar|
|rule_a_reg_2_0_0_3_promoted50_reload    |   in|    64|     ap_none|      rule_a_reg_2_0_0_3_promoted50_reload|        scalar|
|rule_a_reg_2_0_0_2_promoted48_reload    |   in|    64|     ap_none|      rule_a_reg_2_0_0_2_promoted48_reload|        scalar|
|rule_a_reg_2_0_0_1_promoted46_reload    |   in|    64|     ap_none|      rule_a_reg_2_0_0_1_promoted46_reload|        scalar|
|rule_a_reg_2_0_0_0_promoted44_reload    |   in|    64|     ap_none|      rule_a_reg_2_0_0_0_promoted44_reload|        scalar|
|add_ln53                                |   in|     9|     ap_none|                                  add_ln53|        scalar|
|trunc_ln3                               |   in|     2|     ap_none|                                 trunc_ln3|        scalar|
|empty                                   |   in|     6|     ap_none|                                     empty|        scalar|
|trunc_ln2                               |   in|     2|     ap_none|                                 trunc_ln2|        scalar|
|trunc_ln1                               |   in|     6|     ap_none|                                 trunc_ln1|        scalar|
|trunc_ln5                               |   in|    64|     ap_none|                                 trunc_ln5|        scalar|
|trunc_ln6                               |   in|    64|     ap_none|                                 trunc_ln6|        scalar|
|trunc_ln7                               |   in|    64|     ap_none|                                 trunc_ln7|        scalar|
|trunc_ln8                               |   in|    64|     ap_none|                                 trunc_ln8|        scalar|
|trunc_ln4                               |   in|     9|     ap_none|                                 trunc_ln4|        scalar|
|policy_Addr_A                           |  out|    32|        bram|                                    policy|         array|
|policy_EN_A                             |  out|     1|        bram|                                    policy|         array|
|policy_WEN_A                            |  out|   128|        bram|                                    policy|         array|
|policy_Din_A                            |  out|  1024|        bram|                                    policy|         array|
|policy_Dout_A                           |   in|  1024|        bram|                                    policy|         array|
|policy_Addr_B                           |  out|    32|        bram|                                    policy|         array|
|policy_EN_B                             |  out|     1|        bram|                                    policy|         array|
|policy_WEN_B                            |  out|   128|        bram|                                    policy|         array|
|policy_Din_B                            |  out|  1024|        bram|                                    policy|         array|
|policy_Dout_B                           |   in|  1024|        bram|                                    policy|         array|
|bounded_rule_count                      |   in|    10|     ap_none|                        bounded_rule_count|        scalar|
|found_out                               |  out|     1|      ap_vld|                                 found_out|       pointer|
|found_out_ap_vld                        |  out|     1|      ap_vld|                                 found_out|       pointer|
+----------------------------------------+-----+------+------------+------------------------------------------+--------------+

