

================================================================
== Vitis HLS Report for 'hngac_authorize'
================================================================
* Date:           Thu Aug 13 11:10:45 2026

* Version:        2025.2 (Build 6295257 on Nov 14 2025)
* Project:        hngac_opt_v1_3d_bench
* Solution:       solution1 (Vivado IP Flow Target)
* Product family: zynq
* Target device:  xc7z020-clg400-1


================================================================
== Performance Estimates
================================================================
+ Timing: 
    * Summary: 
    +--------+----------+----------+------------+
    |  Clock |  Target  | Estimated| Uncertainty|
    +--------+----------+----------+------------+
    |ap_clk  |  10.00 ns|  6.965 ns|     2.70 ns|
    +--------+----------+----------+------------+

+ Latency: 
    * Summary: 
    +---------+---------+-----------+----------+-----+-----+---------+
    |  Latency (cycles) |  Latency (absolute)  |  Interval | Pipeline|
    |   min   |   max   |    min    |    max   | min | max |   Type  |
    +---------+---------+-----------+----------+-----+-----+---------+
    |        1|      270|  10.000 ns|  2.700 us|    2|  271|       no|
    +---------+---------+-----------+----------+-----+-----+---------+

    + Detail: 
        * Instance: 
        +-----------------------------------------------------+------------------------------------------+---------+---------+-----------+-----------+-----+-----+-------------------+
        |                                                     |                                          |  Latency (cycles) |   Latency (absolute)  |  Interval |      Pipeline     |
        |                       Instance                      |                  Module                  |   min   |   max   |    min    |    max    | min | max |        Type       |
        +-----------------------------------------------------+------------------------------------------+---------+---------+-----------+-----------+-----+-----+-------------------+
        |grp_hngac_authorize_Pipeline_1_fu_239                |hngac_authorize_Pipeline_1                |        6|        6|  60.000 ns|  60.000 ns|    0|    0|  loop pipeline stp|
        |grp_hngac_authorize_Pipeline_2_fu_247                |hngac_authorize_Pipeline_2                |        6|        6|  60.000 ns|  60.000 ns|    0|    0|  loop pipeline stp|
        |grp_hngac_authorize_Pipeline_3_fu_255                |hngac_authorize_Pipeline_3                |        6|        6|  60.000 ns|  60.000 ns|    0|    0|  loop pipeline stp|
        |grp_hngac_authorize_Pipeline_4_fu_263                |hngac_authorize_Pipeline_4                |        6|        6|  60.000 ns|  60.000 ns|    0|    0|  loop pipeline stp|
        |grp_hngac_authorize_Pipeline_5_fu_271                |hngac_authorize_Pipeline_5                |        6|        6|  60.000 ns|  60.000 ns|    0|    0|  loop pipeline stp|
        |grp_hngac_authorize_Pipeline_6_fu_279                |hngac_authorize_Pipeline_6                |        6|        6|  60.000 ns|  60.000 ns|    0|    0|  loop pipeline stp|
        |grp_hngac_authorize_Pipeline_VITIS_LOOP_53_1_fu_287  |hngac_authorize_Pipeline_VITIS_LOOP_53_1  |        4|      260|  40.000 ns|   2.600 us|    0|    0|  loop pipeline stp|
        +-----------------------------------------------------+------------------------------------------+---------+---------+-----------+-----------+-----+-----+-------------------+

        * Loop: 
        N/A



================================================================
== Utilization Estimates
================================================================
* Summary: 
+-----------------+---------+-----+--------+-------+-----+
|       Name      | BRAM_18K| DSP |   FF   |  LUT  | URAM|
+-----------------+---------+-----+--------+-------+-----+
|DSP              |        -|    -|       -|      -|    -|
|Expression       |        -|    -|       0|     93|    -|
|FIFO             |        -|    -|       -|      -|    -|
|Instance         |        0|    -|    2033|   3626|    -|
|Memory           |        -|    -|       -|      -|    -|
|Multiplexer      |        -|    -|       0|     49|    -|
|Register         |        -|    -|     315|      -|    -|
+-----------------+---------+-----+--------+-------+-----+
|Total            |        0|    0|    2348|   3768|    0|
+-----------------+---------+-----+--------+-------+-----+
|Available        |      280|  220|  106400|  53200|    0|
+-----------------+---------+-----+--------+-------+-----+
|Utilization (%)  |        0|    0|       2|      7|    0|
+-----------------+---------+-----+--------+-------+-----+

+ Detail: 
    * Instance: 
    +-----------------------------------------------------+------------------------------------------+---------+----+------+------+-----+
    |                       Instance                      |                  Module                  | BRAM_18K| DSP|  FF  |  LUT | URAM|
    +-----------------------------------------------------+------------------------------------------+---------+----+------+------+-----+
    |control_s_axi_U                                      |control_s_axi                             |        0|   0|   449|   842|    0|
    |grp_hngac_authorize_Pipeline_1_fu_239                |hngac_authorize_Pipeline_1                |        0|   0|     5|    51|    0|
    |grp_hngac_authorize_Pipeline_2_fu_247                |hngac_authorize_Pipeline_2                |        0|   0|     5|    51|    0|
    |grp_hngac_authorize_Pipeline_3_fu_255                |hngac_authorize_Pipeline_3                |        0|   0|     5|    51|    0|
    |grp_hngac_authorize_Pipeline_4_fu_263                |hngac_authorize_Pipeline_4                |        0|   0|     5|    51|    0|
    |grp_hngac_authorize_Pipeline_5_fu_271                |hngac_authorize_Pipeline_5                |        0|   0|     5|    51|    0|
    |grp_hngac_authorize_Pipeline_6_fu_279                |hngac_authorize_Pipeline_6                |        0|   0|     5|    51|    0|
    |grp_hngac_authorize_Pipeline_VITIS_LOOP_53_1_fu_287  |hngac_authorize_Pipeline_VITIS_LOOP_53_1  |        0|   0|  1554|  2478|    0|
    +-----------------------------------------------------+------------------------------------------+---------+----+------+------+-----+
    |Total                                                |                                          |        0|   0|  2033|  3626|    0|
    +-----------------------------------------------------+------------------------------------------+---------+----+------+------+-----+

    * DSP: 
    N/A

    * Memory: 
    N/A

    * FIFO: 
    N/A

    * Expression: 
    +---------------------------------+----------+----+---+----+------------+------------+
    |          Variable Name          | Operation| DSP| FF| LUT| Bitwidth P0| Bitwidth P1|
    +---------------------------------+----------+----+---+----+------------+------------+
    |add_ln47_fu_533_p2               |         +|   0|  0|  13|          10|           1|
    |add_ln53_fu_565_p2               |         +|   0|  0|  14|           9|           1|
    |icmp_ln15_1_fu_359_p2            |      icmp|   0|  0|  15|           8|           1|
    |icmp_ln15_fu_343_p2              |      icmp|   0|  0|  15|           8|           1|
    |icmp_ln20_fu_365_p2              |      icmp|   0|  0|  23|          16|          10|
    |ap_block_state2_on_subcall_done  |        or|   0|  0|   2|           1|           1|
    |bounded_rule_count_fu_385_p3     |    select|   0|  0|  11|           1|          11|
    +---------------------------------+----------+----+---+----+------------+------------+
    |Total                            |          |   0|  0|  93|          53|          26|
    +---------------------------------+----------+----+---+----+------------+------------+

    * Multiplexer: 
    +-----------------------------------+----+-----------+-----+-----------+
    |                Name               | LUT| Input Size| Bits| Total Bits|
    +-----------------------------------+----+-----------+-----+-----------+
    |ap_NS_fsm                          |  31|          6|    1|          6|
    |ap_phi_mux_retval_0_phi_fu_232_p4  |   9|          2|    1|          2|
    |retval_0_reg_228                   |   9|          2|    1|          2|
    +-----------------------------------+----+-----------+-----+-----------+
    |Total                              |  49|         10|    3|         10|
    +-----------------------------------+----+-----------+-----+-----------+

    * Register: 
    +------------------------------------------------------------------+----+----+-----+-----------+
    |                               Name                               | FF | LUT| Bits| Const Bits|
    +------------------------------------------------------------------+----+----+-----+-----------+
    |add_ln53_reg_857                                                  |   9|   0|    9|          0|
    |ap_CS_fsm                                                         |   5|   0|    5|          0|
    |bounded_rule_count_reg_744                                        |  10|   0|   10|          0|
    |grp_hngac_authorize_Pipeline_1_fu_239_ap_start_reg                |   1|   0|    1|          0|
    |grp_hngac_authorize_Pipeline_2_fu_247_ap_start_reg                |   1|   0|    1|          0|
    |grp_hngac_authorize_Pipeline_3_fu_255_ap_start_reg                |   1|   0|    1|          0|
    |grp_hngac_authorize_Pipeline_4_fu_263_ap_start_reg                |   1|   0|    1|          0|
    |grp_hngac_authorize_Pipeline_5_fu_271_ap_start_reg                |   1|   0|    1|          0|
    |grp_hngac_authorize_Pipeline_6_fu_279_ap_start_reg                |   1|   0|    1|          0|
    |grp_hngac_authorize_Pipeline_VITIS_LOOP_53_1_fu_287_ap_start_reg  |   1|   0|    1|          0|
    |icmp_ln15_1_reg_730                                               |   1|   0|    1|          0|
    |icmp_ln15_reg_726                                                 |   1|   0|    1|          0|
    |retval_0_reg_228                                                  |   1|   0|    1|          0|
    |trunc_ln1_reg_734                                                 |   6|   0|    6|          0|
    |trunc_ln20_reg_739                                                |   6|   0|    6|          0|
    |trunc_ln2_reg_750                                                 |   2|   0|    2|          0|
    |trunc_ln3_reg_755                                                 |   2|   0|    2|          0|
    |trunc_ln4_reg_852                                                 |   9|   0|    9|          0|
    |trunc_ln5_reg_760                                                 |  64|   0|   64|          0|
    |trunc_ln6_reg_765                                                 |  64|   0|   64|          0|
    |trunc_ln7_reg_770                                                 |  64|   0|   64|          0|
    |trunc_ln8_reg_775                                                 |  64|   0|   64|          0|
    +------------------------------------------------------------------+----+----+-----+-----------+
    |Total                                                             | 315|   0|  315|          0|
    +------------------------------------------------------------------+----+----+-----+-----------+



================================================================
== Interface
================================================================
* Summary: 
+-----------------------+-----+------+------------+-----------------+--------------+
|       RTL Ports       | Dir | Bits |  Protocol  |  Source Object  |    C Type    |
+-----------------------+-----+------+------------+-----------------+--------------+
|s_axi_control_AWVALID  |   in|     1|       s_axi|          control|       pointer|
|s_axi_control_AWREADY  |  out|     1|       s_axi|          control|       pointer|
|s_axi_control_AWADDR   |   in|     7|       s_axi|          control|       pointer|
|s_axi_control_WVALID   |   in|     1|       s_axi|          control|       pointer|
|s_axi_control_WREADY   |  out|     1|       s_axi|          control|       pointer|
|s_axi_control_WDATA    |   in|    32|       s_axi|          control|       pointer|
|s_axi_control_WSTRB    |   in|     4|       s_axi|          control|       pointer|
|s_axi_control_ARVALID  |   in|     1|       s_axi|          control|       pointer|
|s_axi_control_ARREADY  |  out|     1|       s_axi|          control|       pointer|
|s_axi_control_ARADDR   |   in|     7|       s_axi|          control|       pointer|
|s_axi_control_RVALID   |  out|     1|       s_axi|          control|       pointer|
|s_axi_control_RREADY   |   in|     1|       s_axi|          control|       pointer|
|s_axi_control_RDATA    |  out|    32|       s_axi|          control|       pointer|
|s_axi_control_RRESP    |  out|     2|       s_axi|          control|       pointer|
|s_axi_control_BVALID   |  out|     1|       s_axi|          control|       pointer|
|s_axi_control_BREADY   |   in|     1|       s_axi|          control|       pointer|
|s_axi_control_BRESP    |  out|     2|       s_axi|          control|       pointer|
|ap_clk                 |   in|     1|  ap_ctrl_hs|  hngac_authorize|  return value|
|ap_rst_n               |   in|     1|  ap_ctrl_hs|  hngac_authorize|  return value|
|interrupt              |  out|     1|  ap_ctrl_hs|  hngac_authorize|  return value|
|policy_Addr_A          |  out|    32|        bram|           policy|         array|
|policy_EN_A            |  out|     1|        bram|           policy|         array|
|policy_WEN_A           |  out|   128|        bram|           policy|         array|
|policy_Din_A           |  out|  1024|        bram|           policy|         array|
|policy_Dout_A          |   in|  1024|        bram|           policy|         array|
|policy_Clk_A           |  out|     1|        bram|           policy|         array|
|policy_Rst_A           |  out|     1|        bram|           policy|         array|
|policy_Addr_B          |  out|    32|        bram|           policy|         array|
|policy_EN_B            |  out|     1|        bram|           policy|         array|
|policy_WEN_B           |  out|   128|        bram|           policy|         array|
|policy_Din_B           |  out|  1024|        bram|           policy|         array|
|policy_Dout_B          |   in|  1024|        bram|           policy|         array|
|policy_Clk_B           |  out|     1|        bram|           policy|         array|
|policy_Rst_B           |  out|     1|        bram|           policy|         array|
+-----------------------+-----+------+------------+-----------------+--------------+

