                             latency        interval
transaction       0:               6              20
transaction       1:              12              26
transaction       2:              12              29
transaction       3:              12              29
transaction       4:              12              32
transaction       5:              10              24
transaction       6:              12              32
transaction       7:               8              22
transaction       8:              12              32
transaction       9:               6              23
transaction      10:               3              17
transaction      11:               3              26
transaction      12:               6              20
transaction      13:               8              28
transaction      14:               6              20
transaction      15:               8              31
transaction      16:               3              20
transaction      17:               6              29
transaction      18:               6              20
transaction      19:               6              29
transaction      20:               8              22
transaction      21:               8              28
transaction      22:               6              20
transaction      23:               6              20
transaction      24:               8              22
transaction      25:               8              28
transaction      26:               6              20
transaction      27:               8              28
transaction      28:               6              20
transaction      29:               8              25
transaction      30:               6              20
transaction      31:               6              20
transaction      32:               8              31
transaction      33:               6              29
transaction      34:            1030               x
