================================================================
== Design Size Report
================================================================

* Total Instructions per Compilation Phase
+---------------+----------------------------+--------------+----------------------------------------------------------------------------------------+
| Phase         | Step                       | Instructions | Description                                                                            |
+---------------+----------------------------+--------------+----------------------------------------------------------------------------------------+
| Compile/Link  |                            | 609          | After all functions are compiled and linked into a single design                       |
|               |                            |              |                                                                                        |
| Unroll/Inline |                            |              | After user unroll and inline pragmas are applied                                       |
|               | (1) unroll                 | 750          | user unroll pragmas are applied                                                        |
|               | (2) simplification         | 553          | simplification of applied user unroll pragmas                                          |
|               | (3) inline                 | 453          | user inline pragmas are applied                                                        |
|               | (4) simplification         | 443          | simplification of applied user inline pragmas                                          |
|               |                            |              |                                                                                        |
| Array/Struct  |                            |              | After user array partition and struct aggregate/disaggregate pragmas are applied       |
|               | (1) array partition        | 376          | user array partition pragmas are applied                                               |
|               | (2) simplification         | 376          | simplification of applied user array partition & struct aggregate/disaggregate pragmas |
|               | (3) aggregate/disaggregate | 454          | user struct aggregate/disaggregate pragmas are applied                                 |
|               | (4) array reshape          | 430          | apply array reshape pragmas                                                            |
|               | (5) access patterns        | 431          | array access pattern optmizations                                                      |
|               |                            |              |                                                                                        |
| Performance   |                            |              | After transformations are applied to meet performance pragma targets                   |
|               | (1) loop simplification    | 341          | loop and instruction simplification                                                    |
|               | (2) parallelization        | 322          | loops are unrolled or pipelined to meet performance targets                            |
|               | (3) array partition        | 436          | arrays are partitioned to meet performance targets                                     |
|               | (4) simplification         | 341          | simplification of design after performance transformations                             |
|               |                            |              |                                                                                        |
| HW Transforms |                            |              | After hardware transfomations                                                          |
|               | (1) lowering               | 346          | initial conversion to HW specific instructions                                         |
|               | (2) optimizations          | 363          | high level synthesis optimizations                                                     |
+---------------+----------------------------+--------------+----------------------------------------------------------------------------------------+

* Instructions per Function for each Compilation Phase
+-------------------+---------------------+---------------+---------------+---------------+-------------+---------------+
| Function          | Location            | Compile/Link  | Unroll/Inline | Array/Struct  | Performance | HW Transforms |
+-------------------+---------------------+---------------+---------------+---------------+-------------+---------------+
| + hngac_authorize | hngac_kernel.cpp:6  | 609           | 443           | 431           | 341         | 363           |
|    PolicyRule     | hngac_types.hpp:34  |  52 (2 calls) |               |               |             |               |
|    operator()     | hngac_kernel.cpp:29 | 374 (2 calls) | 104 (2 calls) | 104 (2 calls) |             |               |
+-------------------+---------------------+---------------+---------------+---------------+-------------+---------------+

* Design Size Message Settings
+---------------------------------------------+--------+------------------------------------------------------------------+
| Message Setting                             | Value  | Description                                                      |
+---------------------------------------------+--------+------------------------------------------------------------------+
| config_compile -design_size_maximum_warning | 100000 | Show a warning when total design instructions exceeds this value |
+---------------------------------------------+--------+------------------------------------------------------------------+


