

================================================================
== Vitis HLS Report for 'hngac_authorize_Pipeline_4'
================================================================
* Date:           Wed Aug  5 16:14:52 2026

* Version:        2025.2 (Build 6295257 on Nov 14 2025)
* Project:        hngac_opt_v1_4d_bench
* Solution:       solution1 (Vivado IP Flow Target)
* Product family: zynq
* Target device:  xc7z020-clg400-1


================================================================
== Performance Estimates
================================================================
+ Timing: 
    * Summary: 
    +--------+----------+----------+------------+
    |  Clock |  Target  | Estimated| Uncertainty|
    +--------+----------+----------+------------+
    |ap_clk  |  10.00 ns|  4.826 ns|     2.70 ns|
    +--------+----------+----------+------------+

+ Latency: 
    * Summary: 
    +---------+---------+-----------+-----------+-----+-----+-------------------+
    |  Latency (cycles) |   Latency (absolute)  |  Interval |      Pipeline     |
    |   min   |   max   |    min    |    max    | min | max |        Type       |
    +---------+---------+-----------+-----------+-----+-----+-------------------+
    |        6|        6|  60.000 ns|  60.000 ns|    0|    0|  loop pipeline stp|
    +---------+---------+-----------+-----------+-----+-----+-------------------+

    + Detail: 
        * Instance: 
        N/A

        * Loop: 
        +----------+---------+---------+----------+-----------+-----------+------+----------+
        |          |  Latency (cycles) | Iteration|  Initiation Interval  | Trip |          |
        | Loop Name|   min   |   max   |  Latency |  achieved |   target  | Count| Pipelined|
        +----------+---------+---------+----------+-----------+-----------+------+----------+
        |- Loop 1  |        4|        4|         1|          1|          1|     4|       yes|
        +----------+---------+---------+----------+-----------+-----------+------+----------+



================================================================
== Utilization Estimates
================================================================
* Summary: 
+-----------------+---------+-----+--------+-------+-----+
|       Name      | BRAM_18K| DSP |   FF   |  LUT  | URAM|
+-----------------+---------+-----+--------+-------+-----+
|DSP              |        -|    -|       -|      -|    -|
|Expression       |        -|    -|       0|     24|    -|
|FIFO             |        -|    -|       -|      -|    -|
|Instance         |        -|    -|       -|      -|    -|
|Memory           |        -|    -|       -|      -|    -|
|Multiplexer      |        -|    -|       0|     27|    -|
|Register         |        -|    -|       5|      -|    -|
+-----------------+---------+-----+--------+-------+-----+
|Total            |        0|    0|       5|     51|    0|
+-----------------+---------+-----+--------+-------+-----+
|Available        |      280|  220|  106400|  53200|    0|
+-----------------+---------+-----+--------+-------+-----+
|Utilization (%)  |        0|    0|      ~0|     ~0|    0|
+-----------------+---------+-----+--------+-------+-----+

+ Detail: 
    * Instance: 
    N/A

    * DSP: 
    N/A

    * Memory: 
    N/A

    * FIFO: 
    N/A

    * Expression: 
    +--------------------------+----------+----+---+----+------------+------------+
    |       Variable Name      | Operation| DSP| FF| LUT| Bitwidth P0| Bitwidth P1|
    +--------------------------+----------+----+---+----+------------+------------+
    |empty_24_fu_100_p2        |         +|   0|  0|  11|           3|           1|
    |exitcond2_i1954_fu_94_p2  |      icmp|   0|  0|  13|           3|           4|
    +--------------------------+----------+----+---+----+------------+------------+
    |Total                     |          |   0|  0|  24|           6|           5|
    +--------------------------+----------+----+---+----+------------+------------+

    * Multiplexer: 
    +-------------------------+----+-----------+-----+-----------+
    |           Name          | LUT| Input Size| Bits| Total Bits|
    +-------------------------+----+-----------+-----+-----------+
    |ap_done_int              |   9|          2|    1|          2|
    |ap_sig_allocacmp_p_load  |   9|          2|    3|          6|
    |empty_fu_38              |   9|          2|    3|          6|
    +-------------------------+----+-----------+-----+-----------+
    |Total                    |  27|          6|    7|         14|
    +-------------------------+----+-----------+-----+-----------+

    * Register: 
    +-------------+---+----+-----+-----------+
    |     Name    | FF| LUT| Bits| Const Bits|
    +-------------+---+----+-----+-----------+
    |ap_CS_fsm    |  1|   0|    1|          0|
    |ap_done_reg  |  1|   0|    1|          0|
    |empty_fu_38  |  3|   0|    3|          0|
    +-------------+---+----+-----+-----------+
    |Total        |  5|   0|    5|          0|
    +-------------+---+----+-----+-----------+



================================================================
== Interface
================================================================
* Summary: 
+----------------------------------+-----+-----+------------+----------------------------+--------------+
|             RTL Ports            | Dir | Bits|  Protocol  |        Source Object       |    C Type    |
+----------------------------------+-----+-----+------------+----------------------------+--------------+
|ap_clk                            |   in|    1|  ap_ctrl_hs|  hngac_authorize_Pipeline_4|  return value|
|ap_rst                            |   in|    1|  ap_ctrl_hs|  hngac_authorize_Pipeline_4|  return value|
|ap_start                          |   in|    1|  ap_ctrl_hs|  hngac_authorize_Pipeline_4|  return value|
|ap_done                           |  out|    1|  ap_ctrl_hs|  hngac_authorize_Pipeline_4|  return value|
|ap_idle                           |  out|    1|  ap_ctrl_hs|  hngac_authorize_Pipeline_4|  return value|
|ap_ready                          |  out|    1|  ap_ctrl_hs|  hngac_authorize_Pipeline_4|  return value|
|rule_b_reg_subjects_3_out         |  out|   64|      ap_vld|   rule_b_reg_subjects_3_out|       pointer|
|rule_b_reg_subjects_3_out_ap_vld  |  out|    1|      ap_vld|   rule_b_reg_subjects_3_out|       pointer|
|rule_b_reg_subjects_2_out         |  out|   64|      ap_vld|   rule_b_reg_subjects_2_out|       pointer|
|rule_b_reg_subjects_2_out_ap_vld  |  out|    1|      ap_vld|   rule_b_reg_subjects_2_out|       pointer|
|rule_b_reg_subjects_1_out         |  out|   64|      ap_vld|   rule_b_reg_subjects_1_out|       pointer|
|rule_b_reg_subjects_1_out_ap_vld  |  out|    1|      ap_vld|   rule_b_reg_subjects_1_out|       pointer|
|rule_b_reg_subjects_out           |  out|   64|      ap_vld|     rule_b_reg_subjects_out|       pointer|
|rule_b_reg_subjects_out_ap_vld    |  out|    1|      ap_vld|     rule_b_reg_subjects_out|       pointer|
+----------------------------------+-----+-----+------------+----------------------------+--------------+

