

================================================================
== Vitis HLS Report for 'hngac_authorize_Pipeline_VITIS_LOOP_54_1'
================================================================
* Date:           Wed Aug  5 16:14:53 2026

* Version:        2025.2 (Build 6295257 on Nov 14 2025)
* Project:        hngac_opt_v1_4d_bench
* Solution:       solution1 (Vivado IP Flow Target)
* Product family: zynq
* Target device:  xc7z020-clg400-1


================================================================
== Performance Estimates
================================================================
+ Timing: 
    * Summary: 
    +--------+----------+----------+------------+
    |  Clock |  Target  | Estimated| Uncertainty|
    +--------+----------+----------+------------+
    |ap_clk  |  10.00 ns|  5.476 ns|     2.70 ns|
    +--------+----------+----------+------------+

+ Latency: 
    * Summary: 
    +---------+---------+-----------+----------+-----+-----+-------------------+
    |  Latency (cycles) |  Latency (absolute)  |  Interval |      Pipeline     |
    |   min   |   max   |    min    |    max   | min | max |        Type       |
    +---------+---------+-----------+----------+-----+-----+-------------------+
    |        4|      260|  40.000 ns|  2.600 us|    0|    0|  loop pipeline stp|
    +---------+---------+-----------+----------+-----+-----+-------------------+

    + Detail: 
        * Instance: 
        N/A

        * Loop: 
        +-------------------+---------+---------+----------+-----------+-----------+---------+----------+
        |                   |  Latency (cycles) | Iteration|  Initiation Interval  |   Trip  |          |
        |     Loop Name     |   min   |   max   |  Latency |  achieved |   target  |  Count  | Pipelined|
        +-------------------+---------+---------+----------+-----------+-----------+---------+----------+
        |- VITIS_LOOP_54_1  |        2|      258|         3|          1|          1|  1 ~ 257|       yes|
        +-------------------+---------+---------+----------+-----------+-----------+---------+----------+



================================================================
== Utilization Estimates
================================================================
* Summary: 
+-----------------+---------+-----+--------+-------+-----+
|       Name      | BRAM_18K| DSP |   FF   |  LUT  | URAM|
+-----------------+---------+-----+--------+-------+-----+
|DSP              |        -|    -|       -|      -|    -|
|Expression       |        -|    -|       0|   2393|    -|
|FIFO             |        -|    -|       -|      -|    -|
|Instance         |        -|    -|       0|    245|    -|
|Memory           |        -|    -|       -|      -|    -|
|Multiplexer      |        -|    -|       0|    288|    -|
|Register         |        -|    -|    1625|      -|    -|
+-----------------+---------+-----+--------+-------+-----+
|Total            |        0|    0|    1625|   2926|    0|
+-----------------+---------+-----+--------+-------+-----+
|Available        |      280|  220|  106400|  53200|    0|
+-----------------+---------+-----+--------+-------+-----+
|Utilization (%)  |        0|    0|       1|      5|    0|
+-----------------+---------+-----+--------+-------+-----+

+ Detail: 
    * Instance: 
    +----------------------------------+------------------------------+---------+----+---+----+-----+
    |             Instance             |            Module            | BRAM_18K| DSP| FF| LUT| URAM|
    +----------------------------------+------------------------------+---------+----+---+----+-----+
    |bitselect_1ns_64ns_6ns_1_1_1_U27  |bitselect_1ns_64ns_6ns_1_1_1  |        0|   0|  0|  17|    0|
    |bitselect_1ns_64ns_6ns_1_1_1_U28  |bitselect_1ns_64ns_6ns_1_1_1  |        0|   0|  0|  17|    0|
    |sparsemux_7_2_32_1_1_U43          |sparsemux_7_2_32_1_1          |        0|   0|  0|   9|    0|
    |sparsemux_7_2_64_1_1_U31          |sparsemux_7_2_64_1_1          |        0|   0|  0|   9|    0|
    |sparsemux_7_2_64_1_1_U32          |sparsemux_7_2_64_1_1          |        0|   0|  0|   9|    0|
    |sparsemux_7_2_64_1_1_U33          |sparsemux_7_2_64_1_1          |        0|   0|  0|   9|    0|
    |sparsemux_7_2_64_1_1_U34          |sparsemux_7_2_64_1_1          |        0|   0|  0|   9|    0|
    |sparsemux_7_2_64_1_1_U35          |sparsemux_7_2_64_1_1          |        0|   0|  0|   9|    0|
    |sparsemux_7_2_64_1_1_U36          |sparsemux_7_2_64_1_1          |        0|   0|  0|   9|    0|
    |sparsemux_7_2_64_1_1_U37          |sparsemux_7_2_64_1_1          |        0|   0|  0|   9|    0|
    |sparsemux_7_2_64_1_1_U38          |sparsemux_7_2_64_1_1          |        0|   0|  0|   9|    0|
    |sparsemux_7_2_64_1_1_U39          |sparsemux_7_2_64_1_1          |        0|   0|  0|   9|    0|
    |sparsemux_7_2_64_1_1_U40          |sparsemux_7_2_64_1_1          |        0|   0|  0|   9|    0|
    |sparsemux_7_2_64_1_1_U41          |sparsemux_7_2_64_1_1          |        0|   0|  0|   9|    0|
    |sparsemux_7_2_64_1_1_U42          |sparsemux_7_2_64_1_1          |        0|   0|  0|   9|    0|
    |sparsemux_9_2_64_1_1_U25          |sparsemux_9_2_64_1_1          |        0|   0|  0|  20|    0|
    |sparsemux_9_2_64_1_1_U26          |sparsemux_9_2_64_1_1          |        0|   0|  0|  20|    0|
    |sparsemux_9_2_64_1_1_U29          |sparsemux_9_2_64_1_1          |        0|   0|  0|  20|    0|
    |sparsemux_9_2_64_1_1_U30          |sparsemux_9_2_64_1_1          |        0|   0|  0|  20|    0|
    |sparsemux_9_3_1_1_1_U44           |sparsemux_9_3_1_1_1           |        0|   0|  0|  14|    0|
    +----------------------------------+------------------------------+---------+----+---+----+-----+
    |Total                             |                              |        0|   0|  0| 245|    0|
    +----------------------------------+------------------------------+---------+----+---+----+-----+

    * DSP: 
    N/A

    * Memory: 
    N/A

    * FIFO: 
    N/A

    * Expression: 
    +--------------------------------------------+----------+----+---+----+------------+------------+
    |                Variable Name               | Operation| DSP| FF| LUT| Bitwidth P0| Bitwidth P1|
    +--------------------------------------------+----------+----+---+----+------------+------------+
    |add_ln54_1_fu_757_p2                        |         +|   0|  0|  14|           9|           1|
    |and_ln31_fu_1052_p2                         |       and|   0|  0|  64|          64|          64|
    |and_ln32_fu_1086_p2                         |       and|   0|  0|  64|          64|          64|
    |and_ln34_1_fu_958_p2                        |       and|   0|  0|   2|           1|           1|
    |and_ln34_2_fu_964_p2                        |       and|   0|  0|   2|           1|           1|
    |and_ln34_3_fu_1097_p2                       |       and|   0|  0|  64|          64|          64|
    |and_ln34_4_fu_1127_p2                       |       and|   0|  0|   2|           1|           1|
    |and_ln34_5_fu_1133_p2                       |       and|   0|  0|   2|           1|           1|
    |and_ln34_fu_928_p2                          |       and|   0|  0|  64|          64|          64|
    |and_ln35_1_fu_1107_p2                       |       and|   0|  0|  64|          64|          64|
    |and_ln35_fu_938_p2                          |       and|   0|  0|  64|          64|          64|
    |and_ln36_1_fu_1117_p2                       |       and|   0|  0|  64|          64|          64|
    |and_ln36_fu_948_p2                          |       and|   0|  0|  64|          64|          64|
    |and_ln37_1_fu_1139_p2                       |       and|   0|  0|  64|          64|          64|
    |and_ln37_fu_970_p2                          |       and|   0|  0|  64|          64|          64|
    |and_ln38_1_fu_1155_p2                       |       and|   0|  0|  32|          32|          32|
    |and_ln38_fu_986_p2                          |       and|   0|  0|  32|          32|          32|
    |and_ln39_1_fu_1962_p2                       |       and|   0|  0|   2|           1|           1|
    |and_ln39_2_fu_1968_p2                       |       and|   0|  0|   2|           1|           1|
    |and_ln39_fu_1166_p2                         |       and|   0|  0|   2|           1|           1|
    |and_ln59_fu_1946_p2                         |       and|   0|  0|   2|           1|           1|
    |and_ln60_1_fu_1011_p2                       |       and|   0|  0|   2|           1|           1|
    |and_ln60_2_fu_1017_p2                       |       and|   0|  0|   2|           1|           1|
    |and_ln60_3_fu_1952_p2                       |       and|   0|  0|   2|           1|           1|
    |and_ln60_fu_1023_p2                         |       and|   0|  0|   2|           1|           1|
    |and_ln71_fu_1420_p2                         |       and|   0|  0|   2|           1|           1|
    |attr_ok_1_fu_1149_p2                        |       and|   0|  0|   2|           1|           1|
    |attr_ok_fu_980_p2                           |       and|   0|  0|   2|           1|           1|
    |icmp_ln34_1_fu_1102_p2                      |      icmp|   0|  0|  71|          64|          64|
    |icmp_ln34_fu_933_p2                         |      icmp|   0|  0|  71|          64|          64|
    |icmp_ln35_1_fu_1112_p2                      |      icmp|   0|  0|  71|          64|          64|
    |icmp_ln35_fu_943_p2                         |      icmp|   0|  0|  71|          64|          64|
    |icmp_ln36_1_fu_1122_p2                      |      icmp|   0|  0|  71|          64|          64|
    |icmp_ln36_fu_953_p2                         |      icmp|   0|  0|  71|          64|          64|
    |icmp_ln37_1_fu_1144_p2                      |      icmp|   0|  0|  71|          64|          64|
    |icmp_ln37_fu_975_p2                         |      icmp|   0|  0|  71|          64|          64|
    |icmp_ln54_fu_751_p2                         |      icmp|   0|  0|  14|           9|           9|
    |icmp_ln71_fu_788_p2                         |      icmp|   0|  0|  13|          10|          10|
    |obj_ok_fu_1091_p2                           |      icmp|   0|  0|  71|          64|           1|
    |stage1_valid_1_fu_763_p2                    |      icmp|   0|  0|  14|           9|           9|
    |state_ok_1_fu_1160_p2                       |      icmp|   0|  0|  39|          32|          32|
    |state_ok_fu_991_p2                          |      icmp|   0|  0|  39|          32|          32|
    |subj_ok_fu_1057_p2                          |      icmp|   0|  0|  71|          64|           1|
    |found_1_fu_1984_p2                          |        or|   0|  0|   2|           1|           1|
    |or_ln39_fu_1936_p2                          |        or|   0|  0|   2|           1|           1|
    |or_ln59_fu_1924_p2                          |        or|   0|  0|   2|           1|           1|
    |rule_a_reg_attributes_10_fu_1691_p3         |    select|   0|  0|  64|           1|          64|
    |rule_a_reg_attributes_11_fu_1698_p3         |    select|   0|  0|  64|           1|          64|
    |rule_a_reg_attributes_8_fu_1677_p3          |    select|   0|  0|  64|           1|          64|
    |rule_a_reg_attributes_9_fu_1684_p3          |    select|   0|  0|  64|           1|          64|
    |rule_a_reg_objects_10_fu_1719_p3            |    select|   0|  0|  64|           1|          64|
    |rule_a_reg_objects_11_fu_1726_p3            |    select|   0|  0|  64|           1|          64|
    |rule_a_reg_objects_8_fu_1705_p3             |    select|   0|  0|  64|           1|          64|
    |rule_a_reg_objects_9_fu_1712_p3             |    select|   0|  0|  64|           1|          64|
    |rule_a_reg_required_states_val5_fu_1781_p3  |    select|   0|  0|  32|           1|          32|
    |rule_a_reg_subjects_10_fu_1747_p3           |    select|   0|  0|  64|           1|          64|
    |rule_a_reg_subjects_11_fu_1754_p3           |    select|   0|  0|  64|           1|          64|
    |rule_a_reg_subjects_8_fu_1733_p3            |    select|   0|  0|  64|           1|          64|
    |rule_a_reg_subjects_9_fu_1740_p3            |    select|   0|  0|  64|           1|          64|
    |ap_enable_pp0                               |       xor|   0|  0|   2|           1|           2|
    |xor_ln59_1_fu_1940_p2                       |       xor|   0|  0|   2|           1|           2|
    |xor_ln59_fu_1918_p2                         |       xor|   0|  0|   2|           1|           2|
    |xor_ln60_fu_1957_p2                         |       xor|   0|  0|   2|           2|           1|
    |xor_ln68_fu_1424_p2                         |       xor|   0|  0|   2|           1|           2|
    +--------------------------------------------+----------+----+---+----+------------+------------+
    |Total                                       |          |   0|  0|2393|        1482|        2138|
    +--------------------------------------------+----------+----+---+----+------------+------------+

    * Multiplexer: 
    +----------------------------------------+----+-----------+-----+-----------+
    |                  Name                  | LUT| Input Size| Bits| Total Bits|
    +----------------------------------------+----+-----------+-----+-----------+
    |ap_done_int                             |   9|          2|    1|          2|
    |ap_enable_reg_pp0_iter2                 |   9|          2|    1|          2|
    |ap_sig_allocacmp_p_1                    |   9|          2|    9|         18|
    |found_reg_588                           |   9|          2|    1|          2|
    |p_fu_220                                |   9|          2|    9|         18|
    |rule_a_reg_attributes_1_fu_268          |   9|          2|   64|        128|
    |rule_a_reg_attributes_2_fu_272          |   9|          2|   64|        128|
    |rule_a_reg_attributes_3_fu_276          |   9|          2|   64|        128|
    |rule_a_reg_attributes_fu_264            |   9|          2|   64|        128|
    |rule_a_reg_objects_1_fu_252             |   9|          2|   64|        128|
    |rule_a_reg_objects_2_fu_256             |   9|          2|   64|        128|
    |rule_a_reg_objects_3_fu_260             |   9|          2|   64|        128|
    |rule_a_reg_objects_fu_248               |   9|          2|   64|        128|
    |rule_a_reg_required_states_val6_fu_224  |   9|          2|   32|         64|
    |rule_a_reg_subjects_1_fu_236            |   9|          2|   64|        128|
    |rule_a_reg_subjects_2_fu_240            |   9|          2|   64|        128|
    |rule_a_reg_subjects_3_fu_244            |   9|          2|   64|        128|
    |rule_a_reg_subjects_fu_232              |   9|          2|   64|        128|
    |rule_b_reg_attributes_1_fu_316          |   9|          2|   64|        128|
    |rule_b_reg_attributes_2_fu_320          |   9|          2|   64|        128|
    |rule_b_reg_attributes_3_fu_324          |   9|          2|   64|        128|
    |rule_b_reg_attributes_fu_312            |   9|          2|   64|        128|
    |rule_b_reg_objects_1_fu_300             |   9|          2|   64|        128|
    |rule_b_reg_objects_2_fu_304             |   9|          2|   64|        128|
    |rule_b_reg_objects_3_fu_308             |   9|          2|   64|        128|
    |rule_b_reg_objects_fu_296               |   9|          2|   64|        128|
    |rule_b_reg_required_states_val8_fu_228  |   9|          2|   32|         64|
    |rule_b_reg_subjects_1_fu_284            |   9|          2|   64|        128|
    |rule_b_reg_subjects_2_fu_288            |   9|          2|   64|        128|
    |rule_b_reg_subjects_3_fu_292            |   9|          2|   64|        128|
    |rule_b_reg_subjects_fu_280              |   9|          2|   64|        128|
    |stage1_valid_reg_601                    |   9|          2|    1|          2|
    +----------------------------------------+----+-----------+-----+-----------+
    |Total                                   | 288|         64| 1622|       3244|
    +----------------------------------------+----+-----------+-----+-----------+

    * Register: 
    +----------------------------------------+----+----+-----+-----------+
    |                  Name                  | FF | LUT| Bits| Const Bits|
    +----------------------------------------+----+----+-----+-----------+
    |and_ln39_reg_2321                       |   1|   0|    1|          0|
    |and_ln60_reg_2305                       |   1|   0|    1|          0|
    |ap_CS_fsm                               |   1|   0|    1|          0|
    |ap_done_reg                             |   1|   0|    1|          0|
    |ap_enable_reg_pp0_iter1                 |   1|   0|    1|          0|
    |ap_enable_reg_pp0_iter2                 |   1|   0|    1|          0|
    |ap_loop_exit_ready_pp0_iter1_reg        |   1|   0|    1|          0|
    |found_reg_588                           |   1|   0|    1|          0|
    |icmp_ln54_reg_2266                      |   1|   0|    1|          0|
    |icmp_ln54_reg_2266_pp0_iter1_reg        |   1|   0|    1|          0|
    |icmp_ln71_reg_2295                      |   1|   0|    1|          0|
    |obj_ok_reg_2316                         |   1|   0|    1|          0|
    |p_fu_220                                |   9|   0|    9|          0|
    |rule_a_reg_attributes_1_fu_268          |  64|   0|   64|          0|
    |rule_a_reg_attributes_2_fu_272          |  64|   0|   64|          0|
    |rule_a_reg_attributes_3_fu_276          |  64|   0|   64|          0|
    |rule_a_reg_attributes_fu_264            |  64|   0|   64|          0|
    |rule_a_reg_objects_1_fu_252             |  64|   0|   64|          0|
    |rule_a_reg_objects_2_fu_256             |  64|   0|   64|          0|
    |rule_a_reg_objects_3_fu_260             |  64|   0|   64|          0|
    |rule_a_reg_objects_fu_248               |  64|   0|   64|          0|
    |rule_a_reg_required_states_val6_fu_224  |  32|   0|   32|          0|
    |rule_a_reg_subjects_1_fu_236            |  64|   0|   64|          0|
    |rule_a_reg_subjects_2_fu_240            |  64|   0|   64|          0|
    |rule_a_reg_subjects_3_fu_244            |  64|   0|   64|          0|
    |rule_a_reg_subjects_fu_232              |  64|   0|   64|          0|
    |rule_b_reg_attributes_1_fu_316          |  64|   0|   64|          0|
    |rule_b_reg_attributes_2_fu_320          |  64|   0|   64|          0|
    |rule_b_reg_attributes_3_fu_324          |  64|   0|   64|          0|
    |rule_b_reg_attributes_fu_312            |  64|   0|   64|          0|
    |rule_b_reg_objects_1_fu_300             |  64|   0|   64|          0|
    |rule_b_reg_objects_2_fu_304             |  64|   0|   64|          0|
    |rule_b_reg_objects_3_fu_308             |  64|   0|   64|          0|
    |rule_b_reg_objects_fu_296               |  64|   0|   64|          0|
    |rule_b_reg_required_states_val8_fu_228  |  32|   0|   32|          0|
    |rule_b_reg_subjects_1_fu_284            |  64|   0|   64|          0|
    |rule_b_reg_subjects_2_fu_288            |  64|   0|   64|          0|
    |rule_b_reg_subjects_3_fu_292            |  64|   0|   64|          0|
    |rule_b_reg_subjects_fu_280              |  64|   0|   64|          0|
    |stage1_valid_1_reg_2270                 |   1|   0|    1|          0|
    |stage1_valid_1_reg_2270_pp0_iter1_reg   |   1|   0|    1|          0|
    |stage1_valid_reg_601                    |   1|   0|    1|          0|
    |subj_ok_reg_2311                        |   1|   0|    1|          0|
    +----------------------------------------+----+----+-----+-----------+
    |Total                                   |1625|   0| 1625|          0|
    +----------------------------------------+----+----+-----+-----------+



================================================================
== Interface
================================================================
* Summary: 
+--------------------------------+-----+------+------------+------------------------------------------+--------------+
|            RTL Ports           | Dir | Bits |  Protocol  |               Source Object              |    C Type    |
+--------------------------------+-----+------+------------+------------------------------------------+--------------+
|ap_clk                          |   in|     1|  ap_ctrl_hs|  hngac_authorize_Pipeline_VITIS_LOOP_54_1|  return value|
|ap_rst                          |   in|     1|  ap_ctrl_hs|  hngac_authorize_Pipeline_VITIS_LOOP_54_1|  return value|
|ap_start                        |   in|     1|  ap_ctrl_hs|  hngac_authorize_Pipeline_VITIS_LOOP_54_1|  return value|
|ap_done                         |  out|     1|  ap_ctrl_hs|  hngac_authorize_Pipeline_VITIS_LOOP_54_1|  return value|
|ap_idle                         |  out|     1|  ap_ctrl_hs|  hngac_authorize_Pipeline_VITIS_LOOP_54_1|  return value|
|ap_ready                        |  out|     1|  ap_ctrl_hs|  hngac_authorize_Pipeline_VITIS_LOOP_54_1|  return value|
|rule_b_reg_attributes_3_reload  |   in|    64|     ap_none|            rule_b_reg_attributes_3_reload|        scalar|
|rule_b_reg_attributes_2_reload  |   in|    64|     ap_none|            rule_b_reg_attributes_2_reload|        scalar|
|rule_b_reg_attributes_1_reload  |   in|    64|     ap_none|            rule_b_reg_attributes_1_reload|        scalar|
|rule_b_reg_attributes_reload    |   in|    64|     ap_none|              rule_b_reg_attributes_reload|        scalar|
|rule_b_reg_objects_3_reload     |   in|    64|     ap_none|               rule_b_reg_objects_3_reload|        scalar|
|rule_b_reg_objects_2_reload     |   in|    64|     ap_none|               rule_b_reg_objects_2_reload|        scalar|
|rule_b_reg_objects_1_reload     |   in|    64|     ap_none|               rule_b_reg_objects_1_reload|        scalar|
|rule_b_reg_objects_reload       |   in|    64|     ap_none|                 rule_b_reg_objects_reload|        scalar|
|rule_b_reg_subjects_3_reload    |   in|    64|     ap_none|              rule_b_reg_subjects_3_reload|        scalar|
|rule_b_reg_subjects_2_reload    |   in|    64|     ap_none|              rule_b_reg_subjects_2_reload|        scalar|
|rule_b_reg_subjects_1_reload    |   in|    64|     ap_none|              rule_b_reg_subjects_1_reload|        scalar|
|rule_b_reg_subjects_reload      |   in|    64|     ap_none|                rule_b_reg_subjects_reload|        scalar|
|rule_a_reg_attributes_3_reload  |   in|    64|     ap_none|            rule_a_reg_attributes_3_reload|        scalar|
|rule_a_reg_attributes_2_reload  |   in|    64|     ap_none|            rule_a_reg_attributes_2_reload|        scalar|
|rule_a_reg_attributes_1_reload  |   in|    64|     ap_none|            rule_a_reg_attributes_1_reload|        scalar|
|rule_a_reg_attributes_reload    |   in|    64|     ap_none|              rule_a_reg_attributes_reload|        scalar|
|rule_a_reg_objects_3_reload     |   in|    64|     ap_none|               rule_a_reg_objects_3_reload|        scalar|
|rule_a_reg_objects_2_reload     |   in|    64|     ap_none|               rule_a_reg_objects_2_reload|        scalar|
|rule_a_reg_objects_1_reload     |   in|    64|     ap_none|               rule_a_reg_objects_1_reload|        scalar|
|rule_a_reg_objects_reload       |   in|    64|     ap_none|                 rule_a_reg_objects_reload|        scalar|
|rule_a_reg_subjects_3_reload    |   in|    64|     ap_none|              rule_a_reg_subjects_3_reload|        scalar|
|rule_a_reg_subjects_2_reload    |   in|    64|     ap_none|              rule_a_reg_subjects_2_reload|        scalar|
|rule_a_reg_subjects_1_reload    |   in|    64|     ap_none|              rule_a_reg_subjects_1_reload|        scalar|
|rule_a_reg_subjects_reload      |   in|    64|     ap_none|                rule_a_reg_subjects_reload|        scalar|
|add_ln54                        |   in|     9|     ap_none|                                  add_ln54|        scalar|
|trunc_ln3                       |   in|     2|     ap_none|                                 trunc_ln3|        scalar|
|trunc_ln2                       |   in|     2|     ap_none|                                 trunc_ln2|        scalar|
|trunc_ln5                       |   in|    64|     ap_none|                                 trunc_ln5|        scalar|
|trunc_ln6                       |   in|    64|     ap_none|                                 trunc_ln6|        scalar|
|trunc_ln8                       |   in|    64|     ap_none|                                 trunc_ln8|        scalar|
|trunc_ln9                       |   in|    64|     ap_none|                                 trunc_ln9|        scalar|
|trunc_ln7                       |   in|    32|     ap_none|                                 trunc_ln7|        scalar|
|empty                           |   in|     6|     ap_none|                                     empty|        scalar|
|trunc_ln1                       |   in|     6|     ap_none|                                 trunc_ln1|        scalar|
|subj_mask                       |   in|    64|     ap_none|                                 subj_mask|        scalar|
|obj_mask                        |   in|    64|     ap_none|                                  obj_mask|        scalar|
|trunc_ln4                       |   in|     9|     ap_none|                                 trunc_ln4|        scalar|
|policy_Addr_A                   |  out|    32|        bram|                                    policy|         array|
|policy_EN_A                     |  out|     1|        bram|                                    policy|         array|
|policy_WEN_A                    |  out|   128|        bram|                                    policy|         array|
|policy_Din_A                    |  out|  1024|        bram|                                    policy|         array|
|policy_Dout_A                   |   in|  1024|        bram|                                    policy|         array|
|policy_Addr_B                   |  out|    32|        bram|                                    policy|         array|
|policy_EN_B                     |  out|     1|        bram|                                    policy|         array|
|policy_WEN_B                    |  out|   128|        bram|                                    policy|         array|
|policy_Din_B                    |  out|  1024|        bram|                                    policy|         array|
|policy_Dout_B                   |   in|  1024|        bram|                                    policy|         array|
|bounded_rule_count              |   in|    10|     ap_none|                        bounded_rule_count|        scalar|
|found_out                       |  out|     1|      ap_vld|                                 found_out|       pointer|
|found_out_ap_vld                |  out|     1|      ap_vld|                                 found_out|       pointer|
+--------------------------------+-----+------+------------+------------------------------------------+--------------+

